#
# There is insufficient memory for the Java Runtime Environment to continue.
# Native memory allocation (malloc) failed to allocate 1048576 bytes. Error detail: AllocateHeap
# Possible reasons:
#   The system is out of physical RAM or swap space
#   This process is running with CompressedOops enabled, and the Java Heap may be blocking the growth of the native heap
# Possible solutions:
#   Reduce memory load on the system
#   Increase physical memory or swap space
#   Check if swap backing store is full
#   Decrease Java heap size (-Xmx/-Xms)
#   Decrease number of Java threads
#   Decrease Java thread stack sizes (-Xss)
#   Set larger code cache with -XX:ReservedCodeCacheSize=
#   JVM is running with Unscaled Compressed Oops mode in which the Java heap is
#     placed in the first 4GB address space. The Java Heap base address is the
#     maximum limit for the native heap growth. Please use -XX:HeapBaseMinAddress
#     to set the Java Heap base and to place the Java Heap above 4GB virtual address.
# This output file may be truncated or incomplete.
#
#  Out of Memory Error (allocation.cpp:44), pid=24508, tid=15912
#
# JRE version: OpenJDK Runtime Environment Temurin-21.0.11+10 (21.0.11+10) (build 21.0.11+10-LTS)
# Java VM: OpenJDK 64-Bit Server VM Temurin-21.0.11+10 (21.0.11+10-LTS, mixed mode, sharing, tiered, compressed oops, compressed class ptrs, parallel gc, windows-amd64)
# No core dump will be written. Minidumps are not enabled by default on client versions of Windows
#

---------------  S U M M A R Y ------------

Command Line: --add-modules=ALL-SYSTEM --add-opens=java.base/java.util=ALL-UNNAMED --add-opens=java.base/java.lang=ALL-UNNAMED --add-opens=java.base/sun.nio.fs=ALL-UNNAMED -Declipse.application=org.eclipse.jdt.ls.core.id1 -Dosgi.bundles.defaultStartLevel=4 -Declipse.product=org.eclipse.jdt.ls.core.product -Djava.import.generatesMetadataFilesAtProjectRoot=false -DDetectVMInstallationsJob.disabled=true -Dfile.encoding=utf8 -XX:+UseParallelGC -XX:GCTimeRatio=4 -XX:AdaptiveSizePolicyWeight=90 -Dsun.zip.disableMemoryMapping=true -Xmx2G -Xms100m -Xlog:disable -javaagent:c:\Users\kumar\.vscode\extensions\redhat.java-1.55.0-win32-x64\lombok\lombok-1.18.39-4050.jar -XX:+HeapDumpOnOutOfMemoryError -XX:HeapDumpPath=c:\Users\kumar\AppData\Roaming\Code\User\workspaceStorage\34eab81abe4cf9b9b14716ff9f35c11f\redhat.java -Daether.dependencyCollector.impl=bf c:\Users\kumar\.vscode\extensions\redhat.java-1.55.0-win32-x64\server\plugins\org.eclipse.equinox.launcher_1.7.200.v20260619-2039.jar -configuration c:\Users\kumar\AppData\Roaming\Code\User\globalStorage\redhat.java\1.55.0\config_win -data c:\Users\kumar\AppData\Roaming\Code\User\workspaceStorage\34eab81abe4cf9b9b14716ff9f35c11f\redhat.java\jdt_ws --pipe=\\.\pipe\lsp-e14ebe84b9fce1864cb638ac7b2ee0e0-sock

Host: 13th Gen Intel(R) Core(TM) i5-1340P, 16 cores, 15G,  Windows 11 , 64 bit Build 26100 (10.0.26100.8521)
Time: Sat Jul  4 12:19:56 2026 India Standard Time elapsed time: 1439.338298 seconds (0d 0h 23m 59s)

---------------  T H R E A D  ---------------

Current thread (0x0000015fa7145410):  JavaThread "Attach Listener" daemon [_thread_in_vm, id=15912, stack(0x0000002398400000,0x0000002398500000) (1024K)]

Stack: [0x0000002398400000,0x0000002398500000]
Native frames: (J=compiled Java code, j=interpreted, Vv=VM code, C=native code)
V  [jvm.dll+0x6d7e19]
V  [jvm.dll+0x8b5096]
V  [jvm.dll+0x8b764e]
V  [jvm.dll+0x8b7d33]
V  [jvm.dll+0x284596]
V  [jvm.dll+0xc13c7]
V  [jvm.dll+0x6d86c9]
V  [jvm.dll+0x133616]
V  [jvm.dll+0x3f868e]
V  [jvm.dll+0x85fb0d]
V  [jvm.dll+0x6d664d]
C  [ucrtbase.dll+0x2cd30]
C  [KERNEL32.DLL+0x2e957]
C  [ntdll.dll+0x87c1c]


---------------  P R O C E S S  ---------------

Threads class SMR info:
_java_thread_list=0x0000015f8aa34020, length=43, elements={
0x0000015fa709bc50, 0x0000015fa704e890, 0x0000015fa7141cf0, 0x0000015fa7144400,
0x0000015fa7145410, 0x0000015fa714b560, 0x0000015fa714acc0, 0x0000015fa7158740,
0x0000015f80084f90, 0x0000015f8023ceb0, 0x0000015f817bfb70, 0x0000015f864b1c20,
0x0000015f81ebd0a0, 0x0000015f8644aed0, 0x0000015f8644b910, 0x0000015f8657a8a0,
0x0000015f86a303a0, 0x0000015f86d4ddd0, 0x0000015f86d4f810, 0x0000015f86d50bc0,
0x0000015f86d4eaf0, 0x0000015f86d4e460, 0x0000015f86e3ac70, 0x0000015f86e3c020,
0x0000015f86e3c6b0, 0x0000015f86e39230, 0x0000015f86e398c0, 0x0000015f86e3b300,
0x0000015f86e3cd40, 0x0000015f86e3d3d0, 0x0000015f86e39f50, 0x0000015f86e3b990,
0x0000015f86e3da60, 0x0000015f86e3a5e0, 0x0000015f86e3e0f0, 0x0000015f86e3e780,
0x0000015f86e401c0, 0x0000015f86e40850, 0x0000015f86e3ee10, 0x0000015f86e3f4a0,
0x0000015f89acfac0, 0x0000015f89acf430, 0x0000015f8a0789f0
}

Java Threads: ( => current thread )
  0x0000015fa709bc50 JavaThread "main"                              [_thread_blocked, id=16628, stack(0x0000002397d00000,0x0000002397e00000) (1024K)]
  0x0000015fa704e890 JavaThread "Reference Handler"          daemon [_thread_blocked, id=2312, stack(0x0000002398100000,0x0000002398200000) (1024K)]
  0x0000015fa7141cf0 JavaThread "Finalizer"                  daemon [_thread_blocked, id=18720, stack(0x0000002398200000,0x0000002398300000) (1024K)]
  0x0000015fa7144400 JavaThread "Signal Dispatcher"          daemon [_thread_blocked, id=25860, stack(0x0000002398300000,0x0000002398400000) (1024K)]
=>0x0000015fa7145410 JavaThread "Attach Listener"            daemon [_thread_in_vm, id=15912, stack(0x0000002398400000,0x0000002398500000) (1024K)]
  0x0000015fa714b560 JavaThread "Service Thread"             daemon [_thread_blocked, id=25356, stack(0x0000002398500000,0x0000002398600000) (1024K)]
  0x0000015fa714acc0 JavaThread "Monitor Deflation Thread"   daemon [_thread_blocked, id=19280, stack(0x0000002398600000,0x0000002398700000) (1024K)]
  0x0000015fa7158740 JavaThread "C2 CompilerThread0"         daemon [_thread_blocked, id=9756, stack(0x0000002398700000,0x0000002398800000) (1024K)]
  0x0000015f80084f90 JavaThread "C1 CompilerThread0"         daemon [_thread_blocked, id=9752, stack(0x0000002398800000,0x0000002398900000) (1024K)]
  0x0000015f8023ceb0 JavaThread "Common-Cleaner"             daemon [_thread_blocked, id=17244, stack(0x0000002398b00000,0x0000002398c00000) (1024K)]
  0x0000015f817bfb70 JavaThread "Notification Thread"        daemon [_thread_blocked, id=15960, stack(0x0000002398e00000,0x0000002398f00000) (1024K)]
  0x0000015f864b1c20 JavaThread "Active Thread: Equinox Container: 0e5dfe69-fc4e-4530-b6f2-0fa056aee7f2"        [_thread_blocked, id=26328, stack(0x0000002399700000,0x0000002399800000) (1024K)]
  0x0000015f81ebd0a0 JavaThread "Refresh Thread: Equinox Container: 0e5dfe69-fc4e-4530-b6f2-0fa056aee7f2" daemon [_thread_blocked, id=29600, stack(0x0000002399900000,0x0000002399a00000) (1024K)]
  0x0000015f8644aed0 JavaThread "Framework Event Dispatcher: Equinox Container: 0e5dfe69-fc4e-4530-b6f2-0fa056aee7f2" daemon [_thread_blocked, id=5000, stack(0x0000002399a00000,0x0000002399b00000) (1024K)]
  0x0000015f8644b910 JavaThread "Start Level: Equinox Container: 0e5dfe69-fc4e-4530-b6f2-0fa056aee7f2" daemon [_thread_blocked, id=18156, stack(0x0000002399b00000,0x0000002399c00000) (1024K)]
  0x0000015f8657a8a0 JavaThread "Bundle File Closer"         daemon [_thread_blocked, id=28432, stack(0x0000002399f00000,0x000000239a000000) (1024K)]
  0x0000015f86a303a0 JavaThread "SCR Component Actor"        daemon [_thread_blocked, id=14588, stack(0x000000239a000000,0x000000239a100000) (1024K)]
  0x0000015f86d4ddd0 JavaThread "Worker-JM"                         [_thread_blocked, id=23220, stack(0x000000239a100000,0x000000239a200000) (1024K)]
  0x0000015f86d4f810 JavaThread "JNA Cleaner"                daemon [_thread_blocked, id=13188, stack(0x0000002398a00000,0x0000002398b00000) (1024K)]
  0x0000015f86d50bc0 JavaThread "Java indexing"              daemon [_thread_blocked, id=8064, stack(0x000000239a600000,0x000000239a700000) (1024K)]
  0x0000015f86d4eaf0 JavaThread "Worker-2"                          [_thread_blocked, id=26520, stack(0x000000239a700000,0x000000239a800000) (1024K)]
  0x0000015f86d4e460 JavaThread "Worker-5"                          [_thread_blocked, id=26640, stack(0x000000239ae00000,0x000000239af00000) (1024K)]
  0x0000015f86e3ac70 JavaThread "Thread-1"                   daemon [_thread_in_native, id=14788, stack(0x000000239af00000,0x000000239b000000) (1024K)]
  0x0000015f86e3c020 JavaThread "Thread-2"                   daemon [_thread_in_native, id=2876, stack(0x000000239b000000,0x000000239b100000) (1024K)]
  0x0000015f86e3c6b0 JavaThread "Thread-3"                   daemon [_thread_in_native, id=19308, stack(0x000000239b100000,0x000000239b200000) (1024K)]
  0x0000015f86e39230 JavaThread "Thread-4"                   daemon [_thread_in_native, id=11092, stack(0x000000239b200000,0x000000239b300000) (1024K)]
  0x0000015f86e398c0 JavaThread "Thread-5"                   daemon [_thread_in_native, id=27480, stack(0x000000239b300000,0x000000239b400000) (1024K)]
  0x0000015f86e3b300 JavaThread "Thread-6"                   daemon [_thread_in_native, id=16908, stack(0x000000239b400000,0x000000239b500000) (1024K)]
  0x0000015f86e3cd40 JavaThread "Thread-7"                   daemon [_thread_in_native, id=24608, stack(0x000000239b500000,0x000000239b600000) (1024K)]
  0x0000015f86e3d3d0 JavaThread "Thread-8"                   daemon [_thread_in_native, id=20380, stack(0x000000239b600000,0x000000239b700000) (1024K)]
  0x0000015f86e39f50 JavaThread "Thread-9"                   daemon [_thread_in_native, id=11056, stack(0x000000239b700000,0x000000239b800000) (1024K)]
  0x0000015f86e3b990 JavaThread "Thread-10"                  daemon [_thread_in_native, id=4924, stack(0x000000239b800000,0x000000239b900000) (1024K)]
  0x0000015f86e3da60 JavaThread "Thread-11"                  daemon [_thread_in_native, id=20016, stack(0x000000239b900000,0x000000239ba00000) (1024K)]
  0x0000015f86e3a5e0 JavaThread "Thread-12"                  daemon [_thread_in_native, id=7828, stack(0x000000239ba00000,0x000000239bb00000) (1024K)]
  0x0000015f86e3e0f0 JavaThread "Thread-13"                  daemon [_thread_in_native, id=15572, stack(0x000000239bb00000,0x000000239bc00000) (1024K)]
  0x0000015f86e3e780 JavaThread "Thread-14"                  daemon [_thread_in_native, id=28676, stack(0x000000239bc00000,0x000000239bd00000) (1024K)]
  0x0000015f86e401c0 JavaThread "Thread-15"                  daemon [_thread_in_native, id=15928, stack(0x000000239bd00000,0x000000239be00000) (1024K)]
  0x0000015f86e40850 JavaThread "Thread-16"                  daemon [_thread_in_native, id=26604, stack(0x000000239be00000,0x000000239bf00000) (1024K)]
  0x0000015f86e3ee10 JavaThread "Thread-17"                  daemon [_thread_in_native, id=27688, stack(0x000000239bf00000,0x000000239c000000) (1024K)]
  0x0000015f86e3f4a0 JavaThread "pool-2-thread-1"                   [_thread_blocked, id=27704, stack(0x000000239c000000,0x000000239c100000) (1024K)]
  0x0000015f89acfac0 JavaThread "WorkspaceEventsHandler"            [_thread_blocked, id=28368, stack(0x000000239c400000,0x000000239c500000) (1024K)]
  0x0000015f89acf430 JavaThread "pool-1-thread-1"                   [_thread_blocked, id=28748, stack(0x000000239c500000,0x000000239c600000) (1024K)]
  0x0000015f8a0789f0 JavaThread "Cleaner-0"                  daemon [_thread_blocked, id=24764, stack(0x000000239db00000,0x000000239dc00000) (1024K)]
Total: 43

Other Threads:
  0x0000015fa713e800 VMThread "VM Thread"                           [id=21548, stack(0x0000002398000000,0x0000002398100000) (1024K)]
  0x0000015fa6f2ca00 WatcherThread "VM Periodic Task Thread"        [id=18488, stack(0x0000002397f00000,0x0000002398000000) (1024K)]
  0x0000015fa70ba230 WorkerThread "GC Thread#0"                     [id=8316, stack(0x0000002397e00000,0x0000002397f00000) (1024K)]
  0x0000015f8607a490 WorkerThread "GC Thread#1"                     [id=16308, stack(0x0000002399100000,0x0000002399200000) (1024K)]
  0x0000015f8607a840 WorkerThread "GC Thread#2"                     [id=3232, stack(0x0000002399200000,0x0000002399300000) (1024K)]
  0x0000015f86177120 WorkerThread "GC Thread#3"                     [id=18132, stack(0x0000002399300000,0x0000002399400000) (1024K)]
  0x0000015f861774d0 WorkerThread "GC Thread#4"                     [id=11732, stack(0x0000002399400000,0x0000002399500000) (1024K)]
  0x0000015f86177880 WorkerThread "GC Thread#5"                     [id=9500, stack(0x0000002399500000,0x0000002399600000) (1024K)]
  0x0000015f817f8800 WorkerThread "GC Thread#6"                     [id=7136, stack(0x0000002399600000,0x0000002399700000) (1024K)]
  0x0000015f81ebc3a0 WorkerThread "GC Thread#7"                     [id=29280, stack(0x0000002399800000,0x0000002399900000) (1024K)]
  0x0000015f86695390 WorkerThread "GC Thread#8"                     [id=19024, stack(0x0000002399c00000,0x0000002399d00000) (1024K)]
  0x0000015f867d7410 WorkerThread "GC Thread#9"                     [id=17528, stack(0x0000002399d00000,0x0000002399e00000) (1024K)]
  0x0000015f867d77c0 WorkerThread "GC Thread#10"                    [id=12596, stack(0x0000002399e00000,0x0000002399f00000) (1024K)]
  0x0000015f86ad38a0 WorkerThread "GC Thread#11"                    [id=13688, stack(0x0000002399000000,0x0000002399100000) (1024K)]
  0x0000015f86cf78f0 WorkerThread "GC Thread#12"                    [id=28064, stack(0x000000239a200000,0x000000239a300000) (1024K)]
Total: 15

Threads with active compile tasks:
Total: 0

VM state: not at safepoint (normal execution)

VM Mutex/Monitor currently owned by a thread: None

Heap address: 0x0000000080000000, size: 2048 MB, Compressed Oops mode: 32-bit

CDS archive(s) mapped at: [0x0000015fbe000000-0x0000015fbeba0000-0x0000015fbeba0000), size 12189696, SharedBaseAddress: 0x0000015fbe000000, ArchiveRelocationMode: 1.
Compressed class space mapped at: 0x0000015fbf000000-0x0000015fff000000, reserved size: 1073741824
Narrow klass base: 0x0000015fbe000000, Narrow klass shift: 0, Narrow klass range: 0x100000000

GC Precious Log:
 CardTable entry size: 512
 CPUs: 16 total, 16 available
 Memory: 16095M
 Large Page Support: Disabled
 NUMA Support: Disabled
 Compressed Oops: Enabled (32-bit)
 Alignments: Space 512K, Generation 512K, Heap 2M
 Heap Min Capacity: 100M
 Heap Initial Capacity: 100M
 Heap Max Capacity: 2G
 Pre-touch: Disabled
 Parallel Workers: 13

Heap:
 PSYoungGen      total 10240K, used 4387K [0x00000000d5580000, 0x00000000d6200000, 0x0000000100000000)
  eden space 8704K, 45% used [0x00000000d5580000,0x00000000d5960e68,0x00000000d5e00000)
  from space 1536K, 27% used [0x00000000d5f80000,0x00000000d5fe8000,0x00000000d6100000)
  to   space 1024K, 0% used [0x00000000d6100000,0x00000000d6100000,0x00000000d6200000)
 ParOldGen       total 68608K, used 41375K [0x0000000080000000, 0x0000000084300000, 0x00000000d5580000)
  object space 68608K, 60% used [0x0000000080000000,0x0000000082867f08,0x0000000084300000)
 Metaspace       used 59889K, committed 61184K, reserved 1114112K
  class space    used 6377K, committed 6912K, reserved 1048576K

Card table byte_map: [0x0000015fa6a40000,0x0000015fa6e50000] _byte_map_base: 0x0000015fa6640000

Marking Bits: (ParMarkBitMap*) 0x00007fffbdb64460
 Begin Bits: [0x0000015fb9550000, 0x0000015fbb550000)
 End Bits:   [0x0000015fbb550000, 0x0000015fbd550000)

Polling page: 0x0000015fa4ee0000

Metaspace:

Usage:
  Non-class:     52.26 MB used.
      Class:      6.23 MB used.
       Both:     58.49 MB used.

Virtual space:
  Non-class space:       64.00 MB reserved,      53.00 MB ( 83%) committed,  1 nodes.
      Class space:        1.00 GB reserved,       6.75 MB ( <1%) committed,  1 nodes.
             Both:        1.06 GB reserved,      59.75 MB (  5%) committed. 

Chunk freelists:
   Non-Class:  10.86 MB
       Class:  9.19 MB
        Both:  20.05 MB

MaxMetaspaceSize: unlimited
CompressedClassSpaceSize: 1.00 GB
Initial GC threshold: 21.00 MB
Current GC threshold: 97.31 MB
CDS: on
 - commit_granule_bytes: 65536.
 - commit_granule_words: 8192.
 - virtual_space_node_default_size: 8388608.
 - enlarge_chunks_in_place: 1.
 - use_allocation_guard: 0.


Internal statistics:

num_allocs_failed_limit: 9.
num_arena_births: 946.
num_arena_deaths: 28.
num_vsnodes_births: 2.
num_vsnodes_deaths: 0.
num_space_committed: 956.
num_space_uncommitted: 0.
num_chunks_returned_to_freelist: 40.
num_chunks_taken_from_freelist: 3646.
num_chunk_merges: 13.
num_chunk_splits: 2288.
num_chunks_enlarged: 1361.
num_inconsistent_stats: 0.

CodeHeap 'non-profiled nmethods': size=119168Kb used=6184Kb max_used=6184Kb free=112983Kb
 bounds [0x0000015fb1e40000, 0x0000015fb2450000, 0x0000015fb92a0000]
CodeHeap 'profiled nmethods': size=119104Kb used=17612Kb max_used=17779Kb free=101491Kb
 bounds [0x0000015faa2a0000, 0x0000015fab410000, 0x0000015fb16f0000]
CodeHeap 'non-nmethods': size=7488Kb used=1420Kb max_used=3170Kb free=6067Kb
 bounds [0x0000015fb16f0000, 0x0000015fb1a10000, 0x0000015fb1e40000]
CodeCache: size=245760Kb, used=25216Kb, max_used=27133Kb, free=220541Kb
 total_blobs=8842, nmethods=8109, adapters=639, full_count=0
Compilation: enabled, stopped_count=0, restarted_count=0

Compilation events (20 events):
Event: 1087.065 Thread 0x0000015f80084f90 8860       3       java.util.concurrent.locks.AbstractQueuedSynchronizer$ConditionNode::<init> (5 bytes)
Event: 1087.065 Thread 0x0000015f80084f90 nmethod 8860 0x0000015faa46ea10 code [0x0000015faa46ebc0, 0x0000015faa46ed88]
Event: 1087.065 Thread 0x0000015f80084f90 8861       3       java.util.concurrent.locks.AbstractQueuedSynchronizer$ConditionObject::enableWait (84 bytes)
Event: 1087.066 Thread 0x0000015f80084f90 nmethod 8861 0x0000015faa962090 code [0x0000015faa9622a0, 0x0000015faa9628d8]
Event: 1087.066 Thread 0x0000015f80084f90 8862       3       java.util.concurrent.locks.AbstractQueuedSynchronizer$Node::setStatusRelaxed (12 bytes)
Event: 1087.066 Thread 0x0000015f80084f90 nmethod 8862 0x0000015faa6ea110 code [0x0000015faa6ea2a0, 0x0000015faa6ea3b8]
Event: 1127.083 Thread 0x0000015f80084f90 8863   !   3       java.util.concurrent.locks.AbstractQueuedSynchronizer::reacquire (64 bytes)
Event: 1127.084 Thread 0x0000015f80084f90 nmethod 8863 0x0000015faa47d910 code [0x0000015faa47dae0, 0x0000015faa47de50]
Event: 1167.112 Thread 0x0000015f80084f90 8864       3       java.util.concurrent.locks.AbstractQueuedSynchronizer$ConditionObject::unlinkCancelledWaiters (91 bytes)
Event: 1167.113 Thread 0x0000015f80084f90 nmethod 8864 0x0000015faaac5c10 code [0x0000015faaac5dc0, 0x0000015faaac6150]
Event: 1203.444 Thread 0x0000015f80084f90 8865       3       org.eclipse.core.runtime.jobs.Job::getJobGroup (5 bytes)
Event: 1203.444 Thread 0x0000015f80084f90 nmethod 8865 0x0000015faab10790 code [0x0000015faab10920, 0x0000015faab10a40]
Event: 1287.188 Thread 0x0000015f80084f90 8866       1       org.eclipse.jdt.ls.core.internal.LanguageServerApplication::getParentProcessId (5 bytes)
Event: 1287.188 Thread 0x0000015f80084f90 nmethod 8866 0x0000015fb2449a10 code [0x0000015fb2449ba0, 0x0000015fb2449c68]
Event: 1326.433 Thread 0x0000015f80084f90 8867       3       java.lang.Module::getClassLoader (20 bytes)
Event: 1326.434 Thread 0x0000015f80084f90 nmethod 8867 0x0000015faa961a90 code [0x0000015faa961c40, 0x0000015faa961e38]
Event: 1427.316 Thread 0x0000015f80084f90 8868       3       java.util.concurrent.ScheduledThreadPoolExecutor$ScheduledFutureTask::isPeriodic (15 bytes)
Event: 1427.317 Thread 0x0000015f80084f90 nmethod 8868 0x0000015faabeec10 code [0x0000015faabeeda0, 0x0000015faabeef08]
Event: 1437.325 Thread 0x0000015fa7158740 8869       4       java.util.concurrent.ThreadPoolExecutor$Worker::unlock (7 bytes)
Event: 1437.327 Thread 0x0000015fa7158740 nmethod 8869 0x0000015fb2449d10 code [0x0000015fb2449ea0, 0x0000015fb2449fb8]

GC Heap History (20 events):
Event: 15.655 GC heap before
{Heap before GC invocations=51 (full 2):
 PSYoungGen      total 9728K, used 9722K [0x00000000d5580000, 0x00000000d6100000, 0x0000000100000000)
  eden space 8704K, 100% used [0x00000000d5580000,0x00000000d5e00000,0x00000000d5e00000)
  from space 1024K, 99% used [0x00000000d6000000,0x00000000d60feb80,0x00000000d6100000)
  to   space 1536K, 0% used [0x00000000d5e00000,0x00000000d5e00000,0x00000000d5f80000)
 ParOldGen       total 68608K, used 54670K [0x0000000080000000, 0x0000000084300000, 0x00000000d5580000)
  object space 68608K, 79% used [0x0000000080000000,0x0000000083563818,0x0000000084300000)
 Metaspace       used 53610K, committed 54720K, reserved 1114112K
  class space    used 5733K, committed 6272K, reserved 1048576K
}
Event: 15.656 GC heap after
{Heap after GC invocations=51 (full 2):
 PSYoungGen      total 10240K, used 352K [0x00000000d5580000, 0x00000000d6080000, 0x0000000100000000)
  eden space 8704K, 0% used [0x00000000d5580000,0x00000000d5580000,0x00000000d5e00000)
  from space 1536K, 22% used [0x00000000d5e00000,0x00000000d5e58000,0x00000000d5f80000)
  to   space 1024K, 0% used [0x00000000d5f80000,0x00000000d5f80000,0x00000000d6080000)
 ParOldGen       total 68608K, used 54854K [0x0000000080000000, 0x0000000084300000, 0x00000000d5580000)
  object space 68608K, 79% used [0x0000000080000000,0x0000000083591818,0x0000000084300000)
 Metaspace       used 53610K, committed 54720K, reserved 1114112K
  class space    used 5733K, committed 6272K, reserved 1048576K
}
Event: 15.880 GC heap before
{Heap before GC invocations=52 (full 2):
 PSYoungGen      total 10240K, used 9049K [0x00000000d5580000, 0x00000000d6080000, 0x0000000100000000)
  eden space 8704K, 99% used [0x00000000d5580000,0x00000000d5dfe520,0x00000000d5e00000)
  from space 1536K, 22% used [0x00000000d5e00000,0x00000000d5e58000,0x00000000d5f80000)
  to   space 1024K, 0% used [0x00000000d5f80000,0x00000000d5f80000,0x00000000d6080000)
 ParOldGen       total 68608K, used 54854K [0x0000000080000000, 0x0000000084300000, 0x00000000d5580000)
  object space 68608K, 79% used [0x0000000080000000,0x0000000083591818,0x0000000084300000)
 Metaspace       used 54271K, committed 55424K, reserved 1114112K
  class space    used 5824K, committed 6336K, reserved 1048576K
}
Event: 15.882 GC heap after
{Heap after GC invocations=52 (full 2):
 PSYoungGen      total 9728K, used 632K [0x00000000d5580000, 0x00000000d6080000, 0x0000000100000000)
  eden space 8704K, 0% used [0x00000000d5580000,0x00000000d5580000,0x00000000d5e00000)
  from space 1024K, 61% used [0x00000000d5f80000,0x00000000d601e1d8,0x00000000d6080000)
  to   space 1024K, 0% used [0x00000000d5e80000,0x00000000d5e80000,0x00000000d5f80000)
 ParOldGen       total 68608K, used 55014K [0x0000000080000000, 0x0000000084300000, 0x00000000d5580000)
  object space 68608K, 80% used [0x0000000080000000,0x00000000835b9818,0x0000000084300000)
 Metaspace       used 54271K, committed 55424K, reserved 1114112K
  class space    used 5824K, committed 6336K, reserved 1048576K
}
Event: 16.151 GC heap before
{Heap before GC invocations=53 (full 2):
 PSYoungGen      total 9728K, used 9336K [0x00000000d5580000, 0x00000000d6080000, 0x0000000100000000)
  eden space 8704K, 100% used [0x00000000d5580000,0x00000000d5e00000,0x00000000d5e00000)
  from space 1024K, 61% used [0x00000000d5f80000,0x00000000d601e1d8,0x00000000d6080000)
  to   space 1024K, 0% used [0x00000000d5e80000,0x00000000d5e80000,0x00000000d5f80000)
 ParOldGen       total 68608K, used 55014K [0x0000000080000000, 0x0000000084300000, 0x00000000d5580000)
  object space 68608K, 80% used [0x0000000080000000,0x00000000835b9818,0x0000000084300000)
 Metaspace       used 55422K, committed 56576K, reserved 1114112K
  class space    used 5959K, committed 6464K, reserved 1048576K
}
Event: 16.155 GC heap after
{Heap after GC invocations=53 (full 2):
 PSYoungGen      total 9728K, used 614K [0x00000000d5580000, 0x00000000d6000000, 0x0000000100000000)
  eden space 8704K, 0% used [0x00000000d5580000,0x00000000d5580000,0x00000000d5e00000)
  from space 1024K, 59% used [0x00000000d5e80000,0x00000000d5f19968,0x00000000d5f80000)
  to   space 512K, 0% used [0x00000000d5f80000,0x00000000d5f80000,0x00000000d6000000)
 ParOldGen       total 68608K, used 55376K [0x0000000080000000, 0x0000000084300000, 0x00000000d5580000)
  object space 68608K, 80% used [0x0000000080000000,0x0000000083614080,0x0000000084300000)
 Metaspace       used 55422K, committed 56576K, reserved 1114112K
  class space    used 5959K, committed 6464K, reserved 1048576K
}
Event: 16.337 GC heap before
{Heap before GC invocations=54 (full 2):
 PSYoungGen      total 9728K, used 9305K [0x00000000d5580000, 0x00000000d6000000, 0x0000000100000000)
  eden space 8704K, 99% used [0x00000000d5580000,0x00000000d5dfce78,0x00000000d5e00000)
  from space 1024K, 59% used [0x00000000d5e80000,0x00000000d5f19968,0x00000000d5f80000)
  to   space 512K, 0% used [0x00000000d5f80000,0x00000000d5f80000,0x00000000d6000000)
 ParOldGen       total 68608K, used 55376K [0x0000000080000000, 0x0000000084300000, 0x00000000d5580000)
  object space 68608K, 80% used [0x0000000080000000,0x0000000083614080,0x0000000084300000)
 Metaspace       used 56517K, committed 57792K, reserved 1114112K
  class space    used 6066K, committed 6656K, reserved 1048576K
}
Event: 16.339 GC heap after
{Heap after GC invocations=54 (full 2):
 PSYoungGen      total 9216K, used 496K [0x00000000d5580000, 0x00000000d6000000, 0x0000000100000000)
  eden space 8704K, 0% used [0x00000000d5580000,0x00000000d5580000,0x00000000d5e00000)
  from space 512K, 96% used [0x00000000d5f80000,0x00000000d5ffc010,0x00000000d6000000)
  to   space 1024K, 0% used [0x00000000d5e00000,0x00000000d5e00000,0x00000000d5f00000)
 ParOldGen       total 68608K, used 55630K [0x0000000080000000, 0x0000000084300000, 0x00000000d5580000)
  object space 68608K, 81% used [0x0000000080000000,0x0000000083653b88,0x0000000084300000)
 Metaspace       used 56517K, committed 57792K, reserved 1114112K
  class space    used 6066K, committed 6656K, reserved 1048576K
}
Event: 16.428 GC heap before
{Heap before GC invocations=55 (full 2):
 PSYoungGen      total 9216K, used 9200K [0x00000000d5580000, 0x00000000d6000000, 0x0000000100000000)
  eden space 8704K, 100% used [0x00000000d5580000,0x00000000d5e00000,0x00000000d5e00000)
  from space 512K, 96% used [0x00000000d5f80000,0x00000000d5ffc010,0x00000000d6000000)
  to   space 1024K, 0% used [0x00000000d5e00000,0x00000000d5e00000,0x00000000d5f00000)
 ParOldGen       total 68608K, used 55630K [0x0000000080000000, 0x0000000084300000, 0x00000000d5580000)
  object space 68608K, 81% used [0x0000000080000000,0x0000000083653bf0,0x0000000084300000)
 Metaspace       used 57308K, committed 58560K, reserved 1114112K
  class space    used 6155K, committed 6720K, reserved 1048576K
}
Event: 16.433 GC heap after
{Heap after GC invocations=55 (full 2):
 PSYoungGen      total 9728K, used 1004K [0x00000000d5580000, 0x00000000d6600000, 0x0000000100000000)
  eden space 8704K, 0% used [0x00000000d5580000,0x00000000d5580000,0x00000000d5e00000)
  from space 1024K, 98% used [0x00000000d5e00000,0x00000000d5efb100,0x00000000d5f00000)
  to   space 4096K, 0% used [0x00000000d6200000,0x00000000d6200000,0x00000000d6600000)
 ParOldGen       total 68608K, used 58057K [0x0000000080000000, 0x0000000084300000, 0x00000000d5580000)
  object space 68608K, 84% used [0x0000000080000000,0x00000000838b2548,0x0000000084300000)
 Metaspace       used 57308K, committed 58560K, reserved 1114112K
  class space    used 6155K, committed 6720K, reserved 1048576K
}
Event: 16.688 GC heap before
{Heap before GC invocations=56 (full 2):
 PSYoungGen      total 9728K, used 9708K [0x00000000d5580000, 0x00000000d6600000, 0x0000000100000000)
  eden space 8704K, 100% used [0x00000000d5580000,0x00000000d5e00000,0x00000000d5e00000)
  from space 1024K, 98% used [0x00000000d5e00000,0x00000000d5efb100,0x00000000d5f00000)
  to   space 4096K, 0% used [0x00000000d6200000,0x00000000d6200000,0x00000000d6600000)
 ParOldGen       total 68608K, used 58059K [0x0000000080000000, 0x0000000084300000, 0x00000000d5580000)
  object space 68608K, 84% used [0x0000000080000000,0x00000000838b2d98,0x0000000084300000)
 Metaspace       used 58256K, committed 59520K, reserved 1114112K
  class space    used 6231K, committed 6784K, reserved 1048576K
}
Event: 16.692 GC heap after
{Heap after GC invocations=56 (full 2):
 PSYoungGen      total 10752K, used 1845K [0x00000000d5580000, 0x00000000d6400000, 0x0000000100000000)
  eden space 8704K, 0% used [0x00000000d5580000,0x00000000d5580000,0x00000000d5e00000)
  from space 2048K, 90% used [0x00000000d6200000,0x00000000d63cd4a8,0x00000000d6400000)
  to   space 2560K, 0% used [0x00000000d5f00000,0x00000000d5f00000,0x00000000d6180000)
 ParOldGen       total 68608K, used 59051K [0x0000000080000000, 0x0000000084300000, 0x00000000d5580000)
  object space 68608K, 86% used [0x0000000080000000,0x00000000839aacd0,0x0000000084300000)
 Metaspace       used 58256K, committed 59520K, reserved 1114112K
  class space    used 6231K, committed 6784K, reserved 1048576K
}
Event: 16.743 GC heap before
{Heap before GC invocations=57 (full 2):
 PSYoungGen      total 10752K, used 4835K [0x00000000d5580000, 0x00000000d6400000, 0x0000000100000000)
  eden space 8704K, 34% used [0x00000000d5580000,0x00000000d586b7f8,0x00000000d5e00000)
  from space 2048K, 90% used [0x00000000d6200000,0x00000000d63cd4a8,0x00000000d6400000)
  to   space 2560K, 0% used [0x00000000d5f00000,0x00000000d5f00000,0x00000000d6180000)
 ParOldGen       total 68608K, used 59051K [0x0000000080000000, 0x0000000084300000, 0x00000000d5580000)
  object space 68608K, 86% used [0x0000000080000000,0x00000000839aacd0,0x0000000084300000)
 Metaspace       used 58474K, committed 59776K, reserved 1114112K
  class space    used 6241K, committed 6848K, reserved 1048576K
}
Event: 16.746 GC heap after
{Heap after GC invocations=57 (full 2):
 PSYoungGen      total 11264K, used 396K [0x00000000d5580000, 0x00000000d6280000, 0x0000000100000000)
  eden space 8704K, 0% used [0x00000000d5580000,0x00000000d5580000,0x00000000d5e00000)
  from space 2560K, 15% used [0x00000000d5f00000,0x00000000d5f63120,0x00000000d6180000)
  to   space 1024K, 0% used [0x00000000d6180000,0x00000000d6180000,0x00000000d6280000)
 ParOldGen       total 68608K, used 60507K [0x0000000080000000, 0x0000000084300000, 0x00000000d5580000)
  object space 68608K, 88% used [0x0000000080000000,0x0000000083b16d60,0x0000000084300000)
 Metaspace       used 58474K, committed 59776K, reserved 1114112K
  class space    used 6241K, committed 6848K, reserved 1048576K
}
Event: 16.746 GC heap before
{Heap before GC invocations=58 (full 3):
 PSYoungGen      total 11264K, used 396K [0x00000000d5580000, 0x00000000d6280000, 0x0000000100000000)
  eden space 8704K, 0% used [0x00000000d5580000,0x00000000d5580000,0x00000000d5e00000)
  from space 2560K, 15% used [0x00000000d5f00000,0x00000000d5f63120,0x00000000d6180000)
  to   space 1024K, 0% used [0x00000000d6180000,0x00000000d6180000,0x00000000d6280000)
 ParOldGen       total 68608K, used 60507K [0x0000000080000000, 0x0000000084300000, 0x00000000d5580000)
  object space 68608K, 88% used [0x0000000080000000,0x0000000083b16d60,0x0000000084300000)
 Metaspace       used 58474K, committed 59776K, reserved 1114112K
  class space    used 6241K, committed 6848K, reserved 1048576K
}
Event: 16.904 GC heap after
{Heap after GC invocations=58 (full 3):
 PSYoungGen      total 11264K, used 0K [0x00000000d5580000, 0x00000000d6280000, 0x0000000100000000)
  eden space 8704K, 0% used [0x00000000d5580000,0x00000000d5580000,0x00000000d5e00000)
  from space 2560K, 0% used [0x00000000d5f00000,0x00000000d5f00000,0x00000000d6180000)
  to   space 1024K, 0% used [0x00000000d6180000,0x00000000d6180000,0x00000000d6280000)
 ParOldGen       total 68608K, used 40409K [0x0000000080000000, 0x0000000084300000, 0x00000000d5580000)
  object space 68608K, 58% used [0x0000000080000000,0x0000000082776640,0x0000000084300000)
 Metaspace       used 58474K, committed 59776K, reserved 1114112K
  class space    used 6241K, committed 6848K, reserved 1048576K
}
Event: 17.316 GC heap before
{Heap before GC invocations=59 (full 3):
 PSYoungGen      total 11264K, used 8704K [0x00000000d5580000, 0x00000000d6280000, 0x0000000100000000)
  eden space 8704K, 100% used [0x00000000d5580000,0x00000000d5e00000,0x00000000d5e00000)
  from space 2560K, 0% used [0x00000000d5f00000,0x00000000d5f00000,0x00000000d6180000)
  to   space 1024K, 0% used [0x00000000d6180000,0x00000000d6180000,0x00000000d6280000)
 ParOldGen       total 68608K, used 40409K [0x0000000080000000, 0x0000000084300000, 0x00000000d5580000)
  object space 68608K, 58% used [0x0000000080000000,0x00000000827766e8,0x0000000084300000)
 Metaspace       used 59247K, committed 60608K, reserved 1114112K
  class space    used 6315K, committed 6912K, reserved 1048576K
}
Event: 17.318 GC heap after
{Heap after GC invocations=59 (full 3):
 PSYoungGen      total 9728K, used 1024K [0x00000000d5580000, 0x00000000d6280000, 0x0000000100000000)
  eden space 8704K, 0% used [0x00000000d5580000,0x00000000d5580000,0x00000000d5e00000)
  from space 1024K, 100% used [0x00000000d6180000,0x00000000d6280000,0x00000000d6280000)
  to   space 1536K, 0% used [0x00000000d5f80000,0x00000000d5f80000,0x00000000d6100000)
 ParOldGen       total 68608K, used 40478K [0x0000000080000000, 0x0000000084300000, 0x00000000d5580000)
  object space 68608K, 59% used [0x0000000080000000,0x0000000082787b68,0x0000000084300000)
 Metaspace       used 59247K, committed 60608K, reserved 1114112K
  class space    used 6315K, committed 6912K, reserved 1048576K
}
Event: 31.375 GC heap before
{Heap before GC invocations=60 (full 3):
 PSYoungGen      total 9728K, used 9728K [0x00000000d5580000, 0x00000000d6280000, 0x0000000100000000)
  eden space 8704K, 100% used [0x00000000d5580000,0x00000000d5e00000,0x00000000d5e00000)
  from space 1024K, 100% used [0x00000000d6180000,0x00000000d6280000,0x00000000d6280000)
  to   space 1536K, 0% used [0x00000000d5f80000,0x00000000d5f80000,0x00000000d6100000)
 ParOldGen       total 68608K, used 40497K [0x0000000080000000, 0x0000000084300000, 0x00000000d5580000)
  object space 68608K, 59% used [0x0000000080000000,0x000000008278c6d0,0x0000000084300000)
 Metaspace       used 59636K, committed 60928K, reserved 1114112K
  class space    used 6367K, committed 6912K, reserved 1048576K
}
Event: 31.379 GC heap after
{Heap after GC invocations=60 (full 3):
 PSYoungGen      total 10240K, used 416K [0x00000000d5580000, 0x00000000d6200000, 0x0000000100000000)
  eden space 8704K, 0% used [0x00000000d5580000,0x00000000d5580000,0x00000000d5e00000)
  from space 1536K, 27% used [0x00000000d5f80000,0x00000000d5fe8000,0x00000000d6100000)
  to   space 1024K, 0% used [0x00000000d6100000,0x00000000d6100000,0x00000000d6200000)
 ParOldGen       total 68608K, used 41375K [0x0000000080000000, 0x0000000084300000, 0x00000000d5580000)
  object space 68608K, 60% used [0x0000000080000000,0x0000000082867f08,0x0000000084300000)
 Metaspace       used 59636K, committed 60928K, reserved 1114112K
  class space    used 6367K, committed 6912K, reserved 1048576K
}

Dll operation events (10 events):
Event: 0.020 Loaded shared library c:\Users\kumar\.vscode\extensions\redhat.java-1.55.0-win32-x64\jre\21.0.11-win32-x86_64\bin\java.dll
Event: 0.097 Loaded shared library c:\Users\kumar\.vscode\extensions\redhat.java-1.55.0-win32-x64\jre\21.0.11-win32-x86_64\bin\zip.dll
Event: 0.118 Loaded shared library C:\Users\kumar\.vscode\extensions\redhat.java-1.55.0-win32-x64\jre\21.0.11-win32-x86_64\bin\instrument.dll
Event: 0.123 Loaded shared library C:\Users\kumar\.vscode\extensions\redhat.java-1.55.0-win32-x64\jre\21.0.11-win32-x86_64\bin\net.dll
Event: 0.126 Loaded shared library C:\Users\kumar\.vscode\extensions\redhat.java-1.55.0-win32-x64\jre\21.0.11-win32-x86_64\bin\nio.dll
Event: 0.129 Loaded shared library C:\Users\kumar\.vscode\extensions\redhat.java-1.55.0-win32-x64\jre\21.0.11-win32-x86_64\bin\zip.dll
Event: 0.148 Loaded shared library C:\Users\kumar\.vscode\extensions\redhat.java-1.55.0-win32-x64\jre\21.0.11-win32-x86_64\bin\jimage.dll
Event: 0.227 Loaded shared library c:\Users\kumar\.vscode\extensions\redhat.java-1.55.0-win32-x64\jre\21.0.11-win32-x86_64\bin\verify.dll
Event: 1.558 Loaded shared library C:\Users\kumar\AppData\Roaming\Code\User\globalStorage\redhat.java\1.55.0\config_win\org.eclipse.equinox.launcher\org.eclipse.equinox.launcher.win32.win32.x86_64_1.3.100.v20260613-0559\eclipse_11924.dll
Event: 3.255 Loaded shared library C:\Users\kumar\AppData\Local\Temp\jna-102410164\jna16579022080796858823.dll

Deoptimization events (20 events):
Event: 31.497 Thread 0x0000015f864b1c20 Uncommon trap: trap_request=0xffffff45 fr.pc=0x0000015fb1ee1fb4 relative=0x00000000000001d4
Event: 31.497 Thread 0x0000015f864b1c20 Uncommon trap: reason=unstable_if action=reinterpret pc=0x0000015fb1ee1fb4 method=java.util.HashMap.getNode(Ljava/lang/Object;)Ljava/util/HashMap$Node; @ 131 c2
Event: 31.498 Thread 0x0000015f864b1c20 DEOPT PACKING pc=0x0000015fb1ee1fb4 sp=0x00000023997fed20
Event: 31.498 Thread 0x0000015f864b1c20 DEOPT UNPACKING pc=0x0000015fb1743aa2 sp=0x00000023997fec30 mode 2
Event: 31.498 Thread 0x0000015f864b1c20 Uncommon trap: trap_request=0xffffff45 fr.pc=0x0000015fb1ee14b4 relative=0x00000000000001d4
Event: 31.498 Thread 0x0000015f864b1c20 Uncommon trap: reason=unstable_if action=reinterpret pc=0x0000015fb1ee14b4 method=java.util.HashMap.getNode(Ljava/lang/Object;)Ljava/util/HashMap$Node; @ 131 c2
Event: 31.498 Thread 0x0000015f864b1c20 DEOPT PACKING pc=0x0000015fb1ee14b4 sp=0x00000023997fec40
Event: 31.498 Thread 0x0000015f864b1c20 DEOPT UNPACKING pc=0x0000015fb1743aa2 sp=0x00000023997febc0 mode 2
Event: 31.498 Thread 0x0000015f864b1c20 Uncommon trap: trap_request=0xffffff45 fr.pc=0x0000015fb242f6c4 relative=0x0000000000000724
Event: 31.498 Thread 0x0000015f864b1c20 Uncommon trap: reason=unstable_if action=reinterpret pc=0x0000015fb242f6c4 method=java.util.HashMap.putVal(ILjava/lang/Object;Ljava/lang/Object;ZZ)Ljava/lang/Object; @ 206 c2
Event: 31.498 Thread 0x0000015f864b1c20 DEOPT PACKING pc=0x0000015fb242f6c4 sp=0x00000023997fec90
Event: 31.498 Thread 0x0000015f864b1c20 DEOPT UNPACKING pc=0x0000015fb1743aa2 sp=0x00000023997feb98 mode 2
Event: 121.577 Thread 0x0000015f864b1c20 Uncommon trap: trap_request=0xffffff45 fr.pc=0x0000015fb21e6108 relative=0x0000000000000268
Event: 121.577 Thread 0x0000015f864b1c20 Uncommon trap: reason=unstable_if action=reinterpret pc=0x0000015fb21e6108 method=java.util.concurrent.FutureTask.run()V @ 4 c2
Event: 121.577 Thread 0x0000015f864b1c20 DEOPT PACKING pc=0x0000015fb21e6108 sp=0x00000023997ff140
Event: 121.577 Thread 0x0000015f864b1c20 DEOPT UNPACKING pc=0x0000015fb1743aa2 sp=0x00000023997ff0c0 mode 2
Event: 303.436 Thread 0x0000015f86d4eaf0 Uncommon trap: trap_request=0xffffff45 fr.pc=0x0000015fb242dfb0 relative=0x0000000000000590
Event: 303.436 Thread 0x0000015f86d4eaf0 Uncommon trap: reason=unstable_if action=reinterpret pc=0x0000015fb242dfb0 method=java.util.HashMap.putVal(ILjava/lang/Object;Ljava/lang/Object;ZZ)Ljava/lang/Object; @ 236 c2
Event: 303.436 Thread 0x0000015f86d4eaf0 DEOPT PACKING pc=0x0000015fb242dfb0 sp=0x000000239a7feaa0
Event: 303.436 Thread 0x0000015f86d4eaf0 DEOPT UNPACKING pc=0x0000015fb1743aa2 sp=0x000000239a7fea18 mode 2

Classes loaded (20 events):
Event: 31.574 Loading class sun/util/cldr/CLDRTimeZoneNameProviderImpl
Event: 31.574 Loading class sun/util/locale/provider/TimeZoneNameProviderImpl
Event: 31.575 Loading class sun/util/locale/provider/TimeZoneNameProviderImpl done
Event: 31.575 Loading class sun/util/cldr/CLDRTimeZoneNameProviderImpl done
Event: 31.579 Loading class sun/util/resources/cldr/TimeZoneNames
Event: 31.580 Loading class sun/util/resources/TimeZoneNamesBundle
Event: 31.580 Loading class sun/util/resources/OpenListResourceBundle
Event: 31.580 Loading class sun/util/resources/OpenListResourceBundle done
Event: 31.580 Loading class sun/util/resources/TimeZoneNamesBundle done
Event: 31.581 Loading class sun/util/resources/cldr/TimeZoneNames done
Event: 31.581 Loading class sun/util/resources/cldr/TimeZoneNames_en
Event: 31.584 Loading class sun/util/resources/cldr/TimeZoneNames_en done
Event: 31.584 Loading class sun/util/resources/cldr/TimeZoneNames_en_US
Event: 31.584 Loading class sun/util/resources/cldr/TimeZoneNames_en_US done
Event: 31.588 Loading class sun/util/cldr/CLDRBaseLocaleDataMetaInfo$TZCanonicalIDMapHolder
Event: 31.590 Loading class sun/util/cldr/CLDRBaseLocaleDataMetaInfo$TZCanonicalIDMapHolder done
Event: 31.593 Loading class sun/util/resources/TimeZoneNames
Event: 31.596 Loading class sun/util/resources/TimeZoneNames done
Event: 31.597 Loading class sun/util/resources/TimeZoneNames_en
Event: 31.597 Loading class sun/util/resources/TimeZoneNames_en done

Classes unloaded (14 events):
Event: 4.169 Thread 0x0000015fa713e800 Unloading class 0x0000015fbf1ab000 'java/lang/invoke/LambdaForm$MH+0x0000015fbf1ab000'
Event: 4.169 Thread 0x0000015fa713e800 Unloading class 0x0000015fbf1aac00 'java/lang/invoke/LambdaForm$MH+0x0000015fbf1aac00'
Event: 4.169 Thread 0x0000015fa713e800 Unloading class 0x0000015fbf1aa800 'java/lang/invoke/LambdaForm$MH+0x0000015fbf1aa800'
Event: 4.169 Thread 0x0000015fa713e800 Unloading class 0x0000015fbf1aa400 'java/lang/invoke/LambdaForm$MH+0x0000015fbf1aa400'
Event: 4.169 Thread 0x0000015fa713e800 Unloading class 0x0000015fbf1aa000 'java/lang/invoke/LambdaForm$BMH+0x0000015fbf1aa000'
Event: 4.169 Thread 0x0000015fa713e800 Unloading class 0x0000015fbf1a9c00 'java/lang/invoke/LambdaForm$DMH+0x0000015fbf1a9c00'
Event: 4.169 Thread 0x0000015fa713e800 Unloading class 0x0000015fbf1a8800 'java/lang/invoke/LambdaForm$DMH+0x0000015fbf1a8800'
Event: 6.256 Thread 0x0000015fa713e800 Unloading class 0x0000015fbf31bc00 'java/lang/invoke/LambdaForm$MH+0x0000015fbf31bc00'
Event: 6.256 Thread 0x0000015fa713e800 Unloading class 0x0000015fbf31b400 'java/lang/invoke/LambdaForm$MH+0x0000015fbf31b400'
Event: 6.256 Thread 0x0000015fa713e800 Unloading class 0x0000015fbf31a400 'java/lang/invoke/LambdaForm$MH+0x0000015fbf31a400'
Event: 6.256 Thread 0x0000015fa713e800 Unloading class 0x0000015fbf319c00 'java/lang/invoke/LambdaForm$MH+0x0000015fbf319c00'
Event: 6.256 Thread 0x0000015fa713e800 Unloading class 0x0000015fbf319400 'java/lang/invoke/LambdaForm$MH+0x0000015fbf319400'
Event: 6.256 Thread 0x0000015fa713e800 Unloading class 0x0000015fbf318c00 'java/lang/invoke/LambdaForm$MH+0x0000015fbf318c00'
Event: 6.256 Thread 0x0000015fa713e800 Unloading class 0x0000015fbf318400 'java/lang/invoke/LambdaForm$MH+0x0000015fbf318400'

Classes redefined (0 events):
No events

Internal exceptions (20 events):
Event: 16.563 Thread 0x0000015f86d4f180 Exception <a 'java/io/FileNotFoundException'{0x00000000d580d438}> (0x00000000d580d438) 
thrown [s\src\hotspot\share\prims\jni.cpp, line 520]
Event: 16.563 Thread 0x0000015f86d4f180 Exception <a 'java/io/FileNotFoundException'{0x00000000d582aa88}> (0x00000000d582aa88) 
thrown [s\src\hotspot\share\prims\jni.cpp, line 520]
Event: 16.566 Thread 0x0000015f86d4e460 Exception <a 'java/lang/NoSuchMethodError'{0x00000000d5836f38}: 'java.lang.Object java.lang.invoke.DirectMethodHandle$Holder.invokeSpecial(java.lang.Object, java.lang.Object, int, long)'> (0x00000000d5836f38) 
thrown [s\src\hotspot\share\interpreter\linkResolver.cpp, line 773]
Event: 16.571 Thread 0x0000015f86d4f180 Exception <a 'sun/nio/fs/WindowsException'{0x00000000d5879f50}> (0x00000000d5879f50) 
thrown [s\src\hotspot\share\prims\jni.cpp, line 520]
Event: 16.572 Thread 0x0000015f86d4f180 Exception <a 'sun/nio/fs/WindowsException'{0x00000000d587a590}> (0x00000000d587a590) 
thrown [s\src\hotspot\share\prims\jni.cpp, line 520]
Event: 16.573 Thread 0x0000015f86d4f180 Exception <a 'sun/nio/fs/WindowsException'{0x00000000d587b2c0}> (0x00000000d587b2c0) 
thrown [s\src\hotspot\share\prims\jni.cpp, line 520]
Event: 16.573 Thread 0x0000015f86d4f180 Exception <a 'sun/nio/fs/WindowsException'{0x00000000d587b900}> (0x00000000d587b900) 
thrown [s\src\hotspot\share\prims\jni.cpp, line 520]
Event: 16.579 Thread 0x0000015f8a07b150 Exception <a 'sun/nio/fs/WindowsException'{0x00000000d57b84f8}> (0x00000000d57b84f8) 
thrown [s\src\hotspot\share\prims\jni.cpp, line 520]
Event: 16.579 Thread 0x0000015f8a07b150 Exception <a 'sun/nio/fs/WindowsException'{0x00000000d57b8e08}> (0x00000000d57b8e08) 
thrown [s\src\hotspot\share\prims\jni.cpp, line 520]
Event: 16.579 Thread 0x0000015f8a07b150 Exception <a 'sun/nio/fs/WindowsException'{0x00000000d57b9e10}> (0x00000000d57b9e10) 
thrown [s\src\hotspot\share\prims\jni.cpp, line 520]
Event: 16.579 Thread 0x0000015f8a07b150 Exception <a 'sun/nio/fs/WindowsException'{0x00000000d591a640}> (0x00000000d591a640) 
thrown [s\src\hotspot\share\prims\jni.cpp, line 520]
Event: 16.580 Thread 0x0000015f8a07b150 Exception <a 'sun/nio/fs/WindowsException'{0x00000000d591bde8}> (0x00000000d591bde8) 
thrown [s\src\hotspot\share\prims\jni.cpp, line 520]
Event: 16.580 Thread 0x0000015f8a07b150 Exception <a 'sun/nio/fs/WindowsException'{0x00000000d591c6d8}> (0x00000000d591c6d8) 
thrown [s\src\hotspot\share\prims\jni.cpp, line 520]
Event: 16.581 Thread 0x0000015f8a07b150 Exception <a 'sun/nio/fs/WindowsException'{0x00000000d591d928}> (0x00000000d591d928) 
thrown [s\src\hotspot\share\prims\jni.cpp, line 520]
Event: 16.581 Thread 0x0000015f8a07b150 Exception <a 'sun/nio/fs/WindowsException'{0x00000000d591df68}> (0x00000000d591df68) 
thrown [s\src\hotspot\share\prims\jni.cpp, line 520]
Event: 16.665 Thread 0x0000015f89acf430 Exception <a 'java/lang/IncompatibleClassChangeError'{0x00000000d5c55a08}: Found class java.lang.Object, but interface was expected> (0x00000000d5c55a08) 
thrown [s\src\hotspot\share\interpreter\linkResolver.cpp, line 840]
Event: 16.672 Thread 0x0000015f8a07aac0 Exception <a 'java/lang/ArrayIndexOutOfBoundsException'{0x00000000d5cf8810}: Index 48 out of bounds for length 47> (0x00000000d5cf8810) 
thrown [s\src\hotspot\share\interpreter\interpreterRuntime.cpp, line 439]
Event: 17.306 Thread 0x0000015f86d4e460 Exception <a 'java/io/FileNotFoundException'{0x00000000d5d7c968}> (0x00000000d5d7c968) 
thrown [s\src\hotspot\share\prims\jni.cpp, line 520]
Event: 17.307 Thread 0x0000015f86d4e460 Exception <a 'java/io/FileNotFoundException'{0x00000000d5d7d980}> (0x00000000d5d7d980) 
thrown [s\src\hotspot\share\prims\jni.cpp, line 520]
Event: 17.307 Thread 0x0000015f86d4e460 Exception <a 'java/io/FileNotFoundException'{0x00000000d5d7e6e8}> (0x00000000d5d7e6e8) 
thrown [s\src\hotspot\share\prims\jni.cpp, line 520]

ZGC Phase Switch (0 events):
No events

VM Operations (20 events):
Event: 961.929 Executing non-safepoint VM operation: HandshakeAllThreads (HandshakeForDeflation)
Event: 961.929 Executing non-safepoint VM operation: HandshakeAllThreads (HandshakeForDeflation) done
Event: 961.931 Executing non-safepoint VM operation: RendezvousGCThreads
Event: 961.931 Executing non-safepoint VM operation: RendezvousGCThreads done
Event: 1022.105 Executing non-safepoint VM operation: HandshakeAllThreads (HandshakeForDeflation)
Event: 1022.106 Executing non-safepoint VM operation: HandshakeAllThreads (HandshakeForDeflation) done
Event: 1022.106 Executing non-safepoint VM operation: RendezvousGCThreads
Event: 1022.106 Executing non-safepoint VM operation: RendezvousGCThreads done
Event: 1142.361 Executing non-safepoint VM operation: HandshakeAllThreads (HandshakeForDeflation)
Event: 1142.361 Executing non-safepoint VM operation: HandshakeAllThreads (HandshakeForDeflation) done
Event: 1142.361 Executing non-safepoint VM operation: RendezvousGCThreads
Event: 1142.361 Executing non-safepoint VM operation: RendezvousGCThreads done
Event: 1202.585 Executing non-safepoint VM operation: HandshakeAllThreads (HandshakeForDeflation)
Event: 1202.585 Executing non-safepoint VM operation: HandshakeAllThreads (HandshakeForDeflation) done
Event: 1202.585 Executing non-safepoint VM operation: RendezvousGCThreads
Event: 1202.585 Executing non-safepoint VM operation: RendezvousGCThreads done
Event: 1262.772 Executing non-safepoint VM operation: HandshakeAllThreads (HandshakeForDeflation)
Event: 1262.772 Executing non-safepoint VM operation: HandshakeAllThreads (HandshakeForDeflation) done
Event: 1262.772 Executing non-safepoint VM operation: RendezvousGCThreads
Event: 1262.772 Executing non-safepoint VM operation: RendezvousGCThreads done

Memory protections (0 events):
No events

Nmethod flushes (20 events):
Event: 16.799 Thread 0x0000015fa713e800 flushing osr nmethod 0x0000015faab4bf10
Event: 16.799 Thread 0x0000015fa713e800 flushing osr nmethod 0x0000015faab4e890
Event: 16.799 Thread 0x0000015fa713e800 flushing osr nmethod 0x0000015faab7b290
Event: 16.799 Thread 0x0000015fa713e800 flushing  nmethod 0x0000015faab9a790
Event: 16.799 Thread 0x0000015fa713e800 flushing  nmethod 0x0000015faabb2f90
Event: 16.799 Thread 0x0000015fa713e800 flushing  nmethod 0x0000015faabbd210
Event: 16.799 Thread 0x0000015fa713e800 flushing  nmethod 0x0000015faabc1c10
Event: 16.799 Thread 0x0000015fa713e800 flushing  nmethod 0x0000015faabc5f10
Event: 16.799 Thread 0x0000015fa713e800 flushing  nmethod 0x0000015faabeac10
Event: 16.799 Thread 0x0000015fa713e800 flushing  nmethod 0x0000015faabebb90
Event: 16.799 Thread 0x0000015fa713e800 flushing  nmethod 0x0000015faabec290
Event: 16.799 Thread 0x0000015fa713e800 flushing  nmethod 0x0000015faabec890
Event: 16.799 Thread 0x0000015fa713e800 flushing  nmethod 0x0000015faabed110
Event: 16.799 Thread 0x0000015fa713e800 flushing  nmethod 0x0000015faabed490
Event: 16.799 Thread 0x0000015fa713e800 flushing  nmethod 0x0000015faabeec10
Event: 16.799 Thread 0x0000015fa713e800 flushing  nmethod 0x0000015faabfb790
Event: 16.799 Thread 0x0000015fa713e800 flushing  nmethod 0x0000015faac00790
Event: 16.799 Thread 0x0000015fa713e800 flushing  nmethod 0x0000015faac10d10
Event: 16.799 Thread 0x0000015fa713e800 flushing  nmethod 0x0000015faac30e90
Event: 16.799 Thread 0x0000015fa713e800 flushing  nmethod 0x0000015faac37b90

Events (20 events):
Event: 31.382 Thread 0x0000015f8af10100 Thread exited: 0x0000015f8af10100
Event: 31.428 Thread 0x0000015f801472d0 Thread added: 0x0000015f8af0fa30
Event: 31.436 Thread 0x0000015f801472d0 Thread added: 0x0000015f8af12310
Event: 36.586 Thread 0x0000015f801472d0 Thread exited: 0x0000015f801472d0
Event: 36.603 Thread 0x0000015f8af12310 Thread exited: 0x0000015f8af12310
Event: 36.628 Thread 0x0000015f8af0fa30 Thread exited: 0x0000015f8af0fa30
Event: 77.187 Thread 0x0000015f86d51250 Thread exited: 0x0000015f86d51250
Event: 77.187 Thread 0x0000015f86d50530 Thread exited: 0x0000015f86d50530
Event: 77.187 Thread 0x0000015f86d4f180 Thread exited: 0x0000015f86d4f180
Event: 77.187 Thread 0x0000015f86d4fea0 Thread exited: 0x0000015f86d4fea0
Event: 77.460 Thread 0x0000015f8a079080 Thread exited: 0x0000015f8a079080
Event: 137.466 Thread 0x0000015f8a07aac0 Thread exited: 0x0000015f8a07aac0
Event: 197.483 Thread 0x0000015f8a07b150 Thread exited: 0x0000015f8a07b150
Event: 257.492 Thread 0x0000015f8a07b7e0 Thread exited: 0x0000015f8a07b7e0
Event: 316.565 Thread 0x0000015f89ad2220 Thread exited: 0x0000015f89ad2220
Event: 317.493 Thread 0x0000015f8a079da0 Thread exited: 0x0000015f8a079da0
Event: 377.507 Thread 0x0000015f8a078360 Thread exited: 0x0000015f8a078360
Event: 437.515 Thread 0x0000015f8a07a430 Thread exited: 0x0000015f8a07a430
Event: 616.568 Thread 0x0000015f89aceda0 Thread exited: 0x0000015f89aceda0
Event: 916.580 Thread 0x0000015f89ad07e0 Thread exited: 0x0000015f89ad07e0


Dynamic libraries:
0x00007ff7376b0000 - 0x00007ff7376be000 	c:\Users\kumar\.vscode\extensions\redhat.java-1.55.0-win32-x64\jre\21.0.11-win32-x86_64\bin\java.exe
0x00007ff85ad20000 - 0x00007ff85af86000 	C:\WINDOWS\SYSTEM32\ntdll.dll
0x00007ff8597f0000 - 0x00007ff8598b9000 	C:\WINDOWS\System32\KERNEL32.DLL
0x00007ff858690000 - 0x00007ff858a8a000 	C:\WINDOWS\System32\KERNELBASE.dll
0x00007ff858040000 - 0x00007ff85818c000 	C:\WINDOWS\System32\ucrtbase.dll
0x00007ff8439b0000 - 0x00007ff8439c8000 	c:\Users\kumar\.vscode\extensions\redhat.java-1.55.0-win32-x64\jre\21.0.11-win32-x86_64\bin\jli.dll
0x00007ff8593c0000 - 0x00007ff859587000 	C:\WINDOWS\System32\USER32.dll
0x00007ff8583c0000 - 0x00007ff8583e7000 	C:\WINDOWS\System32\win32u.dll
0x00007ff858dc0000 - 0x00007ff858deb000 	C:\WINDOWS\System32\GDI32.dll
0x00007ff8584b0000 - 0x00007ff8585db000 	C:\WINDOWS\System32\gdi32full.dll
0x00007ff858190000 - 0x00007ff858233000 	C:\WINDOWS\System32\msvcp_win.dll
0x00007ff843990000 - 0x00007ff8439ae000 	c:\Users\kumar\.vscode\extensions\redhat.java-1.55.0-win32-x64\jre\21.0.11-win32-x86_64\bin\VCRUNTIME140.dll
0x00007ff834430000 - 0x00007ff8346c2000 	C:\WINDOWS\WinSxS\amd64_microsoft.windows.common-controls_6595b64144ccf1df_6.0.26100.8521_none_3e08b75ce33403b3\COMCTL32.dll
0x00007ff859310000 - 0x00007ff8593b9000 	C:\WINDOWS\System32\msvcrt.dll
0x00007ff858cb0000 - 0x00007ff858ce2000 	C:\WINDOWS\System32\IMM32.DLL
0x00007ff843980000 - 0x00007ff84398c000 	c:\Users\kumar\.vscode\extensions\redhat.java-1.55.0-win32-x64\jre\21.0.11-win32-x86_64\bin\vcruntime140_1.dll
0x00007ff8227f0000 - 0x00007ff82287d000 	c:\Users\kumar\.vscode\extensions\redhat.java-1.55.0-win32-x64\jre\21.0.11-win32-x86_64\bin\msvcp140.dll
0x00007fffbcea0000 - 0x00007fffbdc42000 	c:\Users\kumar\.vscode\extensions\redhat.java-1.55.0-win32-x64\jre\21.0.11-win32-x86_64\bin\server\jvm.dll
0x00007ff858bf0000 - 0x00007ff858ca6000 	C:\WINDOWS\System32\ADVAPI32.dll
0x00007ff85a670000 - 0x00007ff85a71a000 	C:\WINDOWS\System32\sechost.dll
0x00007ff85a7a0000 - 0x00007ff85a8b8000 	C:\WINDOWS\System32\RPCRT4.dll
0x00007ff858ef0000 - 0x00007ff858f70000 	C:\WINDOWS\System32\WS2_32.dll
0x00007ff857e10000 - 0x00007ff857e6e000 	C:\WINDOWS\SYSTEM32\POWRPROF.dll
0x00007ff84a8d0000 - 0x00007ff84a906000 	C:\WINDOWS\SYSTEM32\WINMM.dll
0x00007ff84d650000 - 0x00007ff84d65b000 	C:\WINDOWS\SYSTEM32\VERSION.dll
0x00007ff857df0000 - 0x00007ff857e04000 	C:\WINDOWS\SYSTEM32\UMPDC.dll
0x00007ff856d40000 - 0x00007ff856d5b000 	C:\WINDOWS\SYSTEM32\kernel.appcore.dll
0x00007ff8388d0000 - 0x00007ff8388da000 	c:\Users\kumar\.vscode\extensions\redhat.java-1.55.0-win32-x64\jre\21.0.11-win32-x86_64\bin\jimage.dll
0x00007ff855530000 - 0x00007ff855772000 	C:\WINDOWS\SYSTEM32\DBGHELP.DLL
0x00007ff858f80000 - 0x00007ff859303000 	C:\WINDOWS\System32\combase.dll
0x00007ff85a590000 - 0x00007ff85a669000 	C:\WINDOWS\System32\OLEAUT32.dll
0x00007ff830840000 - 0x00007ff83087b000 	C:\WINDOWS\SYSTEM32\dbgcore.DLL
0x00007ff8585e0000 - 0x00007ff858688000 	C:\WINDOWS\System32\bcryptPrimitives.dll
0x00007ff838710000 - 0x00007ff83871f000 	c:\Users\kumar\.vscode\extensions\redhat.java-1.55.0-win32-x64\jre\21.0.11-win32-x86_64\bin\instrument.dll
0x00007ff8355f0000 - 0x00007ff835610000 	c:\Users\kumar\.vscode\extensions\redhat.java-1.55.0-win32-x64\jre\21.0.11-win32-x86_64\bin\java.dll
0x00007ff8598c0000 - 0x00007ff85a044000 	C:\WINDOWS\System32\SHELL32.dll
0x00007ff855b40000 - 0x00007ff8563c0000 	C:\WINDOWS\SYSTEM32\windows.storage.dll
0x00007ff859600000 - 0x00007ff8596f6000 	C:\WINDOWS\System32\SHCORE.dll
0x00007ff859590000 - 0x00007ff8595f7000 	C:\WINDOWS\System32\shlwapi.dll
0x00007ff857ed0000 - 0x00007ff857ef9000 	C:\WINDOWS\SYSTEM32\profapi.dll
0x00007ff8354a0000 - 0x00007ff8354b8000 	c:\Users\kumar\.vscode\extensions\redhat.java-1.55.0-win32-x64\jre\21.0.11-win32-x86_64\bin\zip.dll
0x00007ff8355e0000 - 0x00007ff8355f0000 	C:\Users\kumar\.vscode\extensions\redhat.java-1.55.0-win32-x64\jre\21.0.11-win32-x86_64\bin\net.dll
0x00007ff84e580000 - 0x00007ff84e6a9000 	C:\WINDOWS\SYSTEM32\WINHTTP.dll
0x00007ff8572b0000 - 0x00007ff85731c000 	C:\WINDOWS\system32\mswsock.dll
0x00007ff835480000 - 0x00007ff835496000 	C:\Users\kumar\.vscode\extensions\redhat.java-1.55.0-win32-x64\jre\21.0.11-win32-x86_64\bin\nio.dll
0x00007ff835540000 - 0x00007ff835550000 	c:\Users\kumar\.vscode\extensions\redhat.java-1.55.0-win32-x64\jre\21.0.11-win32-x86_64\bin\verify.dll
0x00007ff8338d0000 - 0x00007ff833915000 	C:\Users\kumar\AppData\Roaming\Code\User\globalStorage\redhat.java\1.55.0\config_win\org.eclipse.equinox.launcher\org.eclipse.equinox.launcher.win32.win32.x86_64_1.3.100.v20260613-0559\eclipse_11924.dll
0x00007ff85aaa0000 - 0x00007ff85ac38000 	C:\WINDOWS\System32\ole32.dll
0x00007ff857590000 - 0x00007ff8575ab000 	C:\WINDOWS\SYSTEM32\CRYPTSP.dll
0x00007ff856ca0000 - 0x00007ff856cd9000 	C:\WINDOWS\system32\rsaenh.dll
0x00007ff857360000 - 0x00007ff857393000 	C:\WINDOWS\SYSTEM32\USERENV.dll
0x00007ff857ea0000 - 0x00007ff857eca000 	C:\WINDOWS\SYSTEM32\bcrypt.dll
0x00007ff8575b0000 - 0x00007ff8575bc000 	C:\WINDOWS\SYSTEM32\CRYPTBASE.dll
0x00007ff8566f0000 - 0x00007ff856723000 	C:\WINDOWS\SYSTEM32\IPHLPAPI.DLL
0x00007ff858cf0000 - 0x00007ff858cfa000 	C:\WINDOWS\System32\NSI.dll
0x00007ff82dcd0000 - 0x00007ff82dd19000 	C:\Users\kumar\AppData\Local\Temp\jna-102410164\jna16579022080796858823.dll
0x00007ff859700000 - 0x00007ff859708000 	C:\WINDOWS\System32\PSAPI.DLL
0x00007ff851480000 - 0x00007ff85149d000 	C:\WINDOWS\SYSTEM32\dhcpcsvc6.DLL
0x00007ff851450000 - 0x00007ff851475000 	C:\WINDOWS\SYSTEM32\dhcpcsvc.DLL

JVMTI agents:
c:\Users\kumar\.vscode\extensions\redhat.java-1.55.0-win32-x64\lombok\lombok-1.18.39-4050.jar path:c:\Users\kumar\.vscode\extensions\redhat.java-1.55.0-win32-x64\jre\21.0.11-win32-x86_64\bin\instrument.dll, loaded, initialized, instrumentlib options:none

dbghelp: loaded successfully - version: 4.0.5 - missing functions: none
symbol engine: initialized successfully - sym options: 0x614 - pdb path: .;c:\Users\kumar\.vscode\extensions\redhat.java-1.55.0-win32-x64\jre\21.0.11-win32-x86_64\bin;C:\WINDOWS\SYSTEM32;C:\WINDOWS\WinSxS\amd64_microsoft.windows.common-controls_6595b64144ccf1df_6.0.26100.8521_none_3e08b75ce33403b3;c:\Users\kumar\.vscode\extensions\redhat.java-1.55.0-win32-x64\jre\21.0.11-win32-x86_64\bin\server;C:\Users\kumar\AppData\Roaming\Code\User\globalStorage\redhat.java\1.55.0\config_win\org.eclipse.equinox.launcher\org.eclipse.equinox.launcher.win32.win32.x86_64_1.3.100.v20260613-0559;C:\Users\kumar\AppData\Local\Temp\jna-102410164

VM Arguments:
jvm_args: --add-modules=ALL-SYSTEM --add-opens=java.base/java.util=ALL-UNNAMED --add-opens=java.base/java.lang=ALL-UNNAMED --add-opens=java.base/sun.nio.fs=ALL-UNNAMED -Declipse.application=org.eclipse.jdt.ls.core.id1 -Dosgi.bundles.defaultStartLevel=4 -Declipse.product=org.eclipse.jdt.ls.core.product -Djava.import.generatesMetadataFilesAtProjectRoot=false -DDetectVMInstallationsJob.disabled=true -Dfile.encoding=utf8 -XX:+UseParallelGC -XX:GCTimeRatio=4 -XX:AdaptiveSizePolicyWeight=90 -Dsun.zip.disableMemoryMapping=true -Xmx2G -Xms100m -Xlog:disable -javaagent:c:\Users\kumar\.vscode\extensions\redhat.java-1.55.0-win32-x64\lombok\lombok-1.18.39-4050.jar -XX:+HeapDumpOnOutOfMemoryError -XX:HeapDumpPath=c:\Users\kumar\AppData\Roaming\Code\User\workspaceStorage\34eab81abe4cf9b9b14716ff9f35c11f\redhat.java -Daether.dependencyCollector.impl=bf 
java_command: c:\Users\kumar\.vscode\extensions\redhat.java-1.55.0-win32-x64\server\plugins\org.eclipse.equinox.launcher_1.7.200.v20260619-2039.jar -configuration c:\Users\kumar\AppData\Roaming\Code\User\globalStorage\redhat.java\1.55.0\config_win -data c:\Users\kumar\AppData\Roaming\Code\User\workspaceStorage\34eab81abe4cf9b9b14716ff9f35c11f\redhat.java\jdt_ws --pipe=\\.\pipe\lsp-e14ebe84b9fce1864cb638ac7b2ee0e0-sock
java_class_path (initial): c:\Users\kumar\.vscode\extensions\redhat.java-1.55.0-win32-x64\server\plugins\org.eclipse.equinox.launcher_1.7.200.v20260619-2039.jar
Launcher Type: SUN_STANDARD

[Global flags]
    uintx AdaptiveSizePolicyWeight                 = 90                                        {product} {command line}
     intx CICompilerCount                          = 12                                        {product} {ergonomic}
    uintx GCTimeRatio                              = 4                                         {product} {command line}
     bool HeapDumpOnOutOfMemoryError               = true                                   {manageable} {command line}
    ccstr HeapDumpPath                             = c:\Users\kumar\AppData\Roaming\Code\User\workspaceStorage\34eab81abe4cf9b9b14716ff9f35c11f\redhat.java         {manageable} {command line}
   size_t InitialHeapSize                          = 104857600                                 {product} {command line}
   size_t MaxHeapSize                              = 2147483648                                {product} {command line}
   size_t MaxNewSize                               = 715653120                                 {product} {ergonomic}
   size_t MinHeapDeltaBytes                        = 524288                                    {product} {ergonomic}
   size_t MinHeapSize                              = 104857600                                 {product} {command line}
   size_t NewSize                                  = 34603008                                  {product} {ergonomic}
    uintx NonNMethodCodeHeapSize                   = 7602480                                {pd product} {ergonomic}
    uintx NonProfiledCodeHeapSize                  = 122027880                              {pd product} {ergonomic}
   size_t OldSize                                  = 70254592                                  {product} {ergonomic}
    uintx ProfiledCodeHeapSize                     = 122027880                              {pd product} {ergonomic}
    uintx ReservedCodeCacheSize                    = 251658240                              {pd product} {ergonomic}
     bool SegmentedCodeCache                       = true                                      {product} {ergonomic}
   size_t SoftMaxHeapSize                          = 2147483648                             {manageable} {ergonomic}
     bool UseCompressedOops                        = true                           {product lp64_product} {ergonomic}
     bool UseLargePagesIndividualAllocation        = false                                  {pd product} {ergonomic}
     bool UseParallelGC                            = true                                      {product} {command line}

Logging:
Log output configuration:
 #0: stdout all=off uptime,level,tags foldmultilines=false
 #1: stderr all=off uptime,level,tags foldmultilines=false

Release file:
JAVA_VERSION="21.0.11" 
MODULES="java.base java.compiler java.datatransfer java.xml java.prefs java.desktop java.instrument java.logging java.management java.security.sasl java.naming java.rmi java.management.rmi java.net.http java.scripting java.security.jgss java.transaction.xa java.sql java.sql.rowset java.xml.crypto java.se java.smartcardio jdk.accessibility jdk.internal.jvmstat jdk.attach jdk.charsets jdk.internal.opt jdk.zipfs jdk.compiler jdk.crypto.ec jdk.crypto.cryptoki jdk.crypto.mscapi jdk.dynalink jdk.internal.ed jdk.editpad jdk.hotspot.agent jdk.httpserver jdk.internal.le jdk.internal.vm.ci jdk.internal.vm.compiler jdk.internal.vm.compiler.management jdk.jartool jdk.javadoc jdk.jcmd jdk.management jdk.management.agent jdk.jconsole jdk.jdeps jdk.jdwp.agent jdk.jdi jdk.jfr jdk.jshell jdk.jsobject jdk.jstatd jdk.localedata jdk.management.jfr jdk.naming.dns jdk.naming.rmi jdk.net jdk.nio.mapmode jdk.random jdk.sctp jdk.security.auth jdk.security.jgss jdk.unsupported jdk.unsupported.desktop jdk.xml.dom" 

Environment Variables:
PATH=C:\Program Files\Common Files\Oracle\Java\javapath;C:\windows\system32;C:\windows;C:\windows\System32\Wbem;C:\windows\System32\WindowsPowerShell\v1.0\;C:\windows\System32\OpenSSH\;C:\WINDOWS\system32;C:\WINDOWS;C:\WINDOWS\System32\Wbem;C:\WINDOWS\System32\WindowsPowerShell\v1.0\;C:\WINDOWS\System32\OpenSSH\;C:\Program Files\Git\cmd;C:\Program Files\nodejs\;C:\Program Files\Java\jdk-25.0.2\bin;C:\Program Files\Apache\Maven\apache-maven-3.9.16\bin;C:\Users\kumar\AppData\Local\Programs\Python\Python311\Scripts\;C:\Users\kumar\AppData\Local\Programs\Python\Python311\;C:\Users\kumar\AppData\Local\Microsoft\WindowsApps;C:\Users\kumar\AppData\Local\Programs\Microsoft VS Code\bin;C:\msys64\ucrt64\bin;C:\msys64;C:\Users\kumar\AppData\Roaming\npm
USERNAME=kumar
OS=Windows_NT
PROCESSOR_IDENTIFIER=Intel64 Family 6 Model 186 Stepping 2, GenuineIntel
TMP=C:\Users\kumar\AppData\Local\Temp
TEMP=C:\Users\kumar\AppData\Local\Temp




Periodic native trim disabled

---------------  S Y S T E M  ---------------

OS:
 Windows 11 , 64 bit Build 26100 (10.0.26100.8521)
OS uptime: 1 days 14:03 hours
Hyper-V role detected

CPU: total 16 (initial active 16) (8 cores per cpu, 2 threads per core) family 6 model 186 stepping 2 microcode 0x4121, cx8, cmov, fxsr, ht, mmx, 3dnowpref, sse, sse2, sse3, ssse3, sse4.1, sse4.2, popcnt, lzcnt, tsc, tscinvbit, avx, avx2, aes, erms, clmul, bmi1, bmi2, adx, sha, fma, vzeroupper, clflush, clflushopt, clwb, hv, serialize, rdtscp, rdpid, fsrm, f16c, cet_ibt, cet_ss
Processor Information for processor 0
  Max Mhz: 1900, Current Mhz: 1900, Mhz Limit: 1900
Processor Information for processor 1
  Max Mhz: 1900, Current Mhz: 1900, Mhz Limit: 1900
Processor Information for processor 2
  Max Mhz: 1900, Current Mhz: 1504, Mhz Limit: 1900
Processor Information for processor 3
  Max Mhz: 1900, Current Mhz: 1900, Mhz Limit: 1900
Processor Information for processor 4
  Max Mhz: 1900, Current Mhz: 1504, Mhz Limit: 1900
Processor Information for processor 5
  Max Mhz: 1900, Current Mhz: 1504, Mhz Limit: 1900
Processor Information for processor 6
  Max Mhz: 1900, Current Mhz: 1504, Mhz Limit: 1900
Processor Information for processor 7
  Max Mhz: 1900, Current Mhz: 1900, Mhz Limit: 1900
Processor Information for processor 8
  Max Mhz: 1900, Current Mhz: 1400, Mhz Limit: 1387
Processor Information for processor 9
  Max Mhz: 1900, Current Mhz: 1400, Mhz Limit: 1387
Processor Information for processor 10
  Max Mhz: 1900, Current Mhz: 1400, Mhz Limit: 1387
Processor Information for processor 11
  Max Mhz: 1900, Current Mhz: 1400, Mhz Limit: 1387
Processor Information for processor 12
  Max Mhz: 1900, Current Mhz: 1400, Mhz Limit: 1387
Processor Information for processor 13
  Max Mhz: 1900, Current Mhz: 1400, Mhz Limit: 1387
Processor Information for processor 14
  Max Mhz: 1900, Current Mhz: 1400, Mhz Limit: 1387
Processor Information for processor 15
  Max Mhz: 1900, Current Mhz: 1400, Mhz Limit: 1387

Memory: 4k page, system-wide physical 16095M (3647M free)
TotalPageFile size 16095M (AvailPageFile size 5M)
current process WorkingSet (physical memory assigned to process): 240M, peak: 324M
current process commit charge ("private bytes"): 340M, peak: 421M

vm_info: OpenJDK 64-Bit Server VM (21.0.11+10-LTS) for windows-amd64 JRE (21.0.11+10-LTS), built on 2026-04-21T00:00:00Z by "admin" with MS VC++ 17.12 (VS2022)

END.
