#
# There is insufficient memory for the Java Runtime Environment to continue.
# Native memory allocation (malloc) failed to allocate 1386192 bytes. Error detail: Chunk::new
# Possible reasons:
#   The system is out of physical RAM or swap space
#   This process is running with CompressedOops enabled, and the Java Heap may be blocking the growth of the native heap
# Possible solutions:
#   Reduce memory load on the system
#   Increase physical memory or swap space
#   Check if swap backing store is full
#   Decrease Java heap size (-Xmx/-Xms)
#   Decrease number of Java threads
#   Decrease Java thread stack sizes (-Xss)
#   Set larger code cache with -XX:ReservedCodeCacheSize=
#   JVM is running with Unscaled Compressed Oops mode in which the Java heap is
#     placed in the first 4GB address space. The Java Heap base address is the
#     maximum limit for the native heap growth. Please use -XX:HeapBaseMinAddress
#     to set the Java Heap base and to place the Java Heap above 4GB virtual address.
# This output file may be truncated or incomplete.
#
#  Out of Memory Error (arena.cpp:168), pid=28564, tid=10276
#
# JRE version: OpenJDK Runtime Environment Temurin-21.0.11+10 (21.0.11+10) (build 21.0.11+10-LTS)
# Java VM: OpenJDK 64-Bit Server VM Temurin-21.0.11+10 (21.0.11+10-LTS, mixed mode, sharing, tiered, compressed oops, compressed class ptrs, parallel gc, windows-amd64)
# No core dump will be written. Minidumps are not enabled by default on client versions of Windows
#

---------------  S U M M A R Y ------------

Command Line: --add-modules=ALL-SYSTEM --add-opens=java.base/java.util=ALL-UNNAMED --add-opens=java.base/java.lang=ALL-UNNAMED --add-opens=java.base/sun.nio.fs=ALL-UNNAMED -Declipse.application=org.eclipse.jdt.ls.core.id1 -Dosgi.bundles.defaultStartLevel=4 -Declipse.product=org.eclipse.jdt.ls.core.product -Djava.import.generatesMetadataFilesAtProjectRoot=false -DDetectVMInstallationsJob.disabled=true -Dfile.encoding=utf8 -XX:+UseParallelGC -XX:GCTimeRatio=4 -XX:AdaptiveSizePolicyWeight=90 -Dsun.zip.disableMemoryMapping=true -Xmx2G -Xms100m -Xlog:disable -javaagent:c:\Users\kumar\.vscode\extensions\redhat.java-1.55.0-win32-x64\lombok\lombok-1.18.39-4050.jar -XX:+HeapDumpOnOutOfMemoryError -XX:HeapDumpPath=c:\Users\kumar\AppData\Roaming\Code\User\workspaceStorage\34eab81abe4cf9b9b14716ff9f35c11f\redhat.java -Daether.dependencyCollector.impl=bf c:\Users\kumar\.vscode\extensions\redhat.java-1.55.0-win32-x64\server\plugins\org.eclipse.equinox.launcher_1.7.200.v20260619-2039.jar -configuration c:\Users\kumar\AppData\Roaming\Code\User\globalStorage\redhat.java\1.55.0\config_win -data c:\Users\kumar\AppData\Roaming\Code\User\workspaceStorage\34eab81abe4cf9b9b14716ff9f35c11f\redhat.java\jdt_ws --pipe=\\.\pipe\lsp-8ae30d49f6161b0cd20202a40342cf38-sock

Host: 13th Gen Intel(R) Core(TM) i5-1340P, 16 cores, 15G,  Windows 11 , 64 bit Build 26100 (10.0.26100.8521)
Time: Sat Jul  4 11:55:49 2026 India Standard Time elapsed time: 19.638617 seconds (0d 0h 0m 19s)

---------------  T H R E A D  ---------------

Current thread (0x000001e7e58a8a50):  JavaThread "C2 CompilerThread3" daemon [_thread_in_native, id=10276, stack(0x00000079b5e00000,0x00000079b5f00000) (1024K)]


Current CompileTask:
C2:19638 8636       4       java.lang.invoke.MethodType::methodType (44 bytes)

Stack: [0x00000079b5e00000,0x00000079b5f00000]
Native frames: (J=compiled Java code, j=interpreted, Vv=VM code, C=native code)
V  [jvm.dll+0x6d7e19]
V  [jvm.dll+0x8b5096]
V  [jvm.dll+0x8b764e]
V  [jvm.dll+0x8b7d33]
V  [jvm.dll+0x284596]
V  [jvm.dll+0xc685d]
V  [jvm.dll+0xc6da1]
V  [jvm.dll+0x3bed6b]
V  [jvm.dll+0x38b2b2]
V  [jvm.dll+0x38a6fa]
V  [jvm.dll+0x24c700]
V  [jvm.dll+0x24bce0]
V  [jvm.dll+0x1cb4ae]
V  [jvm.dll+0x25baad]
V  [jvm.dll+0x25a03a]
V  [jvm.dll+0x3f868e]
V  [jvm.dll+0x85fb0d]
V  [jvm.dll+0x6d664d]
C  [ucrtbase.dll+0x2cd30]
C  [KERNEL32.DLL+0x2e957]
C  [ntdll.dll+0x87c1c]


---------------  P R O C E S S  ---------------

Threads class SMR info:
_java_thread_list=0x000001e7e46df6f0, length=62, elements={
0x000001e783f5d8d0, 0x000001e783ffff80, 0x000001e7840032f0, 0x000001e7840055b0,
0x000001e784005c40, 0x000001e7840083a0, 0x000001e784008a30, 0x000001e784010150,
0x000001e7dce86e90, 0x000001e7dcf4df50, 0x000001e7840062d0, 0x000001e784006960,
0x000001e7de86fca0, 0x000001e784006ff0, 0x000001e784007680, 0x000001e784007d10,
0x000001e7e33595b0, 0x000001e7e335c3a0, 0x000001e7e335bd10, 0x000001e7e335a2d0,
0x000001e7e335a960, 0x000001e7e335aff0, 0x000001e7e335b680, 0x000001e7e57da940,
0x000001e7e57dafd0, 0x000001e7e57de450, 0x000001e7e57dd730, 0x000001e7e57deae0,
0x000001e7e57dc380, 0x000001e7e57dddc0, 0x000001e7e57db660, 0x000001e7e57dca10,
0x000001e7e57df170, 0x000001e7e57dbcf0, 0x000001e7e57df800, 0x000001e7e57dfe90,
0x000001e7e57e0520, 0x000001e7e57e0bb0, 0x000001e7e57e1240, 0x000001e7e57e18d0,
0x000001e7e57e1f60, 0x000001e7e6831420, 0x000001e7e6832140, 0x000001e7e6832e60,
0x000001e7e6831ab0, 0x000001e7e6830d90, 0x000001e7e68355c0, 0x000001e7e6835c50,
0x000001e7e6834210, 0x000001e7e6833b80, 0x000001e7e6837000, 0x000001e7deeb36c0,
0x000001e7deeb3d50, 0x000001e7deeb15f0, 0x000001e7e70d0280, 0x000001e7e70cd490,
0x000001e7e70cf560, 0x000001e7e45ac200, 0x000001e7e58a8a50, 0x000001e7e4f08650,
0x000001e7e70cdb20, 0x000001e7e70ce840
}

Java Threads: ( => current thread )
  0x000001e783f5d8d0 JavaThread "main"                              [_thread_blocked, id=7040, stack(0x00000079b0100000,0x00000079b0200000) (1024K)]
  0x000001e783ffff80 JavaThread "Reference Handler"          daemon [_thread_blocked, id=13900, stack(0x00000079b0500000,0x00000079b0600000) (1024K)]
  0x000001e7840032f0 JavaThread "Finalizer"                  daemon [_thread_blocked, id=9072, stack(0x00000079b0600000,0x00000079b0700000) (1024K)]
  0x000001e7840055b0 JavaThread "Signal Dispatcher"          daemon [_thread_blocked, id=15780, stack(0x00000079b0700000,0x00000079b0800000) (1024K)]
  0x000001e784005c40 JavaThread "Attach Listener"            daemon [_thread_blocked, id=14816, stack(0x00000079b0800000,0x00000079b0900000) (1024K)]
  0x000001e7840083a0 JavaThread "Service Thread"             daemon [_thread_blocked, id=28396, stack(0x00000079b0900000,0x00000079b0a00000) (1024K)]
  0x000001e784008a30 JavaThread "Monitor Deflation Thread"   daemon [_thread_blocked, id=25716, stack(0x00000079b0a00000,0x00000079b0b00000) (1024K)]
  0x000001e784010150 JavaThread "C2 CompilerThread0"         daemon [_thread_in_native, id=8688, stack(0x00000079b0b00000,0x00000079b0c00000) (1024K)]
  0x000001e7dce86e90 JavaThread "C1 CompilerThread0"         daemon [_thread_blocked, id=9944, stack(0x00000079b0c00000,0x00000079b0d00000) (1024K)]
  0x000001e7dcf4df50 JavaThread "C1 CompilerThread1"         daemon [_thread_blocked, id=6508, stack(0x00000079b0d00000,0x00000079b0e00000) (1024K)]
  0x000001e7840062d0 JavaThread "Common-Cleaner"             daemon [_thread_blocked, id=18688, stack(0x00000079b0f00000,0x00000079b1000000) (1024K)]
  0x000001e784006960 JavaThread "Notification Thread"        daemon [_thread_blocked, id=28188, stack(0x00000079b1100000,0x00000079b1200000) (1024K)]
  0x000001e7de86fca0 JavaThread "C2 CompilerThread1"         daemon [_thread_in_native, id=10572, stack(0x00000079b1000000,0x00000079b1100000) (1024K)]
  0x000001e784006ff0 JavaThread "Active Thread: Equinox Container: c19d7a12-4b8f-46c1-94d8-8bd9a1c4a944"        [_thread_blocked, id=12772, stack(0x00000079b1a00000,0x00000079b1b00000) (1024K)]
  0x000001e784007680 JavaThread "Refresh Thread: Equinox Container: c19d7a12-4b8f-46c1-94d8-8bd9a1c4a944" daemon [_thread_blocked, id=23492, stack(0x00000079b1c00000,0x00000079b1d00000) (1024K)]
  0x000001e784007d10 JavaThread "Framework Event Dispatcher: Equinox Container: c19d7a12-4b8f-46c1-94d8-8bd9a1c4a944" daemon [_thread_blocked, id=25720, stack(0x00000079b1d00000,0x00000079b1e00000) (1024K)]
  0x000001e7e33595b0 JavaThread "Start Level: Equinox Container: c19d7a12-4b8f-46c1-94d8-8bd9a1c4a944" daemon [_thread_blocked, id=17312, stack(0x00000079b1e00000,0x00000079b1f00000) (1024K)]
  0x000001e7e335c3a0 JavaThread "Bundle File Closer"         daemon [_thread_blocked, id=24276, stack(0x00000079b2200000,0x00000079b2300000) (1024K)]
  0x000001e7e335bd10 JavaThread "SCR Component Actor"        daemon [_thread_blocked, id=2720, stack(0x00000079b2300000,0x00000079b2400000) (1024K)]
  0x000001e7e335a2d0 JavaThread "Worker-JM"                         [_thread_blocked, id=6384, stack(0x00000079b2400000,0x00000079b2500000) (1024K)]
  0x000001e7e335a960 JavaThread "JNA Cleaner"                daemon [_thread_blocked, id=2516, stack(0x00000079b1200000,0x00000079b1300000) (1024K)]
  0x000001e7e335aff0 JavaThread "Worker-0: Publish Diagnostics"        [_thread_in_vm, id=13412, stack(0x00000079b2600000,0x00000079b2700000) (1024K)]
  0x000001e7e335b680 JavaThread "Worker-1"                          [_thread_blocked, id=28436, stack(0x00000079b2700000,0x00000079b2800000) (1024K)]
  0x000001e7e57da940 JavaThread "Java indexing"              daemon [_thread_blocked, id=23508, stack(0x00000079b2a00000,0x00000079b2b00000) (1024K)]
  0x000001e7e57dafd0 JavaThread "Worker-2"                          [_thread_blocked, id=9040, stack(0x00000079b2b00000,0x00000079b2c00000) (1024K)]
  0x000001e7e57de450 JavaThread "Worker-3"                          [_thread_blocked, id=15216, stack(0x00000079b2e00000,0x00000079b2f00000) (1024K)]
  0x000001e7e57dd730 JavaThread "Worker-4"                          [_thread_blocked, id=28640, stack(0x00000079b3100000,0x00000079b3200000) (1024K)]
  0x000001e7e57deae0 JavaThread "Worker-5"                          [_thread_blocked, id=29392, stack(0x00000079b3200000,0x00000079b3300000) (1024K)]
  0x000001e7e57dc380 JavaThread "Thread-1"                   daemon [_thread_in_native, id=23596, stack(0x00000079b3300000,0x00000079b3400000) (1024K)]
  0x000001e7e57dddc0 JavaThread "Thread-2"                   daemon [_thread_in_native, id=5552, stack(0x00000079b3400000,0x00000079b3500000) (1024K)]
  0x000001e7e57db660 JavaThread "Thread-3"                   daemon [_thread_in_native, id=6028, stack(0x00000079b3500000,0x00000079b3600000) (1024K)]
  0x000001e7e57dca10 JavaThread "Thread-4"                   daemon [_thread_in_native, id=12516, stack(0x00000079b3600000,0x00000079b3700000) (1024K)]
  0x000001e7e57df170 JavaThread "Thread-5"                   daemon [_thread_in_native, id=10144, stack(0x00000079b3700000,0x00000079b3800000) (1024K)]
  0x000001e7e57dbcf0 JavaThread "Thread-6"                   daemon [_thread_in_native, id=24216, stack(0x00000079b3800000,0x00000079b3900000) (1024K)]
  0x000001e7e57df800 JavaThread "Thread-7"                   daemon [_thread_in_native, id=29268, stack(0x00000079b3900000,0x00000079b3a00000) (1024K)]
  0x000001e7e57dfe90 JavaThread "Thread-8"                   daemon [_thread_in_native, id=16552, stack(0x00000079b3a00000,0x00000079b3b00000) (1024K)]
  0x000001e7e57e0520 JavaThread "Thread-9"                   daemon [_thread_in_native, id=1420, stack(0x00000079b3b00000,0x00000079b3c00000) (1024K)]
  0x000001e7e57e0bb0 JavaThread "Thread-10"                  daemon [_thread_in_native, id=17416, stack(0x00000079b3c00000,0x00000079b3d00000) (1024K)]
  0x000001e7e57e1240 JavaThread "Thread-11"                  daemon [_thread_in_native, id=22976, stack(0x00000079b3d00000,0x00000079b3e00000) (1024K)]
  0x000001e7e57e18d0 JavaThread "Thread-12"                  daemon [_thread_in_native, id=28956, stack(0x00000079b3e00000,0x00000079b3f00000) (1024K)]
  0x000001e7e57e1f60 JavaThread "Thread-13"                  daemon [_thread_in_native, id=2596, stack(0x00000079b3f00000,0x00000079b4000000) (1024K)]
  0x000001e7e6831420 JavaThread "Thread-14"                  daemon [_thread_in_native, id=18484, stack(0x00000079b4000000,0x00000079b4100000) (1024K)]
  0x000001e7e6832140 JavaThread "Thread-15"                  daemon [_thread_in_native, id=14736, stack(0x00000079b4100000,0x00000079b4200000) (1024K)]
  0x000001e7e6832e60 JavaThread "Thread-16"                  daemon [_thread_in_native, id=19424, stack(0x00000079b4200000,0x00000079b4300000) (1024K)]
  0x000001e7e6831ab0 JavaThread "Thread-17"                  daemon [_thread_in_native, id=10604, stack(0x00000079b4300000,0x00000079b4400000) (1024K)]
  0x000001e7e6830d90 JavaThread "pool-2-thread-1"                   [_thread_blocked, id=12160, stack(0x00000079b4400000,0x00000079b4500000) (1024K)]
  0x000001e7e68355c0 JavaThread "WorkspaceEventsHandler"            [_thread_blocked, id=6592, stack(0x00000079b4800000,0x00000079b4900000) (1024K)]
  0x000001e7e6835c50 JavaThread "pool-1-thread-1"                   [_thread_in_Java, id=23132, stack(0x00000079b4900000,0x00000079b4a00000) (1024K)]
  0x000001e7e6834210 JavaThread "PatternSearchJob-worker-1"  daemon [_thread_blocked, id=12396, stack(0x00000079b4500000,0x00000079b4600000) (1024K)]
  0x000001e7e6833b80 JavaThread "PatternSearchJob-worker-2"  daemon [_thread_blocked, id=24384, stack(0x00000079b4600000,0x00000079b4700000) (1024K)]
  0x000001e7e6837000 JavaThread "PatternSearchJob-worker-3"  daemon [_thread_blocked, id=26424, stack(0x00000079b4700000,0x00000079b4800000) (1024K)]
  0x000001e7deeb36c0 JavaThread "ForkJoinPool.commonPool-worker-1" daemon [_thread_in_native, id=27604, stack(0x00000079b2900000,0x00000079b2a00000) (1024K)]
  0x000001e7deeb3d50 JavaThread "ForkJoinPool.commonPool-worker-2" daemon [_thread_blocked, id=13636, stack(0x00000079b2c00000,0x00000079b2d00000) (1024K)]
  0x000001e7deeb15f0 JavaThread "ForkJoinPool.commonPool-worker-3" daemon [_thread_blocked, id=17132, stack(0x00000079b5900000,0x00000079b5a00000) (1024K)]
  0x000001e7e70d0280 JavaThread "ForkJoinPool.commonPool-worker-4" daemon [_thread_blocked, id=2360, stack(0x00000079b5a00000,0x00000079b5b00000) (1024K)]
  0x000001e7e70cd490 JavaThread "ForkJoinPool.commonPool-worker-5" daemon [_thread_blocked, id=18180, stack(0x00000079b5b00000,0x00000079b5c00000) (1024K)]
  0x000001e7e70cf560 JavaThread "ForkJoinPool.commonPool-worker-6" daemon [_thread_blocked, id=22848, stack(0x00000079b5c00000,0x00000079b5d00000) (1024K)]
  0x000001e7e45ac200 JavaThread "C2 CompilerThread2"         daemon [_thread_in_native, id=20600, stack(0x00000079b5d00000,0x00000079b5e00000) (1024K)]
=>0x000001e7e58a8a50 JavaThread "C2 CompilerThread3"         daemon [_thread_in_native, id=10276, stack(0x00000079b5e00000,0x00000079b5f00000) (1024K)]
  0x000001e7e4f08650 JavaThread "C2 CompilerThread4"         daemon [_thread_in_native, id=29652, stack(0x00000079b5f00000,0x00000079b6000000) (1024K)]
  0x000001e7e70cdb20 JavaThread "Cleaner-0"                  daemon [_thread_blocked, id=29336, stack(0x00000079b6000000,0x00000079b6100000) (1024K)]
  0x000001e7e70ce840 JavaThread "Worker-6"                          [_thread_blocked, id=28016, stack(0x00000079b6100000,0x00000079b6200000) (1024K)]
Total: 62

Other Threads:
  0x000001e79a9f49e0 VMThread "VM Thread"                           [id=25128, stack(0x00000079b0400000,0x00000079b0500000) (1024K)]
  0x000001e79a8eca00 WatcherThread "VM Periodic Task Thread"        [id=10076, stack(0x00000079b0300000,0x00000079b0400000) (1024K)]
  0x000001e783f7bf50 WorkerThread "GC Thread#0"                     [id=21096, stack(0x00000079b0200000,0x00000079b0300000) (1024K)]
  0x000001e7de974680 WorkerThread "GC Thread#1"                     [id=20668, stack(0x00000079b1300000,0x00000079b1400000) (1024K)]
  0x000001e7deae8890 WorkerThread "GC Thread#2"                     [id=28392, stack(0x00000079b1400000,0x00000079b1500000) (1024K)]
  0x000001e7de7ffda0 WorkerThread "GC Thread#3"                     [id=28532, stack(0x00000079b1500000,0x00000079b1600000) (1024K)]
  0x000001e7de800150 WorkerThread "GC Thread#4"                     [id=3888, stack(0x00000079b1600000,0x00000079b1700000) (1024K)]
  0x000001e7de800500 WorkerThread "GC Thread#5"                     [id=25000, stack(0x00000079b1700000,0x00000079b1800000) (1024K)]
  0x000001e7de8008b0 WorkerThread "GC Thread#6"                     [id=8144, stack(0x00000079b1800000,0x00000079b1900000) (1024K)]
  0x000001e7e3020ae0 WorkerThread "GC Thread#7"                     [id=14784, stack(0x00000079b1b00000,0x00000079b1c00000) (1024K)]
  0x000001e7e335fd30 WorkerThread "GC Thread#8"                     [id=4284, stack(0x00000079b1f00000,0x00000079b2000000) (1024K)]
  0x000001e7e33600e0 WorkerThread "GC Thread#9"                     [id=19972, stack(0x00000079b2000000,0x00000079b2100000) (1024K)]
  0x000001e7e3360490 WorkerThread "GC Thread#10"                    [id=28160, stack(0x00000079b2100000,0x00000079b2200000) (1024K)]
  0x000001e7e3ab4080 WorkerThread "GC Thread#11"                    [id=5912, stack(0x00000079b1900000,0x00000079b1a00000) (1024K)]
  0x000001e7e33a1950 WorkerThread "GC Thread#12"                    [id=27576, stack(0x00000079b2500000,0x00000079b2600000) (1024K)]
Total: 15

Threads with active compile tasks:
C2 CompilerThread0  22709 8614 %     4       java.util.Properties::load0 @ 29 (249 bytes)
C2 CompilerThread1  22709 8628       4       java.lang.invoke.MethodHandleImpl::makePairwiseConvertByEditor (617 bytes)
C2 CompilerThread2  22709 8635       4       java.lang.invoke.MethodType::makeImpl (109 bytes)
C2 CompilerThread3  22710 8636       4       java.lang.invoke.MethodType::methodType (44 bytes)
C2 CompilerThread4  22710 8622       4       org.lombokweb.asm.ClassReader::readCode (5117 bytes)
Total: 5

VM state: not at safepoint (normal execution)

VM Mutex/Monitor currently owned by a thread: None

Heap address: 0x0000000080000000, size: 2048 MB, Compressed Oops mode: 32-bit

CDS archive(s) mapped at: [0x000001e79b000000-0x000001e79bba0000-0x000001e79bba0000), size 12189696, SharedBaseAddress: 0x000001e79b000000, ArchiveRelocationMode: 1.
Compressed class space mapped at: 0x000001e79c000000-0x000001e7dc000000, reserved size: 1073741824
Narrow klass base: 0x000001e79b000000, Narrow klass shift: 0, Narrow klass range: 0x100000000

GC Precious Log:
 CardTable entry size: 512
 CPUs: 16 total, 16 available
 Memory: 16095M
 Large Page Support: Disabled
 NUMA Support: Disabled
 Compressed Oops: Enabled (32-bit)
 Alignments: Space 512K, Generation 512K, Heap 2M
 Heap Min Capacity: 100M
 Heap Initial Capacity: 100M
 Heap Max Capacity: 2G
 Pre-touch: Disabled
 Parallel Workers: 13

Heap:
 PSYoungGen      total 17920K, used 9490K [0x00000000d5580000, 0x00000000d6a00000, 0x0000000100000000)
  eden space 17408K, 54% used [0x00000000d5580000,0x00000000d5ec4808,0x00000000d6680000)
  from space 512K, 0% used [0x00000000d6980000,0x00000000d6980000,0x00000000d6a00000)
  to   space 1024K, 0% used [0x00000000d6800000,0x00000000d6800000,0x00000000d6900000)
 ParOldGen       total 68608K, used 40414K [0x0000000080000000, 0x0000000084300000, 0x00000000d5580000)
  object space 68608K, 58% used [0x0000000080000000,0x00000000827778f0,0x0000000084300000)
 Metaspace       used 59246K, committed 60544K, reserved 1114112K
  class space    used 6331K, committed 6912K, reserved 1048576K

Card table byte_map: [0x000001e783920000,0x000001e783d30000] _byte_map_base: 0x000001e783520000

Marking Bits: (ParMarkBitMap*) 0x00007fffbdb64460
 Begin Bits: [0x000001e796410000, 0x000001e798410000)
 End Bits:   [0x000001e798410000, 0x000001e79a410000)

Polling page: 0x000001e781f50000

Metaspace:

Usage:
  Non-class:     51.67 MB used.
      Class:      6.18 MB used.
       Both:     57.86 MB used.

Virtual space:
  Non-class space:       64.00 MB reserved,      52.38 MB ( 82%) committed,  1 nodes.
      Class space:        1.00 GB reserved,       6.75 MB ( <1%) committed,  1 nodes.
             Both:        1.06 GB reserved,      59.12 MB (  5%) committed. 

Chunk freelists:
   Non-Class:  11.19 MB
       Class:  9.30 MB
        Both:  20.48 MB

MaxMetaspaceSize: unlimited
CompressedClassSpaceSize: 1.00 GB
Initial GC threshold: 21.00 MB
Current GC threshold: 97.31 MB
CDS: on
 - commit_granule_bytes: 65536.
 - commit_granule_words: 8192.
 - virtual_space_node_default_size: 8388608.
 - enlarge_chunks_in_place: 1.
 - use_allocation_guard: 0.


Internal statistics:

num_allocs_failed_limit: 11.
num_arena_births: 946.
num_arena_deaths: 34.
num_vsnodes_births: 2.
num_vsnodes_deaths: 0.
num_space_committed: 946.
num_space_uncommitted: 0.
num_chunks_returned_to_freelist: 52.
num_chunks_taken_from_freelist: 3631.
num_chunk_merges: 18.
num_chunk_splits: 2268.
num_chunks_enlarged: 1344.
num_inconsistent_stats: 0.

CodeHeap 'non-profiled nmethods': size=119168Kb used=5819Kb max_used=5866Kb free=113349Kb
 bounds [0x000001e78ed00000, 0x000001e78f2c0000, 0x000001e796160000]
CodeHeap 'profiled nmethods': size=119104Kb used=16978Kb max_used=17704Kb free=102125Kb
 bounds [0x000001e787160000, 0x000001e7882b0000, 0x000001e78e5b0000]
CodeHeap 'non-nmethods': size=7488Kb used=1981Kb max_used=3144Kb free=5507Kb
 bounds [0x000001e78e5b0000, 0x000001e78e8e0000, 0x000001e78ed00000]
CodeCache: size=245760Kb, used=24778Kb, max_used=26714Kb, free=220981Kb
 total_blobs=8636, nmethods=7902, adapters=639, full_count=0
Compilation: enabled, stopped_count=0, restarted_count=0

Compilation events (20 events):
Event: 18.568 Thread 0x000001e7dce86e90 8638       1       org.eclipse.jdt.internal.core.CompilationUnit::getElementType (2 bytes)
Event: 18.568 Thread 0x000001e7dce86e90 nmethod 8638 0x000001e78ed64b90 code [0x000001e78ed64d20, 0x000001e78ed64de8]
Event: 18.574 Thread 0x000001e7dd006f20 8642       3       org.eclipse.core.runtime.jobs.Job::getJobGroup (5 bytes)
Event: 18.574 Thread 0x000001e7dd006f20 nmethod 8642 0x000001e7871e7c90 code [0x000001e7871e7e20, 0x000001e7871e7f40]
Event: 18.575 Thread 0x000001e7dce86e90 8645       1       org.eclipse.lsp4j.ClientCapabilities::getTextDocument (5 bytes)
Event: 18.576 Thread 0x000001e7dce86e90 nmethod 8645 0x000001e78eeb7510 code [0x000001e78eeb76a0, 0x000001e78eeb7768]
Event: 18.576 Thread 0x000001e7dd006f20 8646       3       com.google.gson.internal.bind.TypeAdapters$16::write (10 bytes)
Event: 18.576 Thread 0x000001e7e4b69810 8647       3       com.google.gson.internal.bind.TypeAdapters$16::write (7 bytes)
Event: 18.577 Thread 0x000001e7e4b69810 nmethod 8647 0x000001e787195d90 code [0x000001e787195fa0, 0x000001e787196440]
Event: 18.577 Thread 0x000001e7dd006f20 nmethod 8646 0x000001e787528d10 code [0x000001e787528f20, 0x000001e787529530]
Event: 18.578 Thread 0x000001e7e4b69810 8648       3       java.util.concurrent.CountDownLatch::await (9 bytes)
Event: 18.578 Thread 0x000001e7e4b69810 nmethod 8648 0x000001e787169290 code [0x000001e787169440, 0x000001e787169588]
Event: 18.582 Thread 0x000001e7e4b69810 8649       3       java.util.regex.Matcher::end (20 bytes)
Event: 18.584 Thread 0x000001e7e4b69810 nmethod 8649 0x000001e7873cbb90 code [0x000001e7873cbd80, 0x000001e7873cc130]
Event: 18.603 Thread 0x000001e7dd006f20 8651       3       org.eclipse.core.internal.resources.Project::hasNature (36 bytes)
Event: 18.606 Thread 0x000001e7dd006f20 nmethod 8651 0x000001e7876c5f90 code [0x000001e7876c61c0, 0x000001e7876c6b68]
Event: 18.612 Thread 0x000001e7dd006f20 8653       3       org.eclipse.jdt.internal.core.JavaProject::equals (38 bytes)
Event: 18.613 Thread 0x000001e7dd006f20 nmethod 8653 0x000001e7872f5810 code [0x000001e7872f59e0, 0x000001e7872f5f38]
Event: 18.614 Thread 0x000001e7dce86e90 8656       3       org.eclipse.jdt.internal.compiler.util.SoftClassCache$ClassBytes::getBytes (65 bytes)
Event: 18.616 Thread 0x000001e7e4b69810 8658       3       org.eclipse.jdt.internal.compiler.impl.IrritantSet::set (23 bytes)

GC Heap History (20 events):
Event: 14.477 GC heap before
{Heap before GC invocations=32 (full 2):
 PSYoungGen      total 22528K, used 22464K [0x00000000d5580000, 0x00000000d6f80000, 0x0000000100000000)
  eden space 20480K, 100% used [0x00000000d5580000,0x00000000d6980000,0x00000000d6980000)
  from space 2048K, 96% used [0x00000000d6980000,0x00000000d6b70000,0x00000000d6b80000)
  to   space 3072K, 0% used [0x00000000d6c80000,0x00000000d6c80000,0x00000000d6f80000)
 ParOldGen       total 68608K, used 43734K [0x0000000080000000, 0x0000000084300000, 0x00000000d5580000)
  object space 68608K, 63% used [0x0000000080000000,0x0000000082ab5b58,0x0000000084300000)
 Metaspace       used 50169K, committed 51264K, reserved 1114112K
  class space    used 5389K, committed 5888K, reserved 1048576K
}
Event: 14.484 GC heap after
{Heap after GC invocations=32 (full 2):
 PSYoungGen      total 20480K, used 3051K [0x00000000d5580000, 0x00000000d7580000, 0x0000000100000000)
  eden space 17408K, 0% used [0x00000000d5580000,0x00000000d5580000,0x00000000d6680000)
  from space 3072K, 99% used [0x00000000d6c80000,0x00000000d6f7ae58,0x00000000d6f80000)
  to   space 6144K, 0% used [0x00000000d6680000,0x00000000d6680000,0x00000000d6c80000)
 ParOldGen       total 68608K, used 45863K [0x0000000080000000, 0x0000000084300000, 0x00000000d5580000)
  object space 68608K, 66% used [0x0000000080000000,0x0000000082cc9d58,0x0000000084300000)
 Metaspace       used 50169K, committed 51264K, reserved 1114112K
  class space    used 5389K, committed 5888K, reserved 1048576K
}
Event: 15.016 GC heap before
{Heap before GC invocations=33 (full 2):
 PSYoungGen      total 20480K, used 20459K [0x00000000d5580000, 0x00000000d7580000, 0x0000000100000000)
  eden space 17408K, 100% used [0x00000000d5580000,0x00000000d6680000,0x00000000d6680000)
  from space 3072K, 99% used [0x00000000d6c80000,0x00000000d6f7ae58,0x00000000d6f80000)
  to   space 6144K, 0% used [0x00000000d6680000,0x00000000d6680000,0x00000000d6c80000)
 ParOldGen       total 68608K, used 45863K [0x0000000080000000, 0x0000000084300000, 0x00000000d5580000)
  object space 68608K, 66% used [0x0000000080000000,0x0000000082cc9d58,0x0000000084300000)
 Metaspace       used 51179K, committed 52352K, reserved 1114112K
  class space    used 5523K, committed 6016K, reserved 1048576K
}
Event: 15.025 GC heap after
{Heap after GC invocations=33 (full 2):
 PSYoungGen      total 18432K, used 704K [0x00000000d5580000, 0x00000000d6d00000, 0x0000000100000000)
  eden space 17408K, 0% used [0x00000000d5580000,0x00000000d5580000,0x00000000d6680000)
  from space 1024K, 68% used [0x00000000d6680000,0x00000000d6730000,0x00000000d6780000)
  to   space 2560K, 0% used [0x00000000d6a80000,0x00000000d6a80000,0x00000000d6d00000)
 ParOldGen       total 68608K, used 48793K [0x0000000080000000, 0x0000000084300000, 0x00000000d5580000)
  object space 68608K, 71% used [0x0000000080000000,0x0000000082fa6450,0x0000000084300000)
 Metaspace       used 51179K, committed 52352K, reserved 1114112K
  class space    used 5523K, committed 6016K, reserved 1048576K
}
Event: 15.369 GC heap before
{Heap before GC invocations=34 (full 2):
 PSYoungGen      total 18432K, used 18112K [0x00000000d5580000, 0x00000000d6d00000, 0x0000000100000000)
  eden space 17408K, 100% used [0x00000000d5580000,0x00000000d6680000,0x00000000d6680000)
  from space 1024K, 68% used [0x00000000d6680000,0x00000000d6730000,0x00000000d6780000)
  to   space 2560K, 0% used [0x00000000d6a80000,0x00000000d6a80000,0x00000000d6d00000)
 ParOldGen       total 68608K, used 48793K [0x0000000080000000, 0x0000000084300000, 0x00000000d5580000)
  object space 68608K, 71% used [0x0000000080000000,0x0000000082fa6450,0x0000000084300000)
 Metaspace       used 52230K, committed 53312K, reserved 1114112K
  class space    used 5611K, committed 6080K, reserved 1048576K
}
Event: 15.374 GC heap after
{Heap after GC invocations=34 (full 2):
 PSYoungGen      total 19456K, used 1904K [0x00000000d5580000, 0x00000000d6c80000, 0x0000000100000000)
  eden space 17408K, 0% used [0x00000000d5580000,0x00000000d5580000,0x00000000d6680000)
  from space 2048K, 92% used [0x00000000d6a80000,0x00000000d6c5c0e0,0x00000000d6c80000)
  to   space 2560K, 0% used [0x00000000d6780000,0x00000000d6780000,0x00000000d6a00000)
 ParOldGen       total 68608K, used 49260K [0x0000000080000000, 0x0000000084300000, 0x00000000d5580000)
  object space 68608K, 71% used [0x0000000080000000,0x000000008301b130,0x0000000084300000)
 Metaspace       used 52230K, committed 53312K, reserved 1114112K
  class space    used 5611K, committed 6080K, reserved 1048576K
}
Event: 15.492 GC heap before
{Heap before GC invocations=35 (full 2):
 PSYoungGen      total 19456K, used 19312K [0x00000000d5580000, 0x00000000d6c80000, 0x0000000100000000)
  eden space 17408K, 100% used [0x00000000d5580000,0x00000000d6680000,0x00000000d6680000)
  from space 2048K, 92% used [0x00000000d6a80000,0x00000000d6c5c0e0,0x00000000d6c80000)
  to   space 2560K, 0% used [0x00000000d6780000,0x00000000d6780000,0x00000000d6a00000)
 ParOldGen       total 68608K, used 49260K [0x0000000080000000, 0x0000000084300000, 0x00000000d5580000)
  object space 68608K, 71% used [0x0000000080000000,0x000000008301b130,0x0000000084300000)
 Metaspace       used 52254K, committed 53312K, reserved 1114112K
  class space    used 5611K, committed 6080K, reserved 1048576K
}
Event: 15.495 GC heap after
{Heap after GC invocations=35 (full 2):
 PSYoungGen      total 19968K, used 314K [0x00000000d5580000, 0x00000000d6b00000, 0x0000000100000000)
  eden space 17408K, 0% used [0x00000000d5580000,0x00000000d5580000,0x00000000d6680000)
  from space 2560K, 12% used [0x00000000d6780000,0x00000000d67ce930,0x00000000d6a00000)
  to   space 1024K, 0% used [0x00000000d6a00000,0x00000000d6a00000,0x00000000d6b00000)
 ParOldGen       total 68608K, used 50056K [0x0000000080000000, 0x0000000084300000, 0x00000000d5580000)
  object space 68608K, 72% used [0x0000000080000000,0x00000000830e22a8,0x0000000084300000)
 Metaspace       used 52254K, committed 53312K, reserved 1114112K
  class space    used 5611K, committed 6080K, reserved 1048576K
}
Event: 15.642 GC heap before
{Heap before GC invocations=36 (full 2):
 PSYoungGen      total 19968K, used 17722K [0x00000000d5580000, 0x00000000d6b00000, 0x0000000100000000)
  eden space 17408K, 100% used [0x00000000d5580000,0x00000000d6680000,0x00000000d6680000)
  from space 2560K, 12% used [0x00000000d6780000,0x00000000d67ce930,0x00000000d6a00000)
  to   space 1024K, 0% used [0x00000000d6a00000,0x00000000d6a00000,0x00000000d6b00000)
 ParOldGen       total 68608K, used 50056K [0x0000000080000000, 0x0000000084300000, 0x00000000d5580000)
  object space 68608K, 72% used [0x0000000080000000,0x00000000830e22a8,0x0000000084300000)
 Metaspace       used 52732K, committed 53824K, reserved 1114112K
  class space    used 5650K, committed 6144K, reserved 1048576K
}
Event: 15.643 GC heap after
{Heap after GC invocations=36 (full 2):
 PSYoungGen      total 17920K, used 384K [0x00000000d5580000, 0x00000000d6a80000, 0x0000000100000000)
  eden space 17408K, 0% used [0x00000000d5580000,0x00000000d5580000,0x00000000d6680000)
  from space 512K, 75% used [0x00000000d6a00000,0x00000000d6a60000,0x00000000d6a80000)
  to   space 512K, 0% used [0x00000000d6980000,0x00000000d6980000,0x00000000d6a00000)
 ParOldGen       total 68608K, used 50072K [0x0000000080000000, 0x0000000084300000, 0x00000000d5580000)
  object space 68608K, 72% used [0x0000000080000000,0x00000000830e62a8,0x0000000084300000)
 Metaspace       used 52732K, committed 53824K, reserved 1114112K
  class space    used 5650K, committed 6144K, reserved 1048576K
}
Event: 16.330 GC heap before
{Heap before GC invocations=37 (full 2):
 PSYoungGen      total 17920K, used 17792K [0x00000000d5580000, 0x00000000d6a80000, 0x0000000100000000)
  eden space 17408K, 100% used [0x00000000d5580000,0x00000000d6680000,0x00000000d6680000)
  from space 512K, 75% used [0x00000000d6a00000,0x00000000d6a60000,0x00000000d6a80000)
  to   space 512K, 0% used [0x00000000d6980000,0x00000000d6980000,0x00000000d6a00000)
 ParOldGen       total 68608K, used 50072K [0x0000000080000000, 0x0000000084300000, 0x00000000d5580000)
  object space 68608K, 72% used [0x0000000080000000,0x00000000830e62a8,0x0000000084300000)
 Metaspace       used 54503K, committed 55680K, reserved 1114112K
  class space    used 5877K, committed 6400K, reserved 1048576K
}
Event: 16.334 GC heap after
{Heap after GC invocations=37 (full 2):
 PSYoungGen      total 17920K, used 480K [0x00000000d5580000, 0x00000000d6a80000, 0x0000000100000000)
  eden space 17408K, 0% used [0x00000000d5580000,0x00000000d5580000,0x00000000d6680000)
  from space 512K, 93% used [0x00000000d6980000,0x00000000d69f8170,0x00000000d6a00000)
  to   space 512K, 0% used [0x00000000d6a00000,0x00000000d6a00000,0x00000000d6a80000)
 ParOldGen       total 68608K, used 50682K [0x0000000080000000, 0x0000000084300000, 0x00000000d5580000)
  object space 68608K, 73% used [0x0000000080000000,0x000000008317eba8,0x0000000084300000)
 Metaspace       used 54503K, committed 55680K, reserved 1114112K
  class space    used 5877K, committed 6400K, reserved 1048576K
}
Event: 16.737 GC heap before
{Heap before GC invocations=38 (full 2):
 PSYoungGen      total 17920K, used 17888K [0x00000000d5580000, 0x00000000d6a80000, 0x0000000100000000)
  eden space 17408K, 100% used [0x00000000d5580000,0x00000000d6680000,0x00000000d6680000)
  from space 512K, 93% used [0x00000000d6980000,0x00000000d69f8170,0x00000000d6a00000)
  to   space 512K, 0% used [0x00000000d6a00000,0x00000000d6a00000,0x00000000d6a80000)
 ParOldGen       total 68608K, used 50682K [0x0000000080000000, 0x0000000084300000, 0x00000000d5580000)
  object space 68608K, 73% used [0x0000000080000000,0x000000008317eba8,0x0000000084300000)
 Metaspace       used 56920K, committed 58240K, reserved 1114112K
  class space    used 6122K, committed 6656K, reserved 1048576K
}
Event: 16.739 GC heap after
{Heap after GC invocations=38 (full 2):
 PSYoungGen      total 17920K, used 497K [0x00000000d5580000, 0x00000000d6a80000, 0x0000000100000000)
  eden space 17408K, 0% used [0x00000000d5580000,0x00000000d5580000,0x00000000d6680000)
  from space 512K, 97% used [0x00000000d6a00000,0x00000000d6a7c780,0x00000000d6a80000)
  to   space 1024K, 0% used [0x00000000d6880000,0x00000000d6880000,0x00000000d6980000)
 ParOldGen       total 68608K, used 51057K [0x0000000080000000, 0x0000000084300000, 0x00000000d5580000)
  object space 68608K, 74% used [0x0000000080000000,0x00000000831dc5f8,0x0000000084300000)
 Metaspace       used 56920K, committed 58240K, reserved 1114112K
  class space    used 6122K, committed 6656K, reserved 1048576K
}
Event: 18.155 GC heap before
{Heap before GC invocations=39 (full 2):
 PSYoungGen      total 17920K, used 17902K [0x00000000d5580000, 0x00000000d6a80000, 0x0000000100000000)
  eden space 17408K, 99% used [0x00000000d5580000,0x00000000d667f2d8,0x00000000d6680000)
  from space 512K, 97% used [0x00000000d6a00000,0x00000000d6a7c780,0x00000000d6a80000)
  to   space 1024K, 0% used [0x00000000d6880000,0x00000000d6880000,0x00000000d6980000)
 ParOldGen       total 68608K, used 51057K [0x0000000080000000, 0x0000000084300000, 0x00000000d5580000)
  object space 68608K, 74% used [0x0000000080000000,0x00000000831dc5f8,0x0000000084300000)
 Metaspace       used 58471K, committed 59712K, reserved 1114112K
  class space    used 6242K, committed 6784K, reserved 1048576K
}
Event: 18.158 GC heap after
{Heap after GC invocations=39 (full 2):
 PSYoungGen      total 18432K, used 992K [0x00000000d5580000, 0x00000000d6a80000, 0x0000000100000000)
  eden space 17408K, 0% used [0x00000000d5580000,0x00000000d5580000,0x00000000d6680000)
  from space 1024K, 96% used [0x00000000d6880000,0x00000000d6978080,0x00000000d6980000)
  to   space 1024K, 0% used [0x00000000d6980000,0x00000000d6980000,0x00000000d6a80000)
 ParOldGen       total 68608K, used 51519K [0x0000000080000000, 0x0000000084300000, 0x00000000d5580000)
  object space 68608K, 75% used [0x0000000080000000,0x000000008324fe88,0x0000000084300000)
 Metaspace       used 58471K, committed 59712K, reserved 1114112K
  class space    used 6242K, committed 6784K, reserved 1048576K
}
Event: 18.174 GC heap before
{Heap before GC invocations=40 (full 2):
 PSYoungGen      total 18432K, used 1550K [0x00000000d5580000, 0x00000000d6a80000, 0x0000000100000000)
  eden space 17408K, 3% used [0x00000000d5580000,0x00000000d560b7f0,0x00000000d6680000)
  from space 1024K, 96% used [0x00000000d6880000,0x00000000d6978080,0x00000000d6980000)
  to   space 1024K, 0% used [0x00000000d6980000,0x00000000d6980000,0x00000000d6a80000)
 ParOldGen       total 68608K, used 51519K [0x0000000080000000, 0x0000000084300000, 0x00000000d5580000)
  object space 68608K, 75% used [0x0000000080000000,0x000000008324fe88,0x0000000084300000)
 Metaspace       used 58525K, committed 59776K, reserved 1114112K
  class space    used 6250K, committed 6784K, reserved 1048576K
}
Event: 18.177 GC heap after
{Heap after GC invocations=40 (full 2):
 PSYoungGen      total 17920K, used 288K [0x00000000d5580000, 0x00000000d6a00000, 0x0000000100000000)
  eden space 17408K, 0% used [0x00000000d5580000,0x00000000d5580000,0x00000000d6680000)
  from space 512K, 56% used [0x00000000d6980000,0x00000000d69c8000,0x00000000d6a00000)
  to   space 1024K, 0% used [0x00000000d6800000,0x00000000d6800000,0x00000000d6900000)
 ParOldGen       total 68608K, used 52359K [0x0000000080000000, 0x0000000084300000, 0x00000000d5580000)
  object space 68608K, 76% used [0x0000000080000000,0x0000000083321f48,0x0000000084300000)
 Metaspace       used 58525K, committed 59776K, reserved 1114112K
  class space    used 6250K, committed 6784K, reserved 1048576K
}
Event: 18.177 GC heap before
{Heap before GC invocations=41 (full 3):
 PSYoungGen      total 17920K, used 288K [0x00000000d5580000, 0x00000000d6a00000, 0x0000000100000000)
  eden space 17408K, 0% used [0x00000000d5580000,0x00000000d5580000,0x00000000d6680000)
  from space 512K, 56% used [0x00000000d6980000,0x00000000d69c8000,0x00000000d6a00000)
  to   space 1024K, 0% used [0x00000000d6800000,0x00000000d6800000,0x00000000d6900000)
 ParOldGen       total 68608K, used 52359K [0x0000000080000000, 0x0000000084300000, 0x00000000d5580000)
  object space 68608K, 76% used [0x0000000080000000,0x0000000083321f48,0x0000000084300000)
 Metaspace       used 58525K, committed 59776K, reserved 1114112K
  class space    used 6250K, committed 6784K, reserved 1048576K
}
Event: 18.320 GC heap after
{Heap after GC invocations=41 (full 3):
 PSYoungGen      total 17920K, used 0K [0x00000000d5580000, 0x00000000d6a00000, 0x0000000100000000)
  eden space 17408K, 0% used [0x00000000d5580000,0x00000000d5580000,0x00000000d6680000)
  from space 512K, 0% used [0x00000000d6980000,0x00000000d6980000,0x00000000d6a00000)
  to   space 1024K, 0% used [0x00000000d6800000,0x00000000d6800000,0x00000000d6900000)
 ParOldGen       total 68608K, used 40414K [0x0000000080000000, 0x0000000084300000, 0x00000000d5580000)
  object space 68608K, 58% used [0x0000000080000000,0x00000000827778f0,0x0000000084300000)
 Metaspace       used 58525K, committed 59776K, reserved 1114112K
  class space    used 6250K, committed 6784K, reserved 1048576K
}

Dll operation events (10 events):
Event: 0.014 Loaded shared library c:\Users\kumar\.vscode\extensions\redhat.java-1.55.0-win32-x64\jre\21.0.11-win32-x86_64\bin\java.dll
Event: 0.095 Loaded shared library c:\Users\kumar\.vscode\extensions\redhat.java-1.55.0-win32-x64\jre\21.0.11-win32-x86_64\bin\zip.dll
Event: 0.127 Loaded shared library C:\Users\kumar\.vscode\extensions\redhat.java-1.55.0-win32-x64\jre\21.0.11-win32-x86_64\bin\instrument.dll
Event: 0.135 Loaded shared library C:\Users\kumar\.vscode\extensions\redhat.java-1.55.0-win32-x64\jre\21.0.11-win32-x86_64\bin\net.dll
Event: 0.140 Loaded shared library C:\Users\kumar\.vscode\extensions\redhat.java-1.55.0-win32-x64\jre\21.0.11-win32-x86_64\bin\nio.dll
Event: 0.145 Loaded shared library C:\Users\kumar\.vscode\extensions\redhat.java-1.55.0-win32-x64\jre\21.0.11-win32-x86_64\bin\zip.dll
Event: 0.174 Loaded shared library C:\Users\kumar\.vscode\extensions\redhat.java-1.55.0-win32-x64\jre\21.0.11-win32-x86_64\bin\jimage.dll
Event: 0.356 Loaded shared library c:\Users\kumar\.vscode\extensions\redhat.java-1.55.0-win32-x64\jre\21.0.11-win32-x86_64\bin\verify.dll
Event: 1.632 Loaded shared library C:\Users\kumar\AppData\Roaming\Code\User\globalStorage\redhat.java\1.55.0\config_win\org.eclipse.equinox.launcher\org.eclipse.equinox.launcher.win32.win32.x86_64_1.3.100.v20260613-0559\eclipse_11924.dll
Event: 3.468 Loaded shared library C:\Users\kumar\AppData\Local\Temp\jna-102410164\jna4468141671715488175.dll

Deoptimization events (20 events):
Event: 16.770 Thread 0x000001e7deeb15f0 DEOPT PACKING pc=0x000001e78ee60818 sp=0x00000079b59feba0
Event: 16.770 Thread 0x000001e7deeb15f0 DEOPT UNPACKING pc=0x000001e78e603aa2 sp=0x00000079b59fea58 mode 2
Event: 16.783 Thread 0x000001e7e6833b80 Uncommon trap: trap_request=0xffffff45 fr.pc=0x000001e78f01db0c relative=0x0000000000000a0c
Event: 16.783 Thread 0x000001e7e6833b80 Uncommon trap: reason=unstable_if action=reinterpret pc=0x000001e78f01db0c method=org.eclipse.jdt.internal.core.index.DiskIndex.readStreamChars(Ljava/io/InputStream;)[C @ 1 c2
Event: 16.783 Thread 0x000001e7e6833b80 DEOPT PACKING pc=0x000001e78f01db0c sp=0x00000079b46feae0
Event: 16.783 Thread 0x000001e7e6833b80 DEOPT UNPACKING pc=0x000001e78e603aa2 sp=0x00000079b46fea58 mode 2
Event: 17.316 Thread 0x000001e7e335bd10 Uncommon trap: trap_request=0xffffffde fr.pc=0x000001e78f0b76e0 relative=0x00000000000000a0
Event: 17.910 Thread 0x000001e7e335bd10 Uncommon trap: reason=class_check action=maybe_recompile pc=0x000001e78f0b76e0 method=java.util.concurrent.Executors$RunnableAdapter.call()Ljava/lang/Object; @ 4 c2
Event: 17.927 Thread 0x000001e7e335bd10 DEOPT PACKING pc=0x000001e78f0b76e0 sp=0x00000079b23ff370
Event: 17.927 Thread 0x000001e7e335bd10 DEOPT UNPACKING pc=0x000001e78e603aa2 sp=0x00000079b23ff310 mode 2
Event: 17.996 Thread 0x000001e7deeb36c0 DEOPT PACKING pc=0x000001e78817c781 sp=0x00000079b29fe190
Event: 17.996 Thread 0x000001e7deeb36c0 DEOPT UNPACKING pc=0x000001e78e604242 sp=0x00000079b29fd6b0 mode 0
Event: 18.041 Thread 0x000001e7deeb36c0 Uncommon trap: trap_request=0xffffff45 fr.pc=0x000001e78f1d9dc8 relative=0x00000000000003a8
Event: 18.041 Thread 0x000001e7deeb36c0 Uncommon trap: reason=unstable_if action=reinterpret pc=0x000001e78f1d9dc8 method=java.lang.CharacterDataLatin1.digit(II)I @ 12 c2
Event: 18.041 Thread 0x000001e7deeb36c0 DEOPT PACKING pc=0x000001e78f1d9dc8 sp=0x00000079b29fea90
Event: 18.041 Thread 0x000001e7deeb36c0 DEOPT UNPACKING pc=0x000001e78e603aa2 sp=0x00000079b29fe858 mode 2
Event: 18.548 Thread 0x000001e7deeb36c0 Uncommon trap: trap_request=0xffffff45 fr.pc=0x000001e78f1677b8 relative=0x0000000000000718
Event: 18.548 Thread 0x000001e7deeb36c0 Uncommon trap: reason=unstable_if action=reinterpret pc=0x000001e78f1677b8 method=org.eclipse.jdt.internal.core.util.WeakHashSet.cleanupGarbageCollectedValues()V @ 140 c2
Event: 18.548 Thread 0x000001e7deeb36c0 DEOPT PACKING pc=0x000001e78f1677b8 sp=0x00000079b29fe7f0
Event: 18.548 Thread 0x000001e7deeb36c0 DEOPT UNPACKING pc=0x000001e78e603aa2 sp=0x00000079b29fe6f8 mode 2

Classes loaded (20 events):
Event: 16.466 Loading class java/nio/charset/CharacterCodingException
Event: 16.466 Loading class java/nio/charset/CharacterCodingException done
Event: 16.467 Loading class java/io/SequenceInputStream
Event: 16.467 Loading class java/io/SequenceInputStream done
Event: 16.498 Loading class java/util/WeakHashMap$KeyIterator
Event: 16.498 Loading class java/util/WeakHashMap$KeyIterator done
Event: 16.651 Loading class java/util/concurrent/CompletableFuture$UniApply
Event: 16.651 Loading class java/util/concurrent/CompletableFuture$UniCompletion
Event: 16.652 Loading class java/util/concurrent/CompletableFuture$UniCompletion done
Event: 16.652 Loading class java/util/concurrent/CompletableFuture$UniApply done
Event: 16.653 Loading class java/util/concurrent/CompletableFuture$UniAccept
Event: 16.653 Loading class java/util/concurrent/CompletableFuture$UniAccept done
Event: 16.653 Loading class java/util/concurrent/CompletableFuture$UniExceptionally
Event: 16.653 Loading class java/util/concurrent/CompletableFuture$UniExceptionally done
Event: 16.704 Loading class javax/xml/transform/TransformerConfigurationException
Event: 16.705 Loading class javax/xml/transform/TransformerConfigurationException done
Event: 16.765 Loading class java/util/Hashtable$KeySet
Event: 16.766 Loading class java/util/Hashtable$KeySet done
Event: 18.434 Loading class jdk/internal/ref/CleanerImpl$InnocuousThreadFactory
Event: 18.435 Loading class jdk/internal/ref/CleanerImpl$InnocuousThreadFactory done

Classes unloaded (17 events):
Event: 4.366 Thread 0x000001e79a9f49e0 Unloading class 0x000001e79c1aa800 'java/lang/invoke/LambdaForm$MH+0x000001e79c1aa800'
Event: 4.366 Thread 0x000001e79a9f49e0 Unloading class 0x000001e79c1aa400 'java/lang/invoke/LambdaForm$MH+0x000001e79c1aa400'
Event: 4.366 Thread 0x000001e79a9f49e0 Unloading class 0x000001e79c1aa000 'java/lang/invoke/LambdaForm$MH+0x000001e79c1aa000'
Event: 4.366 Thread 0x000001e79a9f49e0 Unloading class 0x000001e79c1a9c00 'java/lang/invoke/LambdaForm$MH+0x000001e79c1a9c00'
Event: 4.366 Thread 0x000001e79a9f49e0 Unloading class 0x000001e79c1a9800 'java/lang/invoke/LambdaForm$BMH+0x000001e79c1a9800'
Event: 4.366 Thread 0x000001e79a9f49e0 Unloading class 0x000001e79c1a9400 'java/lang/invoke/LambdaForm$DMH+0x000001e79c1a9400'
Event: 4.366 Thread 0x000001e79a9f49e0 Unloading class 0x000001e79c1a8000 'java/lang/invoke/LambdaForm$DMH+0x000001e79c1a8000'
Event: 6.411 Thread 0x000001e79a9f49e0 Unloading class 0x000001e79c319800 'java/lang/invoke/LambdaForm$MH+0x000001e79c319800'
Event: 6.411 Thread 0x000001e79a9f49e0 Unloading class 0x000001e79c318c00 'java/lang/invoke/LambdaForm$MH+0x000001e79c318c00'
Event: 6.411 Thread 0x000001e79a9f49e0 Unloading class 0x000001e79c318400 'java/lang/invoke/LambdaForm$MH+0x000001e79c318400'
Event: 6.411 Thread 0x000001e79a9f49e0 Unloading class 0x000001e79c317c00 'java/lang/invoke/LambdaForm$MH+0x000001e79c317c00'
Event: 6.411 Thread 0x000001e79a9f49e0 Unloading class 0x000001e79c317800 'java/lang/invoke/LambdaForm$DMH+0x000001e79c317800'
Event: 6.411 Thread 0x000001e79a9f49e0 Unloading class 0x000001e79c312400 'java/lang/invoke/LambdaForm$MH+0x000001e79c312400'
Event: 6.411 Thread 0x000001e79a9f49e0 Unloading class 0x000001e79c311c00 'java/lang/invoke/LambdaForm$MH+0x000001e79c311c00'
Event: 6.411 Thread 0x000001e79a9f49e0 Unloading class 0x000001e79c310800 'java/lang/invoke/LambdaForm$MH+0x000001e79c310800'
Event: 6.411 Thread 0x000001e79a9f49e0 Unloading class 0x000001e79c309c00 'java/lang/invoke/LambdaForm$MH+0x000001e79c309c00'
Event: 6.411 Thread 0x000001e79a9f49e0 Unloading class 0x000001e79c309400 'java/lang/invoke/LambdaForm$MH+0x000001e79c309400'

Classes redefined (0 events):
No events

Internal exceptions (20 events):
Event: 16.888 Thread 0x000001e7deeb15f0 Exception <a 'sun/nio/fs/WindowsException'{0x00000000d5d399d0}> (0x00000000d5d399d0) 
thrown [s\src\hotspot\share\prims\jni.cpp, line 520]
Event: 16.889 Thread 0x000001e7deeb15f0 Exception <a 'sun/nio/fs/WindowsException'{0x00000000d5d3a2c0}> (0x00000000d5d3a2c0) 
thrown [s\src\hotspot\share\prims\jni.cpp, line 520]
Event: 16.890 Thread 0x000001e7e6835c50 Exception <a 'java/lang/IncompatibleClassChangeError'{0x00000000d59d5420}: Found class java.lang.Object, but interface was expected> (0x00000000d59d5420) 
thrown [s\src\hotspot\share\interpreter\linkResolver.cpp, line 840]
Event: 16.899 Thread 0x000001e7deeb15f0 Exception <a 'java/io/FileNotFoundException'{0x00000000d5d71f30}> (0x00000000d5d71f30) 
thrown [s\src\hotspot\share\prims\jni.cpp, line 520]
Event: 16.899 Thread 0x000001e7deeb15f0 Exception <a 'java/io/FileNotFoundException'{0x00000000d5d78918}> (0x00000000d5d78918) 
thrown [s\src\hotspot\share\prims\jni.cpp, line 520]
Event: 17.949 Thread 0x000001e7e6835c50 Exception <a 'java/lang/IncompatibleClassChangeError'{0x00000000d5d56dd0}: Found class java.lang.Object, but interface was expected> (0x00000000d5d56dd0) 
thrown [s\src\hotspot\share\interpreter\linkResolver.cpp, line 840]
Event: 17.953 Thread 0x000001e7e57dd730 Exception <a 'java/lang/NoSuchMethodError'{0x00000000d5e0b5a8}: 'java.lang.Object java.lang.invoke.DirectMethodHandle$Holder.invokeSpecial(java.lang.Object, java.lang.Object, int, long)'> (0x00000000d5e0b5a8) 
thrown [s\src\hotspot\share\interpreter\linkResolver.cpp, line 773]
Event: 17.964 Thread 0x000001e7deeb15f0 Exception <a 'sun/nio/fs/WindowsException'{0x00000000d5e00628}> (0x00000000d5e00628) 
thrown [s\src\hotspot\share\prims\jni.cpp, line 520]
Event: 17.964 Thread 0x000001e7deeb15f0 Exception <a 'sun/nio/fs/WindowsException'{0x00000000d5e00f18}> (0x00000000d5e00f18) 
thrown [s\src\hotspot\share\prims\jni.cpp, line 520]
Event: 17.965 Thread 0x000001e7deeb15f0 Exception <a 'sun/nio/fs/WindowsException'{0x00000000d5e19218}> (0x00000000d5e19218) 
thrown [s\src\hotspot\share\prims\jni.cpp, line 520]
Event: 17.965 Thread 0x000001e7deeb15f0 Exception <a 'sun/nio/fs/WindowsException'{0x00000000d5e19858}> (0x00000000d5e19858) 
thrown [s\src\hotspot\share\prims\jni.cpp, line 520]
Event: 17.976 Thread 0x000001e7e57deae0 Exception <a 'sun/nio/fs/WindowsException'{0x00000000d5e73208}> (0x00000000d5e73208) 
thrown [s\src\hotspot\share\prims\jni.cpp, line 520]
Event: 17.976 Thread 0x000001e7e57deae0 Exception <a 'sun/nio/fs/WindowsException'{0x00000000d5e73848}> (0x00000000d5e73848) 
thrown [s\src\hotspot\share\prims\jni.cpp, line 520]
Event: 17.977 Thread 0x000001e7e57deae0 Exception <a 'sun/nio/fs/WindowsException'{0x00000000d5e745a0}> (0x00000000d5e745a0) 
thrown [s\src\hotspot\share\prims\jni.cpp, line 520]
Event: 17.977 Thread 0x000001e7e57deae0 Exception <a 'sun/nio/fs/WindowsException'{0x00000000d5e74be0}> (0x00000000d5e74be0) 
thrown [s\src\hotspot\share\prims\jni.cpp, line 520]
Event: 17.978 Thread 0x000001e7e57deae0 Exception <a 'sun/nio/fs/WindowsException'{0x00000000d5e76048}> (0x00000000d5e76048) 
thrown [s\src\hotspot\share\prims\jni.cpp, line 520]
Event: 17.978 Thread 0x000001e7e57deae0 Exception <a 'sun/nio/fs/WindowsException'{0x00000000d5e7ca50}> (0x00000000d5e7ca50) 
thrown [s\src\hotspot\share\prims\jni.cpp, line 520]
Event: 17.979 Thread 0x000001e7e57deae0 Exception <a 'sun/nio/fs/WindowsException'{0x00000000d5e7d780}> (0x00000000d5e7d780) 
thrown [s\src\hotspot\share\prims\jni.cpp, line 520]
Event: 17.979 Thread 0x000001e7e57deae0 Exception <a 'sun/nio/fs/WindowsException'{0x00000000d5e7ddc0}> (0x00000000d5e7ddc0) 
thrown [s\src\hotspot\share\prims\jni.cpp, line 520]
Event: 18.030 Thread 0x000001e7e70cd490 Exception <a 'java/lang/ArrayIndexOutOfBoundsException'{0x00000000d6042128}: Index 48 out of bounds for length 47> (0x00000000d6042128) 
thrown [s\src\hotspot\share\interpreter\interpreterRuntime.cpp, line 439]

ZGC Phase Switch (0 events):
No events

VM Operations (20 events):
Event: 16.099 Executing non-safepoint VM operation: HandshakeAllThreads (Deoptimize) done
Event: 16.100 Executing non-safepoint VM operation: HandshakeAllThreads (Deoptimize)
Event: 16.102 Executing non-safepoint VM operation: HandshakeAllThreads (Deoptimize) done
Event: 16.119 Executing non-safepoint VM operation: HandshakeAllThreads (Deoptimize)
Event: 16.120 Executing non-safepoint VM operation: HandshakeAllThreads (Deoptimize) done
Event: 16.330 Executing safepoint VM operation: ParallelGCFailedAllocation (Allocation Failure)
Event: 16.334 Executing safepoint VM operation: ParallelGCFailedAllocation (Allocation Failure) done
Event: 16.723 Executing non-safepoint VM operation: HandshakeAllThreads (Deoptimize)
Event: 16.723 Executing non-safepoint VM operation: HandshakeAllThreads (Deoptimize) done
Event: 16.737 Executing safepoint VM operation: ParallelGCFailedAllocation (Allocation Failure)
Event: 16.739 Executing safepoint VM operation: ParallelGCFailedAllocation (Allocation Failure) done
Event: 16.741 Executing non-safepoint VM operation: HandshakeAllThreads (Deoptimize)
Event: 16.741 Executing non-safepoint VM operation: HandshakeAllThreads (Deoptimize) done
Event: 17.743 Executing safepoint VM operation: Cleanup
Event: 17.924 Executing safepoint VM operation: Cleanup done
Event: 18.155 Executing safepoint VM operation: ParallelGCFailedAllocation (Allocation Failure)
Event: 18.158 Executing safepoint VM operation: ParallelGCFailedAllocation (Allocation Failure) done
Event: 18.174 Executing safepoint VM operation: CollectForMetadataAllocation (Metadata GC Threshold)
Event: 18.321 Executing safepoint VM operation: CollectForMetadataAllocation (Metadata GC Threshold) done
Event: 19.336 Executing safepoint VM operation: Cleanup

Memory protections (0 events):
No events

Nmethod flushes (20 events):
Event: 18.232 Thread 0x000001e79a9f49e0 flushing osr nmethod 0x000001e787a0d990
Event: 18.232 Thread 0x000001e79a9f49e0 flushing osr nmethod 0x000001e787a0fb10
Event: 18.232 Thread 0x000001e79a9f49e0 flushing osr nmethod 0x000001e787a3ec90
Event: 18.232 Thread 0x000001e79a9f49e0 flushing  nmethod 0x000001e787a5d610
Event: 18.232 Thread 0x000001e79a9f49e0 flushing  nmethod 0x000001e787a78d10
Event: 18.232 Thread 0x000001e79a9f49e0 flushing  nmethod 0x000001e787a7bf10
Event: 18.232 Thread 0x000001e79a9f49e0 flushing  nmethod 0x000001e787a7c890
Event: 18.232 Thread 0x000001e79a9f49e0 flushing  nmethod 0x000001e787a7fd90
Event: 18.232 Thread 0x000001e79a9f49e0 flushing  nmethod 0x000001e787a92890
Event: 18.232 Thread 0x000001e79a9f49e0 flushing  nmethod 0x000001e787ab8410
Event: 18.232 Thread 0x000001e79a9f49e0 flushing  nmethod 0x000001e787ab8b10
Event: 18.232 Thread 0x000001e79a9f49e0 flushing  nmethod 0x000001e787ab9a10
Event: 18.232 Thread 0x000001e79a9f49e0 flushing  nmethod 0x000001e787aba010
Event: 18.232 Thread 0x000001e79a9f49e0 flushing  nmethod 0x000001e787aba890
Event: 18.232 Thread 0x000001e79a9f49e0 flushing  nmethod 0x000001e787abc390
Event: 18.232 Thread 0x000001e79a9f49e0 flushing  nmethod 0x000001e787ac9390
Event: 18.232 Thread 0x000001e79a9f49e0 flushing  nmethod 0x000001e787ace390
Event: 18.232 Thread 0x000001e79a9f49e0 flushing  nmethod 0x000001e787ae0e90
Event: 18.232 Thread 0x000001e79a9f49e0 flushing  nmethod 0x000001e787afb410
Event: 18.232 Thread 0x000001e79a9f49e0 flushing  nmethod 0x000001e787b02f90

Events (20 events):
Event: 15.336 Thread 0x000001e7e3e79f30 Thread exited: 0x000001e7e3e79f30
Event: 15.484 Thread 0x000001e7dce86e90 Thread added: 0x000001e7e813cd80
Event: 15.485 Thread 0x000001e7dce86e90 Thread added: 0x000001e7e52c3610
Event: 15.514 Thread 0x000001e7e52c3610 Thread added: 0x000001e7e58a8a50
Event: 15.992 Thread 0x000001e7deeb36c0 Thread exited: 0x000001e7deeb36c0
Event: 16.447 Thread 0x000001e7e58a8a50 Thread exited: 0x000001e7e58a8a50
Event: 16.447 Thread 0x000001e7e52c3610 Thread exited: 0x000001e7e52c3610
Event: 16.453 Thread 0x000001e7e813cd80 Thread exited: 0x000001e7e813cd80
Event: 16.453 Thread 0x000001e7e45ac200 Thread exited: 0x000001e7e45ac200
Event: 16.653 Thread 0x000001e7e6835c50 Thread added: 0x000001e7deeb36c0
Event: 16.655 Thread 0x000001e7e6835c50 Thread added: 0x000001e7deeb3d50
Event: 16.656 Thread 0x000001e7deeb3d50 Thread added: 0x000001e7deeb15f0
Event: 16.657 Thread 0x000001e7deeb15f0 Thread added: 0x000001e7e70d0280
Event: 16.659 Thread 0x000001e7e70d0280 Thread added: 0x000001e7e70cd490
Event: 16.666 Thread 0x000001e7e6835c50 Thread added: 0x000001e7e70cf560
Event: 18.165 Thread 0x000001e7de86fca0 Thread added: 0x000001e7e45ac200
Event: 18.165 Thread 0x000001e7de86fca0 Thread added: 0x000001e7e58a8a50
Event: 18.165 Thread 0x000001e7de86fca0 Thread added: 0x000001e7e4f08650
Event: 18.435 Thread 0x000001e7deeb36c0 Thread added: 0x000001e7e70cdb20
Event: 18.575 Thread 0x000001e7e335aff0 Thread added: 0x000001e7e70ce840


Dynamic libraries:
0x00007ff7376b0000 - 0x00007ff7376be000 	c:\Users\kumar\.vscode\extensions\redhat.java-1.55.0-win32-x64\jre\21.0.11-win32-x86_64\bin\java.exe
0x00007ff85ad20000 - 0x00007ff85af86000 	C:\WINDOWS\SYSTEM32\ntdll.dll
0x00007ff8597f0000 - 0x00007ff8598b9000 	C:\WINDOWS\System32\KERNEL32.DLL
0x00007ff858690000 - 0x00007ff858a8a000 	C:\WINDOWS\System32\KERNELBASE.dll
0x00007ff858040000 - 0x00007ff85818c000 	C:\WINDOWS\System32\ucrtbase.dll
0x00007ff8439b0000 - 0x00007ff8439c8000 	c:\Users\kumar\.vscode\extensions\redhat.java-1.55.0-win32-x64\jre\21.0.11-win32-x86_64\bin\jli.dll
0x00007ff8593c0000 - 0x00007ff859587000 	C:\WINDOWS\System32\USER32.dll
0x00007ff8583c0000 - 0x00007ff8583e7000 	C:\WINDOWS\System32\win32u.dll
0x00007ff858dc0000 - 0x00007ff858deb000 	C:\WINDOWS\System32\GDI32.dll
0x00007ff8584b0000 - 0x00007ff8585db000 	C:\WINDOWS\System32\gdi32full.dll
0x00007ff858190000 - 0x00007ff858233000 	C:\WINDOWS\System32\msvcp_win.dll
0x00007ff843990000 - 0x00007ff8439ae000 	c:\Users\kumar\.vscode\extensions\redhat.java-1.55.0-win32-x64\jre\21.0.11-win32-x86_64\bin\VCRUNTIME140.dll
0x00007ff834430000 - 0x00007ff8346c2000 	C:\WINDOWS\WinSxS\amd64_microsoft.windows.common-controls_6595b64144ccf1df_6.0.26100.8521_none_3e08b75ce33403b3\COMCTL32.dll
0x00007ff859310000 - 0x00007ff8593b9000 	C:\WINDOWS\System32\msvcrt.dll
0x00007ff858cb0000 - 0x00007ff858ce2000 	C:\WINDOWS\System32\IMM32.DLL
0x00007ff843980000 - 0x00007ff84398c000 	c:\Users\kumar\.vscode\extensions\redhat.java-1.55.0-win32-x64\jre\21.0.11-win32-x86_64\bin\vcruntime140_1.dll
0x00007ff8227f0000 - 0x00007ff82287d000 	c:\Users\kumar\.vscode\extensions\redhat.java-1.55.0-win32-x64\jre\21.0.11-win32-x86_64\bin\msvcp140.dll
0x00007fffbcea0000 - 0x00007fffbdc42000 	c:\Users\kumar\.vscode\extensions\redhat.java-1.55.0-win32-x64\jre\21.0.11-win32-x86_64\bin\server\jvm.dll
0x00007ff858bf0000 - 0x00007ff858ca6000 	C:\WINDOWS\System32\ADVAPI32.dll
0x00007ff85a670000 - 0x00007ff85a71a000 	C:\WINDOWS\System32\sechost.dll
0x00007ff85a7a0000 - 0x00007ff85a8b8000 	C:\WINDOWS\System32\RPCRT4.dll
0x00007ff858ef0000 - 0x00007ff858f70000 	C:\WINDOWS\System32\WS2_32.dll
0x00007ff857e10000 - 0x00007ff857e6e000 	C:\WINDOWS\SYSTEM32\POWRPROF.dll
0x00007ff84d650000 - 0x00007ff84d65b000 	C:\WINDOWS\SYSTEM32\VERSION.dll
0x00007ff84a8d0000 - 0x00007ff84a906000 	C:\WINDOWS\SYSTEM32\WINMM.dll
0x00007ff857df0000 - 0x00007ff857e04000 	C:\WINDOWS\SYSTEM32\UMPDC.dll
0x00007ff856d40000 - 0x00007ff856d5b000 	C:\WINDOWS\SYSTEM32\kernel.appcore.dll
0x00007ff8388d0000 - 0x00007ff8388da000 	c:\Users\kumar\.vscode\extensions\redhat.java-1.55.0-win32-x64\jre\21.0.11-win32-x86_64\bin\jimage.dll
0x00007ff855530000 - 0x00007ff855772000 	C:\WINDOWS\SYSTEM32\DBGHELP.DLL
0x00007ff858f80000 - 0x00007ff859303000 	C:\WINDOWS\System32\combase.dll
0x00007ff85a590000 - 0x00007ff85a669000 	C:\WINDOWS\System32\OLEAUT32.dll
0x00007ff830840000 - 0x00007ff83087b000 	C:\WINDOWS\SYSTEM32\dbgcore.DLL
0x00007ff8585e0000 - 0x00007ff858688000 	C:\WINDOWS\System32\bcryptPrimitives.dll
0x00007ff838710000 - 0x00007ff83871f000 	c:\Users\kumar\.vscode\extensions\redhat.java-1.55.0-win32-x64\jre\21.0.11-win32-x86_64\bin\instrument.dll
0x00007ff8355f0000 - 0x00007ff835610000 	c:\Users\kumar\.vscode\extensions\redhat.java-1.55.0-win32-x64\jre\21.0.11-win32-x86_64\bin\java.dll
0x00007ff8598c0000 - 0x00007ff85a044000 	C:\WINDOWS\System32\SHELL32.dll
0x00007ff855b40000 - 0x00007ff8563c0000 	C:\WINDOWS\SYSTEM32\windows.storage.dll
0x00007ff859600000 - 0x00007ff8596f6000 	C:\WINDOWS\System32\SHCORE.dll
0x00007ff859590000 - 0x00007ff8595f7000 	C:\WINDOWS\System32\shlwapi.dll
0x00007ff857ed0000 - 0x00007ff857ef9000 	C:\WINDOWS\SYSTEM32\profapi.dll
0x00007ff8354a0000 - 0x00007ff8354b8000 	c:\Users\kumar\.vscode\extensions\redhat.java-1.55.0-win32-x64\jre\21.0.11-win32-x86_64\bin\zip.dll
0x00007ff8355e0000 - 0x00007ff8355f0000 	C:\Users\kumar\.vscode\extensions\redhat.java-1.55.0-win32-x64\jre\21.0.11-win32-x86_64\bin\net.dll
0x00007ff84e580000 - 0x00007ff84e6a9000 	C:\WINDOWS\SYSTEM32\WINHTTP.dll
0x00007ff8572b0000 - 0x00007ff85731c000 	C:\WINDOWS\system32\mswsock.dll
0x00007ff835480000 - 0x00007ff835496000 	C:\Users\kumar\.vscode\extensions\redhat.java-1.55.0-win32-x64\jre\21.0.11-win32-x86_64\bin\nio.dll
0x00007ff835540000 - 0x00007ff835550000 	c:\Users\kumar\.vscode\extensions\redhat.java-1.55.0-win32-x64\jre\21.0.11-win32-x86_64\bin\verify.dll
0x00007ff8338d0000 - 0x00007ff833915000 	C:\Users\kumar\AppData\Roaming\Code\User\globalStorage\redhat.java\1.55.0\config_win\org.eclipse.equinox.launcher\org.eclipse.equinox.launcher.win32.win32.x86_64_1.3.100.v20260613-0559\eclipse_11924.dll
0x00007ff85aaa0000 - 0x00007ff85ac38000 	C:\WINDOWS\System32\ole32.dll
0x00007ff857590000 - 0x00007ff8575ab000 	C:\WINDOWS\SYSTEM32\CRYPTSP.dll
0x00007ff856ca0000 - 0x00007ff856cd9000 	C:\WINDOWS\system32\rsaenh.dll
0x00007ff857360000 - 0x00007ff857393000 	C:\WINDOWS\SYSTEM32\USERENV.dll
0x00007ff857ea0000 - 0x00007ff857eca000 	C:\WINDOWS\SYSTEM32\bcrypt.dll
0x00007ff8575b0000 - 0x00007ff8575bc000 	C:\WINDOWS\SYSTEM32\CRYPTBASE.dll
0x00007ff8566f0000 - 0x00007ff856723000 	C:\WINDOWS\SYSTEM32\IPHLPAPI.DLL
0x00007ff858cf0000 - 0x00007ff858cfa000 	C:\WINDOWS\System32\NSI.dll
0x00007ff82dcd0000 - 0x00007ff82dd19000 	C:\Users\kumar\AppData\Local\Temp\jna-102410164\jna4468141671715488175.dll
0x00007ff859700000 - 0x00007ff859708000 	C:\WINDOWS\System32\PSAPI.DLL
0x00007ff851480000 - 0x00007ff85149d000 	C:\WINDOWS\SYSTEM32\dhcpcsvc6.DLL
0x00007ff851450000 - 0x00007ff851475000 	C:\WINDOWS\SYSTEM32\dhcpcsvc.DLL

JVMTI agents:
c:\Users\kumar\.vscode\extensions\redhat.java-1.55.0-win32-x64\lombok\lombok-1.18.39-4050.jar path:c:\Users\kumar\.vscode\extensions\redhat.java-1.55.0-win32-x64\jre\21.0.11-win32-x86_64\bin\instrument.dll, loaded, initialized, instrumentlib options:none

dbghelp: loaded successfully - version: 4.0.5 - missing functions: none
symbol engine: initialized successfully - sym options: 0x614 - pdb path: .;c:\Users\kumar\.vscode\extensions\redhat.java-1.55.0-win32-x64\jre\21.0.11-win32-x86_64\bin;C:\WINDOWS\SYSTEM32;C:\WINDOWS\WinSxS\amd64_microsoft.windows.common-controls_6595b64144ccf1df_6.0.26100.8521_none_3e08b75ce33403b3;c:\Users\kumar\.vscode\extensions\redhat.java-1.55.0-win32-x64\jre\21.0.11-win32-x86_64\bin\server;C:\Users\kumar\AppData\Roaming\Code\User\globalStorage\redhat.java\1.55.0\config_win\org.eclipse.equinox.launcher\org.eclipse.equinox.launcher.win32.win32.x86_64_1.3.100.v20260613-0559;C:\Users\kumar\AppData\Local\Temp\jna-102410164

VM Arguments:
jvm_args: --add-modules=ALL-SYSTEM --add-opens=java.base/java.util=ALL-UNNAMED --add-opens=java.base/java.lang=ALL-UNNAMED --add-opens=java.base/sun.nio.fs=ALL-UNNAMED -Declipse.application=org.eclipse.jdt.ls.core.id1 -Dosgi.bundles.defaultStartLevel=4 -Declipse.product=org.eclipse.jdt.ls.core.product -Djava.import.generatesMetadataFilesAtProjectRoot=false -DDetectVMInstallationsJob.disabled=true -Dfile.encoding=utf8 -XX:+UseParallelGC -XX:GCTimeRatio=4 -XX:AdaptiveSizePolicyWeight=90 -Dsun.zip.disableMemoryMapping=true -Xmx2G -Xms100m -Xlog:disable -javaagent:c:\Users\kumar\.vscode\extensions\redhat.java-1.55.0-win32-x64\lombok\lombok-1.18.39-4050.jar -XX:+HeapDumpOnOutOfMemoryError -XX:HeapDumpPath=c:\Users\kumar\AppData\Roaming\Code\User\workspaceStorage\34eab81abe4cf9b9b14716ff9f35c11f\redhat.java -Daether.dependencyCollector.impl=bf 
java_command: c:\Users\kumar\.vscode\extensions\redhat.java-1.55.0-win32-x64\server\plugins\org.eclipse.equinox.launcher_1.7.200.v20260619-2039.jar -configuration c:\Users\kumar\AppData\Roaming\Code\User\globalStorage\redhat.java\1.55.0\config_win -data c:\Users\kumar\AppData\Roaming\Code\User\workspaceStorage\34eab81abe4cf9b9b14716ff9f35c11f\redhat.java\jdt_ws --pipe=\\.\pipe\lsp-8ae30d49f6161b0cd20202a40342cf38-sock
java_class_path (initial): c:\Users\kumar\.vscode\extensions\redhat.java-1.55.0-win32-x64\server\plugins\org.eclipse.equinox.launcher_1.7.200.v20260619-2039.jar
Launcher Type: SUN_STANDARD

[Global flags]
    uintx AdaptiveSizePolicyWeight                 = 90                                        {product} {command line}
     intx CICompilerCount                          = 12                                        {product} {ergonomic}
    uintx GCTimeRatio                              = 4                                         {product} {command line}
     bool HeapDumpOnOutOfMemoryError               = true                                   {manageable} {command line}
    ccstr HeapDumpPath                             = c:\Users\kumar\AppData\Roaming\Code\User\workspaceStorage\34eab81abe4cf9b9b14716ff9f35c11f\redhat.java         {manageable} {command line}
   size_t InitialHeapSize                          = 104857600                                 {product} {command line}
   size_t MaxHeapSize                              = 2147483648                                {product} {command line}
   size_t MaxNewSize                               = 715653120                                 {product} {ergonomic}
   size_t MinHeapDeltaBytes                        = 524288                                    {product} {ergonomic}
   size_t MinHeapSize                              = 104857600                                 {product} {command line}
   size_t NewSize                                  = 34603008                                  {product} {ergonomic}
    uintx NonNMethodCodeHeapSize                   = 7602480                                {pd product} {ergonomic}
    uintx NonProfiledCodeHeapSize                  = 122027880                              {pd product} {ergonomic}
   size_t OldSize                                  = 70254592                                  {product} {ergonomic}
    uintx ProfiledCodeHeapSize                     = 122027880                              {pd product} {ergonomic}
    uintx ReservedCodeCacheSize                    = 251658240                              {pd product} {ergonomic}
     bool SegmentedCodeCache                       = true                                      {product} {ergonomic}
   size_t SoftMaxHeapSize                          = 2147483648                             {manageable} {ergonomic}
     bool UseCompressedOops                        = true                           {product lp64_product} {ergonomic}
     bool UseLargePagesIndividualAllocation        = false                                  {pd product} {ergonomic}
     bool UseParallelGC                            = true                                      {product} {command line}

Logging:
Log output configuration:
 #0: stdout all=off uptime,level,tags foldmultilines=false
 #1: stderr all=off uptime,level,tags foldmultilines=false

Release file:
JAVA_VERSION="21.0.11" 
MODULES="java.base java.compiler java.datatransfer java.xml java.prefs java.desktop java.instrument java.logging java.management java.security.sasl java.naming java.rmi java.management.rmi java.net.http java.scripting java.security.jgss java.transaction.xa java.sql java.sql.rowset java.xml.crypto java.se java.smartcardio jdk.accessibility jdk.internal.jvmstat jdk.attach jdk.charsets jdk.internal.opt jdk.zipfs jdk.compiler jdk.crypto.ec jdk.crypto.cryptoki jdk.crypto.mscapi jdk.dynalink jdk.internal.ed jdk.editpad jdk.hotspot.agent jdk.httpserver jdk.internal.le jdk.internal.vm.ci jdk.internal.vm.compiler jdk.internal.vm.compiler.management jdk.jartool jdk.javadoc jdk.jcmd jdk.management jdk.management.agent jdk.jconsole jdk.jdeps jdk.jdwp.agent jdk.jdi jdk.jfr jdk.jshell jdk.jsobject jdk.jstatd jdk.localedata jdk.management.jfr jdk.naming.dns jdk.naming.rmi jdk.net jdk.nio.mapmode jdk.random jdk.sctp jdk.security.auth jdk.security.jgss jdk.unsupported jdk.unsupported.desktop jdk.xml.dom" 

Environment Variables:
PATH=C:\Program Files\Common Files\Oracle\Java\javapath;C:\windows\system32;C:\windows;C:\windows\System32\Wbem;C:\windows\System32\WindowsPowerShell\v1.0\;C:\windows\System32\OpenSSH\;C:\WINDOWS\system32;C:\WINDOWS;C:\WINDOWS\System32\Wbem;C:\WINDOWS\System32\WindowsPowerShell\v1.0\;C:\WINDOWS\System32\OpenSSH\;C:\Program Files\Git\cmd;C:\Program Files\nodejs\;C:\Program Files\Java\jdk-25.0.2\bin;C:\Program Files\Apache\Maven\apache-maven-3.9.16\bin;C:\Users\kumar\AppData\Local\Programs\Python\Python311\Scripts\;C:\Users\kumar\AppData\Local\Programs\Python\Python311\;C:\Users\kumar\AppData\Local\Microsoft\WindowsApps;C:\Users\kumar\AppData\Local\Programs\Microsoft VS Code\bin;C:\msys64\ucrt64\bin;C:\msys64;C:\Users\kumar\AppData\Roaming\npm
USERNAME=kumar
OS=Windows_NT
PROCESSOR_IDENTIFIER=Intel64 Family 6 Model 186 Stepping 2, GenuineIntel
TMP=C:\Users\kumar\AppData\Local\Temp
TEMP=C:\Users\kumar\AppData\Local\Temp




Periodic native trim disabled

---------------  S Y S T E M  ---------------

OS:
 Windows 11 , 64 bit Build 26100 (10.0.26100.8521)
OS uptime: 1 days 13:39 hours
Hyper-V role detected

CPU: total 16 (initial active 16) (8 cores per cpu, 2 threads per core) family 6 model 186 stepping 2 microcode 0x4121, cx8, cmov, fxsr, ht, mmx, 3dnowpref, sse, sse2, sse3, ssse3, sse4.1, sse4.2, popcnt, lzcnt, tsc, tscinvbit, avx, avx2, aes, erms, clmul, bmi1, bmi2, adx, sha, fma, vzeroupper, clflush, clflushopt, clwb, hv, serialize, rdtscp, rdpid, fsrm, f16c, cet_ibt, cet_ss
Processor Information for processor 0
  Max Mhz: 1900, Current Mhz: 1900, Mhz Limit: 1900
Processor Information for processor 1
  Max Mhz: 1900, Current Mhz: 1900, Mhz Limit: 1900
Processor Information for processor 2
  Max Mhz: 1900, Current Mhz: 1504, Mhz Limit: 1900
Processor Information for processor 3
  Max Mhz: 1900, Current Mhz: 1900, Mhz Limit: 1900
Processor Information for processor 4
  Max Mhz: 1900, Current Mhz: 1900, Mhz Limit: 1900
Processor Information for processor 5
  Max Mhz: 1900, Current Mhz: 1900, Mhz Limit: 1900
Processor Information for processor 6
  Max Mhz: 1900, Current Mhz: 1900, Mhz Limit: 1900
Processor Information for processor 7
  Max Mhz: 1900, Current Mhz: 1504, Mhz Limit: 1900
Processor Information for processor 8
  Max Mhz: 1900, Current Mhz: 1400, Mhz Limit: 1387
Processor Information for processor 9
  Max Mhz: 1900, Current Mhz: 1400, Mhz Limit: 1387
Processor Information for processor 10
  Max Mhz: 1900, Current Mhz: 1400, Mhz Limit: 1387
Processor Information for processor 11
  Max Mhz: 1900, Current Mhz: 1400, Mhz Limit: 1387
Processor Information for processor 12
  Max Mhz: 1900, Current Mhz: 1400, Mhz Limit: 1387
Processor Information for processor 13
  Max Mhz: 1900, Current Mhz: 1400, Mhz Limit: 1387
Processor Information for processor 14
  Max Mhz: 1900, Current Mhz: 1400, Mhz Limit: 1387
Processor Information for processor 15
  Max Mhz: 1900, Current Mhz: 1400, Mhz Limit: 1387

Memory: 4k page, system-wide physical 16095M (2859M free)
TotalPageFile size 16095M (AvailPageFile size 2M)
current process WorkingSet (physical memory assigned to process): 309M, peak: 311M
current process commit charge ("private bytes"): 415M, peak: 418M

vm_info: OpenJDK 64-Bit Server VM (21.0.11+10-LTS) for windows-amd64 JRE (21.0.11+10-LTS), built on 2026-04-21T00:00:00Z by "admin" with MS VC++ 17.12 (VS2022)

END.
