#
# There is insufficient memory for the Java Runtime Environment to continue.
# Native memory allocation (malloc) failed to allocate 699536 bytes. Error detail: Chunk::new
# Possible reasons:
#   The system is out of physical RAM or swap space
#   This process is running with CompressedOops enabled, and the Java Heap may be blocking the growth of the native heap
# Possible solutions:
#   Reduce memory load on the system
#   Increase physical memory or swap space
#   Check if swap backing store is full
#   Decrease Java heap size (-Xmx/-Xms)
#   Decrease number of Java threads
#   Decrease Java thread stack sizes (-Xss)
#   Set larger code cache with -XX:ReservedCodeCacheSize=
#   JVM is running with Unscaled Compressed Oops mode in which the Java heap is
#     placed in the first 4GB address space. The Java Heap base address is the
#     maximum limit for the native heap growth. Please use -XX:HeapBaseMinAddress
#     to set the Java Heap base and to place the Java Heap above 4GB virtual address.
# This output file may be truncated or incomplete.
#
#  Out of Memory Error (arena.cpp:168), pid=3168, tid=7052
#
# JRE version: OpenJDK Runtime Environment Temurin-21.0.11+10 (21.0.11+10) (build 21.0.11+10-LTS)
# Java VM: OpenJDK 64-Bit Server VM Temurin-21.0.11+10 (21.0.11+10-LTS, mixed mode, sharing, tiered, compressed oops, compressed class ptrs, parallel gc, windows-amd64)
# No core dump will be written. Minidumps are not enabled by default on client versions of Windows
#

---------------  S U M M A R Y ------------

Command Line: --add-modules=ALL-SYSTEM --add-opens=java.base/java.util=ALL-UNNAMED --add-opens=java.base/java.lang=ALL-UNNAMED --add-opens=java.base/sun.nio.fs=ALL-UNNAMED -Declipse.application=org.eclipse.jdt.ls.core.id1 -Dosgi.bundles.defaultStartLevel=4 -Declipse.product=org.eclipse.jdt.ls.core.product -Djava.import.generatesMetadataFilesAtProjectRoot=false -DDetectVMInstallationsJob.disabled=true -Dfile.encoding=utf8 -XX:+UseParallelGC -XX:GCTimeRatio=4 -XX:AdaptiveSizePolicyWeight=90 -Dsun.zip.disableMemoryMapping=true -Xmx2G -Xms100m -Xlog:disable -javaagent:c:\Users\kumar\.vscode\extensions\redhat.java-1.55.0-win32-x64\lombok\lombok-1.18.39-4050.jar -XX:+HeapDumpOnOutOfMemoryError -XX:HeapDumpPath=c:\Users\kumar\AppData\Roaming\Code\User\workspaceStorage\34eab81abe4cf9b9b14716ff9f35c11f\redhat.java -Daether.dependencyCollector.impl=bf c:\Users\kumar\.vscode\extensions\redhat.java-1.55.0-win32-x64\server\plugins\org.eclipse.equinox.launcher_1.7.200.v20260619-2039.jar -configuration c:\Users\kumar\AppData\Roaming\Code\User\globalStorage\redhat.java\1.55.0\config_win -data c:\Users\kumar\AppData\Roaming\Code\User\workspaceStorage\34eab81abe4cf9b9b14716ff9f35c11f\redhat.java\jdt_ws --pipe=\\.\pipe\lsp-e8baef9aa937e3b081f96e276089f372-sock

Host: 13th Gen Intel(R) Core(TM) i5-1340P, 16 cores, 15G,  Windows 11 , 64 bit Build 26100 (10.0.26100.8521)
Time: Sat Jul  4 12:20:52 2026 India Standard Time elapsed time: 19.138886 seconds (0d 0h 0m 19s)

---------------  T H R E A D  ---------------

Current thread (0x0000019f462f4740):  JavaThread "C2 CompilerThread1" daemon [_thread_in_native, id=7052, stack(0x0000004c13b00000,0x0000004c13c00000) (1024K)]


Current CompileTask:
C2:19139 4406       4       org.lombokweb.asm.ClassReader::readMethod (1070 bytes)

Stack: [0x0000004c13b00000,0x0000004c13c00000]
Native frames: (J=compiled Java code, j=interpreted, Vv=VM code, C=native code)
V  [jvm.dll+0x6d7e19]
V  [jvm.dll+0x8b5096]
V  [jvm.dll+0x8b764e]
V  [jvm.dll+0x8b7d33]
V  [jvm.dll+0x284596]
V  [jvm.dll+0xc685d]
V  [jvm.dll+0xc6da1]
V  [jvm.dll+0x2fb4ee]
V  [jvm.dll+0x5fe9a4]
V  [jvm.dll+0x255d67]
V  [jvm.dll+0x25612d]
V  [jvm.dll+0x24e6a0]
V  [jvm.dll+0x24bbe6]
V  [jvm.dll+0x1cb4ae]
V  [jvm.dll+0x25baad]
V  [jvm.dll+0x25a03a]
V  [jvm.dll+0x3f868e]
V  [jvm.dll+0x85fb0d]
V  [jvm.dll+0x6d664d]
C  [ucrtbase.dll+0x2cd30]
C  [KERNEL32.DLL+0x2e957]
C  [ntdll.dll+0x87c1c]


---------------  P R O C E S S  ---------------

Threads class SMR info:
_java_thread_list=0x0000019f467064f0, length=24, elements={
0x0000019f6250c0a0, 0x0000019f624bdcf0, 0x0000019f625aff60, 0x0000019f625b19d0,
0x0000019f625b2530, 0x0000019f625b4fa0, 0x0000019f625b5a00, 0x0000019f625b6790,
0x0000019f625c9440, 0x0000019f7a4b5cc0, 0x0000019f45024d40, 0x0000019f457cc1d0,
0x0000019f456cf840, 0x0000019f456eb5b0, 0x0000019f45997590, 0x0000019f45e2d290,
0x0000019f7a38f600, 0x0000019f7a314560, 0x0000019f45ff60f0, 0x0000019f45ff6780,
0x0000019f45ff6e10, 0x0000019f45ff5a60, 0x0000019f45a7eda0, 0x0000019f462f4740
}

Java Threads: ( => current thread )
  0x0000019f6250c0a0 JavaThread "main"                              [_thread_blocked, id=14448, stack(0x0000004c11400000,0x0000004c11500000) (1024K)]
  0x0000019f624bdcf0 JavaThread "Reference Handler"          daemon [_thread_blocked, id=29464, stack(0x0000004c11800000,0x0000004c11900000) (1024K)]
  0x0000019f625aff60 JavaThread "Finalizer"                  daemon [_thread_blocked, id=16336, stack(0x0000004c11900000,0x0000004c11a00000) (1024K)]
  0x0000019f625b19d0 JavaThread "Signal Dispatcher"          daemon [_thread_blocked, id=25340, stack(0x0000004c11a00000,0x0000004c11b00000) (1024K)]
  0x0000019f625b2530 JavaThread "Attach Listener"            daemon [_thread_blocked, id=4296, stack(0x0000004c11b00000,0x0000004c11c00000) (1024K)]
  0x0000019f625b4fa0 JavaThread "Service Thread"             daemon [_thread_blocked, id=10100, stack(0x0000004c11c00000,0x0000004c11d00000) (1024K)]
  0x0000019f625b5a00 JavaThread "Monitor Deflation Thread"   daemon [_thread_blocked, id=25032, stack(0x0000004c11d00000,0x0000004c11e00000) (1024K)]
  0x0000019f625b6790 JavaThread "C2 CompilerThread0"         daemon [_thread_in_native, id=29544, stack(0x0000004c11e00000,0x0000004c11f00000) (1024K)]
  0x0000019f625c9440 JavaThread "C1 CompilerThread0"         daemon [_thread_blocked, id=4640, stack(0x0000004c11f00000,0x0000004c12000000) (1024K)]
  0x0000019f7a4b5cc0 JavaThread "Common-Cleaner"             daemon [_thread_blocked, id=29168, stack(0x0000004c12300000,0x0000004c12400000) (1024K)]
  0x0000019f45024d40 JavaThread "Notification Thread"        daemon [_thread_blocked, id=14772, stack(0x0000004c12200000,0x0000004c12300000) (1024K)]
  0x0000019f457cc1d0 JavaThread "Active Thread: Equinox Container: 0b9ba9a6-591e-47be-aa1f-5358b121f7e8"        [_thread_blocked, id=20004, stack(0x0000004c12c00000,0x0000004c12d00000) (1024K)]
  0x0000019f456cf840 JavaThread "Refresh Thread: Equinox Container: 0b9ba9a6-591e-47be-aa1f-5358b121f7e8" daemon [_thread_blocked, id=7876, stack(0x0000004c12e00000,0x0000004c12f00000) (1024K)]
  0x0000019f456eb5b0 JavaThread "Framework Event Dispatcher: Equinox Container: 0b9ba9a6-591e-47be-aa1f-5358b121f7e8" daemon [_thread_blocked, id=25856, stack(0x0000004c12f00000,0x0000004c13000000) (1024K)]
  0x0000019f45997590 JavaThread "Start Level: Equinox Container: 0b9ba9a6-591e-47be-aa1f-5358b121f7e8" daemon [_thread_in_vm, id=17004, stack(0x0000004c13000000,0x0000004c13100000) (1024K)]
  0x0000019f45e2d290 JavaThread "Bundle File Closer"         daemon [_thread_blocked, id=6232, stack(0x0000004c13400000,0x0000004c13500000) (1024K)]
  0x0000019f7a38f600 JavaThread "SCR Component Actor"        daemon [_thread_blocked, id=15288, stack(0x0000004c12100000,0x0000004c12200000) (1024K)]
  0x0000019f7a314560 JavaThread "Worker-JM"                         [_thread_blocked, id=27580, stack(0x0000004c13500000,0x0000004c13600000) (1024K)]
  0x0000019f45ff60f0 JavaThread "JNA Cleaner"                daemon [_thread_blocked, id=29096, stack(0x0000004c12400000,0x0000004c12500000) (1024K)]
  0x0000019f45ff6780 JavaThread "Worker-0: Updating Maven Dependencies"        [_thread_blocked, id=9940, stack(0x0000004c13900000,0x0000004c13a00000) (1024K)]
  0x0000019f45ff6e10 JavaThread "Worker-1: Repository registry initialization"        [_thread_in_Java, id=15624, stack(0x0000004c13a00000,0x0000004c13b00000) (1024K)]
  0x0000019f45ff5a60 JavaThread "Worker-2"                          [_thread_blocked, id=23120, stack(0x0000004c12500000,0x0000004c12600000) (1024K)]
  0x0000019f45a7eda0 JavaThread "Worker-3"                          [_thread_blocked, id=11176, stack(0x0000004c13800000,0x0000004c13900000) (1024K)]
=>0x0000019f462f4740 JavaThread "C2 CompilerThread1"         daemon [_thread_in_native, id=7052, stack(0x0000004c13b00000,0x0000004c13c00000) (1024K)]
Total: 24

Other Threads:
  0x0000019f624a4870 VMThread "VM Thread"                           [id=10992, stack(0x0000004c11700000,0x0000004c11800000) (1024K)]
  0x0000019f6239ca00 WatcherThread "VM Periodic Task Thread"        [id=18532, stack(0x0000004c11600000,0x0000004c11700000) (1024K)]
  0x0000019f6252bda0 WorkerThread "GC Thread#0"                     [id=21172, stack(0x0000004c11500000,0x0000004c11600000) (1024K)]
  0x0000019f4580e9a0 WorkerThread "GC Thread#1"                     [id=4744, stack(0x0000004c12600000,0x0000004c12700000) (1024K)]
  0x0000019f45342b50 WorkerThread "GC Thread#2"                     [id=17284, stack(0x0000004c12700000,0x0000004c12800000) (1024K)]
  0x0000019f45342f00 WorkerThread "GC Thread#3"                     [id=27840, stack(0x0000004c12800000,0x0000004c12900000) (1024K)]
  0x0000019f456d9440 WorkerThread "GC Thread#4"                     [id=3352, stack(0x0000004c12900000,0x0000004c12a00000) (1024K)]
  0x0000019f456d97f0 WorkerThread "GC Thread#5"                     [id=15544, stack(0x0000004c12a00000,0x0000004c12b00000) (1024K)]
  0x0000019f452abd90 WorkerThread "GC Thread#6"                     [id=21416, stack(0x0000004c12b00000,0x0000004c12c00000) (1024K)]
  0x0000019f45ae4710 WorkerThread "GC Thread#7"                     [id=2760, stack(0x0000004c12d00000,0x0000004c12e00000) (1024K)]
  0x0000019f45d23940 WorkerThread "GC Thread#8"                     [id=28356, stack(0x0000004c13100000,0x0000004c13200000) (1024K)]
  0x0000019f45d23cf0 WorkerThread "GC Thread#9"                     [id=17788, stack(0x0000004c13200000,0x0000004c13300000) (1024K)]
  0x0000019f45d240a0 WorkerThread "GC Thread#10"                    [id=25972, stack(0x0000004c13300000,0x0000004c13400000) (1024K)]
  0x0000019f45541970 WorkerThread "GC Thread#11"                    [id=25788, stack(0x0000004c13600000,0x0000004c13700000) (1024K)]
  0x0000019f4553ffa0 WorkerThread "GC Thread#12"                    [id=9884, stack(0x0000004c13700000,0x0000004c13800000) (1024K)]
Total: 15

Threads with active compile tasks:
C2 CompilerThread0  21182 4382   !   4       org.eclipse.osgi.internal.loader.classpath.ClasspathManager::findClassImpl (328 bytes)
C2 CompilerThread1  21182 4406       4       org.lombokweb.asm.ClassReader::readMethod (1070 bytes)
Total: 2

VM state: not at safepoint (normal execution)

VM Mutex/Monitor currently owned by a thread: None

Heap address: 0x0000000080000000, size: 2048 MB, Compressed Oops mode: 32-bit

CDS archive(s) mapped at: [0x0000019f00000000-0x0000019f00ba0000-0x0000019f00ba0000), size 12189696, SharedBaseAddress: 0x0000019f00000000, ArchiveRelocationMode: 1.
Compressed class space mapped at: 0x0000019f01000000-0x0000019f41000000, reserved size: 1073741824
Narrow klass base: 0x0000019f00000000, Narrow klass shift: 0, Narrow klass range: 0x100000000

GC Precious Log:
 CardTable entry size: 512
 CPUs: 16 total, 16 available
 Memory: 16095M
 Large Page Support: Disabled
 NUMA Support: Disabled
 Compressed Oops: Enabled (32-bit)
 Alignments: Space 512K, Generation 512K, Heap 2M
 Heap Min Capacity: 100M
 Heap Initial Capacity: 100M
 Heap Max Capacity: 2G
 Pre-touch: Disabled
 Parallel Workers: 13

Heap:
 PSYoungGen      total 24576K, used 17960K [0x00000000d5580000, 0x00000000d7200000, 0x0000000100000000)
  eden space 23040K, 72% used [0x00000000d5580000,0x00000000d65e3698,0x00000000d6c00000)
  from space 1536K, 76% used [0x00000000d7080000,0x00000000d71a69a0,0x00000000d7200000)
  to   space 1536K, 0% used [0x00000000d6f00000,0x00000000d6f00000,0x00000000d7080000)
 ParOldGen       total 68608K, used 12889K [0x0000000080000000, 0x0000000084300000, 0x00000000d5580000)
  object space 68608K, 18% used [0x0000000080000000,0x0000000080c96788,0x0000000084300000)
 Metaspace       used 28559K, committed 29376K, reserved 1114112K
  class space    used 2880K, committed 3200K, reserved 1048576K

Card table byte_map: [0x0000019f61eb0000,0x0000019f622c0000] _byte_map_base: 0x0000019f61ab0000

Marking Bits: (ParMarkBitMap*) 0x00007fffbdb64460
 Begin Bits: [0x0000019f749c0000, 0x0000019f769c0000)
 End Bits:   [0x0000019f769c0000, 0x0000019f789c0000)

Polling page: 0x0000019f60310000

Metaspace:

Usage:
  Non-class:     25.08 MB used.
      Class:      2.81 MB used.
       Both:     27.89 MB used.

Virtual space:
  Non-class space:       64.00 MB reserved,      25.56 MB ( 40%) committed,  1 nodes.
      Class space:        1.00 GB reserved,       3.12 MB ( <1%) committed,  1 nodes.
             Both:        1.06 GB reserved,      28.69 MB (  3%) committed. 

Chunk freelists:
   Non-Class:  6.12 MB
       Class:  12.88 MB
        Both:  19.00 MB

MaxMetaspaceSize: unlimited
CompressedClassSpaceSize: 1.00 GB
Initial GC threshold: 21.00 MB
Current GC threshold: 35.00 MB
CDS: on
 - commit_granule_bytes: 65536.
 - commit_granule_words: 8192.
 - virtual_space_node_default_size: 8388608.
 - enlarge_chunks_in_place: 1.
 - use_allocation_guard: 0.


Internal statistics:

num_allocs_failed_limit: 3.
num_arena_births: 720.
num_arena_deaths: 14.
num_vsnodes_births: 2.
num_vsnodes_deaths: 0.
num_space_committed: 459.
num_space_uncommitted: 0.
num_chunks_returned_to_freelist: 17.
num_chunks_taken_from_freelist: 1912.
num_chunk_merges: 8.
num_chunk_splits: 1207.
num_chunks_enlarged: 730.
num_inconsistent_stats: 0.

CodeHeap 'non-profiled nmethods': size=119168Kb used=1971Kb max_used=1971Kb free=117196Kb
 bounds [0x0000019f6d2b0000, 0x0000019f6d520000, 0x0000019f74710000]
CodeHeap 'profiled nmethods': size=119104Kb used=9528Kb max_used=9528Kb free=109575Kb
 bounds [0x0000019f65710000, 0x0000019f66060000, 0x0000019f6cb60000]
CodeHeap 'non-nmethods': size=7488Kb used=1332Kb max_used=3020Kb free=6155Kb
 bounds [0x0000019f6cb60000, 0x0000019f6cec0000, 0x0000019f6d2b0000]
CodeCache: size=245760Kb, used=12831Kb, max_used=14519Kb, free=232926Kb
 total_blobs=5042, nmethods=4417, adapters=531, full_count=0
Compilation: enabled, stopped_count=0, restarted_count=0

Compilation events (20 events):
Event: 15.027 Thread 0x0000019f625c9440 4416       1       java.util.stream.Collectors$CollectorImpl::characteristics (5 bytes)
Event: 15.027 Thread 0x0000019f625c9440 nmethod 4416 0x0000019f6d496690 code [0x0000019f6d496820, 0x0000019f6d4968e8]
Event: 15.054 Thread 0x0000019f462f5bb0 nmethod 4408 0x0000019f6d496990 code [0x0000019f6d496d60, 0x0000019f6d498f48]
Event: 15.055 Thread 0x0000019f462f5bb0 4413       4       java.lang.invoke.Invokers$Holder::linkToTargetMethod (9 bytes)
Event: 15.056 Thread 0x0000019f462f5bb0 nmethod 4413 0x0000019f6d49a590 code [0x0000019f6d49a720, 0x0000019f6d49a818]
Event: 15.056 Thread 0x0000019f462f5bb0 4402       4       org.lombokweb.asm.MethodWriter::visitLabel (332 bytes)
Event: 15.074 Thread 0x0000019f462f5bb0 nmethod 4402 0x0000019f6d49a910 code [0x0000019f6d49aae0, 0x0000019f6d49b0f8]
Event: 15.075 Thread 0x0000019f462f5bb0 4404       4       org.lombokweb.asm.ByteVector::putByteArray (49 bytes)
Event: 15.077 Thread 0x0000019f462f5bb0 nmethod 4404 0x0000019f6d49b510 code [0x0000019f6d49b6a0, 0x0000019f6d49b818]
Event: 15.077 Thread 0x0000019f462f5bb0 4394       4       org.lombokweb.asm.MethodVisitor::<init> (79 bytes)
Event: 15.078 Thread 0x0000019f462f5bb0 nmethod 4394 0x0000019f6d49b910 code [0x0000019f6d49baa0, 0x0000019f6d49bb70]
Event: 15.078 Thread 0x0000019f462f5bb0 4407       4       org.lombokweb.asm.ClassWriter::visitMethod (57 bytes)
Event: 15.082 Thread 0x0000019f462f5bb0 nmethod 4407 0x0000019f6d49bc10 code [0x0000019f6d49bda0, 0x0000019f6d49bfc0]
Event: 15.082 Thread 0x0000019f462f5bb0 4399       4       java.lang.ClassLoader::loadClass (7 bytes)
Event: 15.083 Thread 0x0000019f462f5bb0 nmethod 4399 0x0000019f6d49c110 code [0x0000019f6d49c2a0, 0x0000019f6d49c350]
Event: 15.083 Thread 0x0000019f462f5bb0 4411       4       lombok.patcher.MethodTarget::matches (29 bytes)
Event: 15.086 Thread 0x0000019f462f5bb0 nmethod 4411 0x0000019f6d49c410 code [0x0000019f6d49c5c0, 0x0000019f6d49c818]
Event: 15.086 Thread 0x0000019f462f5bb0 4417       4       java.lang.invoke.MethodType::equals (25 bytes)
Event: 17.106 Thread 0x0000019f625c9440 4418       3       java.util.concurrent.locks.AbstractQueuedSynchronizer::tryAcquireSharedNanos (62 bytes)
Event: 17.107 Thread 0x0000019f625c9440 nmethod 4418 0x0000019f6605c310 code [0x0000019f6605c540, 0x0000019f6605cc30]

GC Heap History (20 events):
Event: 5.421 GC heap before
{Heap before GC invocations=2 (full 0):
 PSYoungGen      total 29696K, used 29291K [0x00000000d5580000, 0x00000000d7680000, 0x0000000100000000)
  eden space 25600K, 100% used [0x00000000d5580000,0x00000000d6e80000,0x00000000d6e80000)
  from space 4096K, 90% used [0x00000000d6e80000,0x00000000d721aff0,0x00000000d7280000)
  to   space 4096K, 0% used [0x00000000d7280000,0x00000000d7280000,0x00000000d7680000)
 ParOldGen       total 68608K, used 16K [0x0000000080000000, 0x0000000084300000, 0x00000000d5580000)
  object space 68608K, 0% used [0x0000000080000000,0x0000000080004000,0x0000000084300000)
 Metaspace       used 7891K, committed 8192K, reserved 1114112K
  class space    used 814K, committed 960K, reserved 1048576K
}
Event: 5.432 GC heap after
{Heap after GC invocations=2 (full 0):
 PSYoungGen      total 29696K, used 4091K [0x00000000d5580000, 0x00000000d7680000, 0x0000000100000000)
  eden space 25600K, 0% used [0x00000000d5580000,0x00000000d5580000,0x00000000d6e80000)
  from space 4096K, 99% used [0x00000000d7280000,0x00000000d767ee40,0x00000000d7680000)
  to   space 4096K, 0% used [0x00000000d6e80000,0x00000000d6e80000,0x00000000d7280000)
 ParOldGen       total 68608K, used 1917K [0x0000000080000000, 0x0000000084300000, 0x00000000d5580000)
  object space 68608K, 2% used [0x0000000080000000,0x00000000801df6b8,0x0000000084300000)
 Metaspace       used 7891K, committed 8192K, reserved 1114112K
  class space    used 814K, committed 960K, reserved 1048576K
}
Event: 6.221 GC heap before
{Heap before GC invocations=3 (full 0):
 PSYoungGen      total 29696K, used 29691K [0x00000000d5580000, 0x00000000d7680000, 0x0000000100000000)
  eden space 25600K, 100% used [0x00000000d5580000,0x00000000d6e80000,0x00000000d6e80000)
  from space 4096K, 99% used [0x00000000d7280000,0x00000000d767ee40,0x00000000d7680000)
  to   space 4096K, 0% used [0x00000000d6e80000,0x00000000d6e80000,0x00000000d7280000)
 ParOldGen       total 68608K, used 1917K [0x0000000080000000, 0x0000000084300000, 0x00000000d5580000)
  object space 68608K, 2% used [0x0000000080000000,0x00000000801df6b8,0x0000000084300000)
 Metaspace       used 9523K, committed 9856K, reserved 1114112K
  class space    used 1011K, committed 1152K, reserved 1048576K
}
Event: 6.231 GC heap after
{Heap after GC invocations=3 (full 0):
 PSYoungGen      total 29696K, used 4095K [0x00000000d5580000, 0x00000000d7680000, 0x0000000100000000)
  eden space 25600K, 0% used [0x00000000d5580000,0x00000000d5580000,0x00000000d6e80000)
  from space 4096K, 99% used [0x00000000d6e80000,0x00000000d727fd90,0x00000000d7280000)
  to   space 4096K, 0% used [0x00000000d7280000,0x00000000d7280000,0x00000000d7680000)
 ParOldGen       total 68608K, used 4329K [0x0000000080000000, 0x0000000084300000, 0x00000000d5580000)
  object space 68608K, 6% used [0x0000000080000000,0x000000008043a708,0x0000000084300000)
 Metaspace       used 9523K, committed 9856K, reserved 1114112K
  class space    used 1011K, committed 1152K, reserved 1048576K
}
Event: 8.807 GC heap before
{Heap before GC invocations=4 (full 0):
 PSYoungGen      total 29696K, used 29695K [0x00000000d5580000, 0x00000000d7680000, 0x0000000100000000)
  eden space 25600K, 100% used [0x00000000d5580000,0x00000000d6e80000,0x00000000d6e80000)
  from space 4096K, 99% used [0x00000000d6e80000,0x00000000d727fd90,0x00000000d7280000)
  to   space 4096K, 0% used [0x00000000d7280000,0x00000000d7280000,0x00000000d7680000)
 ParOldGen       total 68608K, used 4329K [0x0000000080000000, 0x0000000084300000, 0x00000000d5580000)
  object space 68608K, 6% used [0x0000000080000000,0x000000008043a708,0x0000000084300000)
 Metaspace       used 11462K, committed 11840K, reserved 1114112K
  class space    used 1203K, committed 1344K, reserved 1048576K
}
Event: 8.817 GC heap after
{Heap after GC invocations=4 (full 0):
 PSYoungGen      total 29696K, used 4092K [0x00000000d5580000, 0x00000000d7680000, 0x0000000100000000)
  eden space 25600K, 0% used [0x00000000d5580000,0x00000000d5580000,0x00000000d6e80000)
  from space 4096K, 99% used [0x00000000d7280000,0x00000000d767f140,0x00000000d7680000)
  to   space 4096K, 0% used [0x00000000d6e80000,0x00000000d6e80000,0x00000000d7280000)
 ParOldGen       total 68608K, used 6566K [0x0000000080000000, 0x0000000084300000, 0x00000000d5580000)
  object space 68608K, 9% used [0x0000000080000000,0x0000000080669970,0x0000000084300000)
 Metaspace       used 11462K, committed 11840K, reserved 1114112K
  class space    used 1203K, committed 1344K, reserved 1048576K
}
Event: 9.661 GC heap before
{Heap before GC invocations=5 (full 0):
 PSYoungGen      total 29696K, used 29692K [0x00000000d5580000, 0x00000000d7680000, 0x0000000100000000)
  eden space 25600K, 100% used [0x00000000d5580000,0x00000000d6e80000,0x00000000d6e80000)
  from space 4096K, 99% used [0x00000000d7280000,0x00000000d767f140,0x00000000d7680000)
  to   space 4096K, 0% used [0x00000000d6e80000,0x00000000d6e80000,0x00000000d7280000)
 ParOldGen       total 68608K, used 6566K [0x0000000080000000, 0x0000000084300000, 0x00000000d5580000)
  object space 68608K, 9% used [0x0000000080000000,0x0000000080669970,0x0000000084300000)
 Metaspace       used 14658K, committed 15232K, reserved 1114112K
  class space    used 1489K, committed 1728K, reserved 1048576K
}
Event: 9.667 GC heap after
{Heap after GC invocations=5 (full 0):
 PSYoungGen      total 29184K, used 4065K [0x00000000d5580000, 0x00000000d7900000, 0x0000000100000000)
  eden space 25088K, 0% used [0x00000000d5580000,0x00000000d5580000,0x00000000d6e00000)
  from space 4096K, 99% used [0x00000000d6e80000,0x00000000d72786e8,0x00000000d7280000)
  to   space 5632K, 0% used [0x00000000d7380000,0x00000000d7380000,0x00000000d7900000)
 ParOldGen       total 68608K, used 7253K [0x0000000080000000, 0x0000000084300000, 0x00000000d5580000)
  object space 68608K, 10% used [0x0000000080000000,0x0000000080715580,0x0000000084300000)
 Metaspace       used 14658K, committed 15232K, reserved 1114112K
  class space    used 1489K, committed 1728K, reserved 1048576K
}
Event: 10.464 GC heap before
{Heap before GC invocations=6 (full 0):
 PSYoungGen      total 29184K, used 29153K [0x00000000d5580000, 0x00000000d7900000, 0x0000000100000000)
  eden space 25088K, 100% used [0x00000000d5580000,0x00000000d6e00000,0x00000000d6e00000)
  from space 4096K, 99% used [0x00000000d6e80000,0x00000000d72786e8,0x00000000d7280000)
  to   space 5632K, 0% used [0x00000000d7380000,0x00000000d7380000,0x00000000d7900000)
 ParOldGen       total 68608K, used 7253K [0x0000000080000000, 0x0000000084300000, 0x00000000d5580000)
  object space 68608K, 10% used [0x0000000080000000,0x0000000080715580,0x0000000084300000)
 Metaspace       used 18317K, committed 19008K, reserved 1114112K
  class space    used 1893K, committed 2176K, reserved 1048576K
}
Event: 10.474 GC heap after
{Heap after GC invocations=6 (full 0):
 PSYoungGen      total 30208K, used 5303K [0x00000000d5580000, 0x00000000d7900000, 0x0000000100000000)
  eden space 24576K, 0% used [0x00000000d5580000,0x00000000d5580000,0x00000000d6d80000)
  from space 5632K, 94% used [0x00000000d7380000,0x00000000d78adcb0,0x00000000d7900000)
  to   space 5632K, 0% used [0x00000000d6e00000,0x00000000d6e00000,0x00000000d7380000)
 ParOldGen       total 68608K, used 7261K [0x0000000080000000, 0x0000000084300000, 0x00000000d5580000)
  object space 68608K, 10% used [0x0000000080000000,0x0000000080717580,0x0000000084300000)
 Metaspace       used 18317K, committed 19008K, reserved 1114112K
  class space    used 1893K, committed 2176K, reserved 1048576K
}
Event: 11.024 GC heap before
{Heap before GC invocations=7 (full 0):
 PSYoungGen      total 30208K, used 29879K [0x00000000d5580000, 0x00000000d7900000, 0x0000000100000000)
  eden space 24576K, 100% used [0x00000000d5580000,0x00000000d6d80000,0x00000000d6d80000)
  from space 5632K, 94% used [0x00000000d7380000,0x00000000d78adcb0,0x00000000d7900000)
  to   space 5632K, 0% used [0x00000000d6e00000,0x00000000d6e00000,0x00000000d7380000)
 ParOldGen       total 68608K, used 7261K [0x0000000080000000, 0x0000000084300000, 0x00000000d5580000)
  object space 68608K, 10% used [0x0000000080000000,0x0000000080717580,0x0000000084300000)
 Metaspace       used 20393K, committed 21120K, reserved 1114112K
  class space    used 2130K, committed 2432K, reserved 1048576K
}
Event: 11.031 GC heap after
{Heap after GC invocations=7 (full 0):
 PSYoungGen      total 28672K, used 4456K [0x00000000d5580000, 0x00000000d7700000, 0x0000000100000000)
  eden space 24064K, 0% used [0x00000000d5580000,0x00000000d5580000,0x00000000d6d00000)
  from space 4608K, 96% used [0x00000000d6e00000,0x00000000d725a250,0x00000000d7280000)
  to   space 4608K, 0% used [0x00000000d7280000,0x00000000d7280000,0x00000000d7700000)
 ParOldGen       total 68608K, used 8901K [0x0000000080000000, 0x0000000084300000, 0x00000000d5580000)
  object space 68608K, 12% used [0x0000000080000000,0x00000000808b1530,0x0000000084300000)
 Metaspace       used 20393K, committed 21120K, reserved 1114112K
  class space    used 2130K, committed 2432K, reserved 1048576K
}
Event: 11.086 GC heap before
{Heap before GC invocations=8 (full 0):
 PSYoungGen      total 28672K, used 7463K [0x00000000d5580000, 0x00000000d7700000, 0x0000000100000000)
  eden space 24064K, 12% used [0x00000000d5580000,0x00000000d586fbe8,0x00000000d6d00000)
  from space 4608K, 96% used [0x00000000d6e00000,0x00000000d725a250,0x00000000d7280000)
  to   space 4608K, 0% used [0x00000000d7280000,0x00000000d7280000,0x00000000d7700000)
 ParOldGen       total 68608K, used 8901K [0x0000000080000000, 0x0000000084300000, 0x00000000d5580000)
  object space 68608K, 12% used [0x0000000080000000,0x00000000808b1530,0x0000000084300000)
 Metaspace       used 20794K, committed 21504K, reserved 1114112K
  class space    used 2174K, committed 2496K, reserved 1048576K
}
Event: 11.090 GC heap after
{Heap after GC invocations=8 (full 0):
 PSYoungGen      total 28672K, used 4366K [0x00000000d5580000, 0x00000000d7700000, 0x0000000100000000)
  eden space 24064K, 0% used [0x00000000d5580000,0x00000000d5580000,0x00000000d6d00000)
  from space 4608K, 94% used [0x00000000d7280000,0x00000000d76c3998,0x00000000d7700000)
  to   space 4608K, 0% used [0x00000000d6e00000,0x00000000d6e00000,0x00000000d7280000)
 ParOldGen       total 68608K, used 9263K [0x0000000080000000, 0x0000000084300000, 0x00000000d5580000)
  object space 68608K, 13% used [0x0000000080000000,0x000000008090beb0,0x0000000084300000)
 Metaspace       used 20794K, committed 21504K, reserved 1114112K
  class space    used 2174K, committed 2496K, reserved 1048576K
}
Event: 11.090 GC heap before
{Heap before GC invocations=9 (full 1):
 PSYoungGen      total 28672K, used 4366K [0x00000000d5580000, 0x00000000d7700000, 0x0000000100000000)
  eden space 24064K, 0% used [0x00000000d5580000,0x00000000d5580000,0x00000000d6d00000)
  from space 4608K, 94% used [0x00000000d7280000,0x00000000d76c3998,0x00000000d7700000)
  to   space 4608K, 0% used [0x00000000d6e00000,0x00000000d6e00000,0x00000000d7280000)
 ParOldGen       total 68608K, used 9263K [0x0000000080000000, 0x0000000084300000, 0x00000000d5580000)
  object space 68608K, 13% used [0x0000000080000000,0x000000008090beb0,0x0000000084300000)
 Metaspace       used 20794K, committed 21504K, reserved 1114112K
  class space    used 2174K, committed 2496K, reserved 1048576K
}
Event: 11.153 GC heap after
{Heap after GC invocations=9 (full 1):
 PSYoungGen      total 28672K, used 0K [0x00000000d5580000, 0x00000000d7700000, 0x0000000100000000)
  eden space 24064K, 0% used [0x00000000d5580000,0x00000000d5580000,0x00000000d6d00000)
  from space 4608K, 0% used [0x00000000d7280000,0x00000000d7280000,0x00000000d7700000)
  to   space 4608K, 0% used [0x00000000d6e00000,0x00000000d6e00000,0x00000000d7280000)
 ParOldGen       total 68608K, used 12873K [0x0000000080000000, 0x0000000084300000, 0x00000000d5580000)
  object space 68608K, 18% used [0x0000000080000000,0x0000000080c92788,0x0000000084300000)
 Metaspace       used 20781K, committed 21504K, reserved 1114112K
  class space    used 2170K, committed 2496K, reserved 1048576K
}
Event: 11.494 GC heap before
{Heap before GC invocations=10 (full 1):
 PSYoungGen      total 28672K, used 23775K [0x00000000d5580000, 0x00000000d7700000, 0x0000000100000000)
  eden space 24064K, 98% used [0x00000000d5580000,0x00000000d6cb7f88,0x00000000d6d00000)
  from space 4608K, 0% used [0x00000000d7280000,0x00000000d7280000,0x00000000d7700000)
  to   space 4608K, 0% used [0x00000000d6e00000,0x00000000d6e00000,0x00000000d7280000)
 ParOldGen       total 68608K, used 12873K [0x0000000080000000, 0x0000000084300000, 0x00000000d5580000)
  object space 68608K, 18% used [0x0000000080000000,0x0000000080c92788,0x0000000084300000)
 Metaspace       used 22868K, committed 23680K, reserved 1114112K
  class space    used 2340K, committed 2688K, reserved 1048576K
}
Event: 11.496 GC heap after
{Heap after GC invocations=10 (full 1):
 PSYoungGen      total 25088K, used 1400K [0x00000000d5580000, 0x00000000d7300000, 0x0000000100000000)
  eden space 23552K, 0% used [0x00000000d5580000,0x00000000d5580000,0x00000000d6c80000)
  from space 1536K, 91% used [0x00000000d6e00000,0x00000000d6f5e190,0x00000000d6f80000)
  to   space 2560K, 0% used [0x00000000d7080000,0x00000000d7080000,0x00000000d7300000)
 ParOldGen       total 68608K, used 12881K [0x0000000080000000, 0x0000000084300000, 0x00000000d5580000)
  object space 68608K, 18% used [0x0000000080000000,0x0000000080c94788,0x0000000084300000)
 Metaspace       used 22868K, committed 23680K, reserved 1114112K
  class space    used 2340K, committed 2688K, reserved 1048576K
}
Event: 12.838 GC heap before
{Heap before GC invocations=11 (full 1):
 PSYoungGen      total 25088K, used 24932K [0x00000000d5580000, 0x00000000d7300000, 0x0000000100000000)
  eden space 23552K, 99% used [0x00000000d5580000,0x00000000d6c7aff0,0x00000000d6c80000)
  from space 1536K, 91% used [0x00000000d6e00000,0x00000000d6f5e190,0x00000000d6f80000)
  to   space 2560K, 0% used [0x00000000d7080000,0x00000000d7080000,0x00000000d7300000)
 ParOldGen       total 68608K, used 12881K [0x0000000080000000, 0x0000000084300000, 0x00000000d5580000)
  object space 68608K, 18% used [0x0000000080000000,0x0000000080c94788,0x0000000084300000)
 Metaspace       used 26500K, committed 27328K, reserved 1114112K
  class space    used 2668K, committed 3008K, reserved 1048576K
}
Event: 12.841 GC heap after
{Heap after GC invocations=11 (full 1):
 PSYoungGen      total 24576K, used 1178K [0x00000000d5580000, 0x00000000d7200000, 0x0000000100000000)
  eden space 23040K, 0% used [0x00000000d5580000,0x00000000d5580000,0x00000000d6c00000)
  from space 1536K, 76% used [0x00000000d7080000,0x00000000d71a69a0,0x00000000d7200000)
  to   space 1536K, 0% used [0x00000000d6f00000,0x00000000d6f00000,0x00000000d7080000)
 ParOldGen       total 68608K, used 12889K [0x0000000080000000, 0x0000000084300000, 0x00000000d5580000)
  object space 68608K, 18% used [0x0000000080000000,0x0000000080c96788,0x0000000084300000)
 Metaspace       used 26500K, committed 27328K, reserved 1114112K
  class space    used 2668K, committed 3008K, reserved 1048576K
}

Dll operation events (10 events):
Event: 0.024 Loaded shared library c:\Users\kumar\.vscode\extensions\redhat.java-1.55.0-win32-x64\jre\21.0.11-win32-x86_64\bin\java.dll
Event: 0.113 Loaded shared library c:\Users\kumar\.vscode\extensions\redhat.java-1.55.0-win32-x64\jre\21.0.11-win32-x86_64\bin\zip.dll
Event: 0.146 Loaded shared library C:\Users\kumar\.vscode\extensions\redhat.java-1.55.0-win32-x64\jre\21.0.11-win32-x86_64\bin\instrument.dll
Event: 0.154 Loaded shared library C:\Users\kumar\.vscode\extensions\redhat.java-1.55.0-win32-x64\jre\21.0.11-win32-x86_64\bin\net.dll
Event: 0.157 Loaded shared library C:\Users\kumar\.vscode\extensions\redhat.java-1.55.0-win32-x64\jre\21.0.11-win32-x86_64\bin\nio.dll
Event: 0.162 Loaded shared library C:\Users\kumar\.vscode\extensions\redhat.java-1.55.0-win32-x64\jre\21.0.11-win32-x86_64\bin\zip.dll
Event: 0.186 Loaded shared library C:\Users\kumar\.vscode\extensions\redhat.java-1.55.0-win32-x64\jre\21.0.11-win32-x86_64\bin\jimage.dll
Event: 2.356 Loaded shared library c:\Users\kumar\.vscode\extensions\redhat.java-1.55.0-win32-x64\jre\21.0.11-win32-x86_64\bin\verify.dll
Event: 5.648 Loaded shared library C:\Users\kumar\AppData\Roaming\Code\User\globalStorage\redhat.java\1.55.0\config_win\org.eclipse.equinox.launcher\org.eclipse.equinox.launcher.win32.win32.x86_64_1.3.100.v20260613-0559\eclipse_11924.dll
Event: 10.130 Loaded shared library C:\Users\kumar\AppData\Local\Temp\jna-102410164\jna12086418878704648428.dll

Deoptimization events (20 events):
Event: 12.693 Thread 0x0000019f45ff6e10 DEOPT PACKING pc=0x0000019f6d483538 sp=0x0000004c13afea50
Event: 12.693 Thread 0x0000019f45ff6e10 DEOPT UNPACKING pc=0x0000019f6cbb3aa2 sp=0x0000004c13afe9d8 mode 2
Event: 12.693 Thread 0x0000019f45ff6e10 Uncommon trap: trap_request=0xffffffde fr.pc=0x0000019f6d483538 relative=0x00000000000000f8
Event: 12.693 Thread 0x0000019f45ff6e10 Uncommon trap: reason=class_check action=maybe_recompile pc=0x0000019f6d483538 method=java.lang.Character.codePointAt(Ljava/lang/CharSequence;I)I @ 2 c2
Event: 12.693 Thread 0x0000019f45ff6e10 DEOPT PACKING pc=0x0000019f6d483538 sp=0x0000004c13afea50
Event: 12.693 Thread 0x0000019f45ff6e10 DEOPT UNPACKING pc=0x0000019f6cbb3aa2 sp=0x0000004c13afe9d8 mode 2
Event: 12.693 Thread 0x0000019f45ff6e10 Uncommon trap: trap_request=0xffffffde fr.pc=0x0000019f6d483538 relative=0x00000000000000f8
Event: 12.693 Thread 0x0000019f45ff6e10 Uncommon trap: reason=class_check action=maybe_recompile pc=0x0000019f6d483538 method=java.lang.Character.codePointAt(Ljava/lang/CharSequence;I)I @ 2 c2
Event: 12.693 Thread 0x0000019f45ff6e10 DEOPT PACKING pc=0x0000019f6d483538 sp=0x0000004c13afea50
Event: 12.693 Thread 0x0000019f45ff6e10 DEOPT UNPACKING pc=0x0000019f6cbb3aa2 sp=0x0000004c13afe9d8 mode 2
Event: 12.693 Thread 0x0000019f45ff6e10 Uncommon trap: trap_request=0xffffffde fr.pc=0x0000019f6d483538 relative=0x00000000000000f8
Event: 12.693 Thread 0x0000019f45ff6e10 Uncommon trap: reason=class_check action=maybe_recompile pc=0x0000019f6d483538 method=java.lang.Character.codePointAt(Ljava/lang/CharSequence;I)I @ 2 c2
Event: 12.693 Thread 0x0000019f45ff6e10 DEOPT PACKING pc=0x0000019f6d483538 sp=0x0000004c13afea50
Event: 12.693 Thread 0x0000019f45ff6e10 DEOPT UNPACKING pc=0x0000019f6cbb3aa2 sp=0x0000004c13afe9d8 mode 2
Event: 12.693 Thread 0x0000019f45ff6e10 Uncommon trap: trap_request=0xffffff76 fr.pc=0x0000019f6d464c00 relative=0x0000000000000380
Event: 12.693 Thread 0x0000019f45ff6e10 Uncommon trap: reason=predicate action=maybe_recompile pc=0x0000019f6d464c00 method=java.util.regex.Pattern$BmpCharPropertyGreedy.match(Ljava/util/regex/Matcher;ILjava/lang/CharSequence;)Z @ 12 c2
Event: 12.693 Thread 0x0000019f45ff6e10 DEOPT PACKING pc=0x0000019f6d464c00 sp=0x0000004c13afe990
Event: 12.693 Thread 0x0000019f45ff6e10 DEOPT UNPACKING pc=0x0000019f6cbb3aa2 sp=0x0000004c13afe938 mode 2
Event: 12.883 Thread 0x0000019f45997590 DEOPT PACKING pc=0x0000019f65dd8939 sp=0x0000004c130f2930
Event: 12.883 Thread 0x0000019f45997590 DEOPT UNPACKING pc=0x0000019f6cbb4242 sp=0x0000004c130f1e30 mode 0

Classes loaded (20 events):
Event: 15.018 Loading class sun/reflect/generics/repository/AbstractRepository
Event: 15.018 Loading class sun/reflect/generics/repository/AbstractRepository done
Event: 15.018 Loading class sun/reflect/generics/repository/GenericDeclRepository done
Event: 15.018 Loading class sun/reflect/generics/repository/ClassRepository done
Event: 15.019 Loading class sun/reflect/generics/tree/FormalTypeParameter
Event: 15.019 Loading class sun/reflect/generics/tree/FormalTypeParameter done
Event: 15.019 Loading class sun/reflect/generics/tree/ClassSignature
Event: 15.019 Loading class sun/reflect/generics/tree/Signature
Event: 15.019 Loading class sun/reflect/generics/tree/Signature done
Event: 15.019 Loading class sun/reflect/generics/tree/ClassSignature done
Event: 15.019 Loading class sun/reflect/annotation/TypeAnnotation$TypeAnnotationTarget
Event: 15.020 Loading class sun/reflect/annotation/TypeAnnotation$TypeAnnotationTarget done
Event: 15.020 Loading class sun/reflect/annotation/TypeAnnotation$LocationInfo
Event: 15.020 Loading class sun/reflect/annotation/TypeAnnotation$LocationInfo done
Event: 15.020 Loading class sun/reflect/annotation/TypeAnnotation$LocationInfo$Location
Event: 15.021 Loading class sun/reflect/annotation/TypeAnnotation$LocationInfo$Location done
Event: 15.021 Loading class sun/reflect/annotation/AnnotatedTypeFactory
Event: 15.021 Loading class sun/reflect/annotation/AnnotatedTypeFactory done
Event: 15.021 Loading class sun/reflect/annotation/AnnotatedTypeFactory$AnnotatedTypeBaseImpl
Event: 15.021 Loading class sun/reflect/annotation/AnnotatedTypeFactory$AnnotatedTypeBaseImpl done

Classes unloaded (7 events):
Event: 11.101 Thread 0x0000019f624a4870 Unloading class 0x0000019f011aa000 'java/lang/invoke/LambdaForm$MH+0x0000019f011aa000'
Event: 11.101 Thread 0x0000019f624a4870 Unloading class 0x0000019f011a9c00 'java/lang/invoke/LambdaForm$MH+0x0000019f011a9c00'
Event: 11.101 Thread 0x0000019f624a4870 Unloading class 0x0000019f011a9800 'java/lang/invoke/LambdaForm$MH+0x0000019f011a9800'
Event: 11.101 Thread 0x0000019f624a4870 Unloading class 0x0000019f011a9400 'java/lang/invoke/LambdaForm$MH+0x0000019f011a9400'
Event: 11.101 Thread 0x0000019f624a4870 Unloading class 0x0000019f011a9000 'java/lang/invoke/LambdaForm$BMH+0x0000019f011a9000'
Event: 11.101 Thread 0x0000019f624a4870 Unloading class 0x0000019f011a8c00 'java/lang/invoke/LambdaForm$DMH+0x0000019f011a8c00'
Event: 11.101 Thread 0x0000019f624a4870 Unloading class 0x0000019f011a3800 'java/lang/invoke/LambdaForm$DMH+0x0000019f011a3800'

Classes redefined (0 events):
No events

Internal exceptions (20 events):
Event: 10.847 Thread 0x0000019f45997590 Exception <a 'java/lang/NoSuchMethodError'{0x00000000d6596a40}: 'java.lang.Object java.lang.invoke.DirectMethodHandle$Holder.newInvokeSpecial(java.lang.Object, int, java.lang.Object, java.lang.Object)'> (0x00000000d6596a40) 
thrown [s\src\hotspot\share\interpreter\linkResolver.cpp, line 773]
Event: 11.048 Thread 0x0000019f45997590 Exception <a 'java/lang/NoSuchMethodError'{0x00000000d5643500}: 'long java.lang.invoke.DirectMethodHandle$Holder.invokeSpecial(java.lang.Object, java.lang.Object)'> (0x00000000d5643500) 
thrown [s\src\hotspot\share\interpreter\linkResolver.cpp, line 773]
Event: 11.048 Thread 0x0000019f45997590 Exception <a 'java/lang/NoSuchMethodError'{0x00000000d5647698}: 'long java.lang.invoke.Invokers$Holder.invokeExact_MT(java.lang.Object, java.lang.Object)'> (0x00000000d5647698) 
thrown [s\src\hotspot\share\interpreter\linkResolver.cpp, line 773]
Event: 11.272 Thread 0x0000019f45997590 Exception <a 'java/lang/NoSuchMethodError'{0x00000000d5a74e88}: 'double java.lang.invoke.DirectMethodHandle$Holder.invokeStatic(java.lang.Object, java.lang.Object)'> (0x00000000d5a74e88) 
thrown [s\src\hotspot\share\interpreter\linkResolver.cpp, line 773]
Event: 11.272 Thread 0x0000019f45997590 Exception <a 'java/lang/NoSuchMethodError'{0x00000000d5a78518}: 'double java.lang.invoke.DirectMethodHandle$Holder.invokeStaticInit(java.lang.Object, java.lang.Object)'> (0x00000000d5a78518) 
thrown [s\src\hotspot\share\interpreter\linkResolver.cpp, line 773]
Event: 12.637 Thread 0x0000019f45ff6e10 Exception <a 'java/lang/NoSuchMethodError'{0x00000000d5bd7f10}: 'java.lang.Object java.lang.invoke.DirectMethodHandle$Holder.invokeStaticInit(java.lang.Object, java.lang.Object, java.lang.Object, java.lang.Object, java.lang.Object, java.lang.Object, java.lang.Object)'> (0x00000000d5bd7f10) 
thrown [s\src\hotspot\share\interpreter\linkResolver.cpp, line 773]
Event: 12.638 Thread 0x0000019f45ff6e10 Exception <a 'java/lang/NoSuchMethodError'{0x00000000d5bdca78}: 'java.lang.Object java.lang.invoke.Invokers$Holder.invoke_MT(java.lang.Object, java.lang.Object, java.lang.Object, java.lang.Object, java.lang.Object, java.lang.Object, java.lang.Object, java.lang.Object, java.lang.Object)'> (0x00000000d5bdca78) 
thrown [s\src\hotspot\share\interpreter\linkResolver.cpp, line 773]
Event: 12.647 Thread 0x0000019f45ff6e10 Exception <a 'java/lang/NoSuchMethodError'{0x00000000d5c46c40}: 'int java.lang.invoke.DirectMethodHandle$Holder.invokeVirtual(java.lang.Object, java.lang.Object, java.lang.Object)'> (0x00000000d5c46c40) 
thrown [s\src\hotspot\share\interpreter\linkResolver.cpp, line 773]
Event: 12.648 Thread 0x0000019f45ff6e10 Exception <a 'java/lang/NoSuchMethodError'{0x00000000d5cbdd70}: 'int java.lang.invoke.DirectMethodHandle$Holder.invokeStaticInit(java.lang.Object, int, int)'> (0x00000000d5cbdd70) 
thrown [s\src\hotspot\share\interpreter\linkResolver.cpp, line 773]
Event: 12.650 Thread 0x0000019f45ff6e10 Exception <a 'java/lang/NoSuchMethodError'{0x00000000d5cc50f0}: 'int java.lang.invoke.DirectMethodHandle$Holder.invokeStaticInit(java.lang.Object, long, long)'> (0x00000000d5cc50f0) 
thrown [s\src\hotspot\share\interpreter\linkResolver.cpp, line 773]
Event: 12.651 Thread 0x0000019f45ff6e10 Exception <a 'java/lang/NoSuchMethodError'{0x00000000d5ce27f8}: 'int java.lang.invoke.DirectMethodHandle$Holder.invokeStaticInit(java.lang.Object, float, float)'> (0x00000000d5ce27f8) 
thrown [s\src\hotspot\share\interpreter\linkResolver.cpp, line 773]
Event: 12.652 Thread 0x0000019f45ff6e10 Exception <a 'java/lang/NoSuchMethodError'{0x00000000d5cfb650}: 'int java.lang.invoke.DirectMethodHandle$Holder.invokeStaticInit(java.lang.Object, double, double)'> (0x00000000d5cfb650) 
thrown [s\src\hotspot\share\interpreter\linkResolver.cpp, line 773]
Event: 12.652 Thread 0x0000019f45ff6e10 Exception <a 'java/lang/NoSuchMethodError'{0x00000000d5cff7d0}: 'int java.lang.invoke.DirectMethodHandle$Holder.invokeStatic(java.lang.Object, long)'> (0x00000000d5cff7d0) 
thrown [s\src\hotspot\share\interpreter\linkResolver.cpp, line 773]
Event: 12.660 Thread 0x0000019f45ff6e10 Exception <a 'java/lang/NoSuchMethodError'{0x00000000d5da7568}: 'int java.lang.invoke.Invokers$Holder.linkToTargetMethod(java.lang.Object, java.lang.Object)'> (0x00000000d5da7568) 
thrown [s\src\hotspot\share\interpreter\linkResolver.cpp, line 773]
Event: 12.660 Thread 0x0000019f45ff6780 Exception <a 'java/lang/NoSuchMethodError'{0x00000000d5da2260}: 'int java.lang.invoke.Invokers$Holder.linkToTargetMethod(java.lang.Object, java.lang.Object)'> (0x00000000d5da2260) 
thrown [s\src\hotspot\share\interpreter\linkResolver.cpp, line 773]
Event: 12.661 Thread 0x0000019f45ff6780 Exception <a 'java/lang/NoSuchMethodError'{0x00000000d5db5b08}: 'int java.lang.invoke.DirectMethodHandle$Holder.invokeSpecial(java.lang.Object, java.lang.Object, java.lang.Object, java.lang.Object)'> (0x00000000d5db5b08) 
thrown [s\src\hotspot\share\interpreter\linkResolver.cpp, line 773]
Event: 12.665 Thread 0x0000019f45ff6780 Exception <a 'java/lang/NoSuchMethodError'{0x00000000d5dcdcd0}: 'java.lang.Object java.lang.invoke.DirectMethodHandle$Holder.invokeStatic(java.lang.Object, int, java.lang.Object, java.lang.Object)'> (0x00000000d5dcdcd0) 
thrown [s\src\hotspot\share\interpreter\linkResolver.cpp, line 773]
Event: 12.668 Thread 0x0000019f45ff6780 Exception <a 'java/lang/NoSuchMethodError'{0x00000000d5dd14b0}: 'java.lang.Object java.lang.invoke.DelegatingMethodHandle$Holder.delegate(java.lang.Object, int, java.lang.Object, java.lang.Object)'> (0x00000000d5dd14b0) 
thrown [s\src\hotspot\share\interpreter\linkResolver.cpp, line 773]
Event: 12.674 Thread 0x0000019f45ff6780 Exception <a 'java/lang/NoSuchMethodError'{0x00000000d5e190b0}: 'int java.lang.invoke.Invokers$Holder.linkToTargetMethod(java.lang.Object, java.lang.Object, java.lang.Object)'> (0x00000000d5e190b0) 
thrown [s\src\hotspot\share\interpreter\linkResolver.cpp, line 773]
Event: 12.730 Thread 0x0000019f45ff6e10 Exception <a 'java/lang/NoSuchMethodError'{0x00000000d61dca78}: 'java.lang.Object java.lang.invoke.DirectMethodHandle$Holder.invokeSpecialIFC(java.lang.Object, java.lang.Object, java.lang.Object, java.lang.Object)'> (0x00000000d61dca78) 
thrown [s\src\hotspot\share\interpreter\linkResolver.cpp, line 773]

ZGC Phase Switch (0 events):
No events

VM Operations (20 events):
Event: 10.495 Executing non-safepoint VM operation: HandshakeAllThreads (Deoptimize)
Event: 10.495 Executing non-safepoint VM operation: HandshakeAllThreads (Deoptimize) done
Event: 10.504 Executing non-safepoint VM operation: HandshakeAllThreads (Deoptimize)
Event: 10.504 Executing non-safepoint VM operation: HandshakeAllThreads (Deoptimize) done
Event: 10.878 Executing safepoint VM operation: ICBufferFull
Event: 10.879 Executing safepoint VM operation: ICBufferFull done
Event: 11.023 Executing safepoint VM operation: ParallelGCFailedAllocation (Allocation Failure)
Event: 11.031 Executing safepoint VM operation: ParallelGCFailedAllocation (Allocation Failure) done
Event: 11.086 Executing safepoint VM operation: CollectForMetadataAllocation (Metadata GC Threshold)
Event: 11.153 Executing safepoint VM operation: CollectForMetadataAllocation (Metadata GC Threshold) done
Event: 11.493 Executing safepoint VM operation: ParallelGCFailedAllocation (Allocation Failure)
Event: 11.496 Executing safepoint VM operation: ParallelGCFailedAllocation (Allocation Failure) done
Event: 12.497 Executing safepoint VM operation: Cleanup
Event: 12.621 Executing safepoint VM operation: Cleanup done
Event: 12.674 Executing non-safepoint VM operation: HandshakeAllThreads (Deoptimize)
Event: 12.675 Executing non-safepoint VM operation: HandshakeAllThreads (Deoptimize) done
Event: 12.838 Executing safepoint VM operation: ParallelGCFailedAllocation (Allocation Failure)
Event: 12.841 Executing safepoint VM operation: ParallelGCFailedAllocation (Allocation Failure) done
Event: 15.862 Executing safepoint VM operation: Cleanup
Event: 15.862 Executing safepoint VM operation: Cleanup done

Memory protections (0 events):
No events

Nmethod flushes (0 events):
No events

Events (20 events):
Event: 6.835 Thread 0x0000019f454ca920 Thread exited: 0x0000019f454ca920
Event: 8.542 Thread 0x0000019f7a38f600 Thread exited: 0x0000019f7a38f600
Event: 8.627 Thread 0x0000019f45997590 Thread added: 0x0000019f7a38f600
Event: 9.051 Thread 0x0000019f625b6790 Thread added: 0x0000019f462f4070
Event: 9.140 Thread 0x0000019f625c9440 Thread added: 0x0000019f462f4e10
Event: 9.600 Thread 0x0000019f45997590 Thread added: 0x0000019f7a314560
Event: 9.685 Thread 0x0000019f462f4e10 Thread added: 0x0000019f462f4740
Event: 10.151 Thread 0x0000019f462f4070 Thread exited: 0x0000019f462f4070
Event: 10.172 Thread 0x0000019f45997590 Thread added: 0x0000019f45ff60f0
Event: 10.231 Thread 0x0000019f45997590 Thread added: 0x0000019f45ff6780
Event: 10.272 Thread 0x0000019f45997590 Thread added: 0x0000019f45ff6e10
Event: 10.307 Thread 0x0000019f462f4e10 Thread added: 0x0000019f462f76f0
Event: 12.181 Thread 0x0000019f462f4740 Thread exited: 0x0000019f462f4740
Event: 12.181 Thread 0x0000019f462f4e10 Thread exited: 0x0000019f462f4e10
Event: 12.181 Thread 0x0000019f462f76f0 Thread exited: 0x0000019f462f76f0
Event: 12.214 Thread 0x0000019f45ff6e10 Thread added: 0x0000019f45ff5a60
Event: 12.346 Thread 0x0000019f45ff5a60 Thread added: 0x0000019f45a7eda0
Event: 12.882 Thread 0x0000019f625c9440 Thread added: 0x0000019f462f4740
Event: 12.927 Thread 0x0000019f625c9440 Thread added: 0x0000019f462f5bb0
Event: 15.005 Thread 0x0000019f7a38c7a0 Thread exited: 0x0000019f7a38c7a0


Dynamic libraries:
0x00007ff7376b0000 - 0x00007ff7376be000 	c:\Users\kumar\.vscode\extensions\redhat.java-1.55.0-win32-x64\jre\21.0.11-win32-x86_64\bin\java.exe
0x00007ff85ad20000 - 0x00007ff85af86000 	C:\WINDOWS\SYSTEM32\ntdll.dll
0x00007ff8597f0000 - 0x00007ff8598b9000 	C:\WINDOWS\System32\KERNEL32.DLL
0x00007ff858690000 - 0x00007ff858a8a000 	C:\WINDOWS\System32\KERNELBASE.dll
0x00007ff858040000 - 0x00007ff85818c000 	C:\WINDOWS\System32\ucrtbase.dll
0x00007ff8439b0000 - 0x00007ff8439c8000 	c:\Users\kumar\.vscode\extensions\redhat.java-1.55.0-win32-x64\jre\21.0.11-win32-x86_64\bin\jli.dll
0x00007ff8593c0000 - 0x00007ff859587000 	C:\WINDOWS\System32\USER32.dll
0x00007ff8583c0000 - 0x00007ff8583e7000 	C:\WINDOWS\System32\win32u.dll
0x00007ff858dc0000 - 0x00007ff858deb000 	C:\WINDOWS\System32\GDI32.dll
0x00007ff8584b0000 - 0x00007ff8585db000 	C:\WINDOWS\System32\gdi32full.dll
0x00007ff858190000 - 0x00007ff858233000 	C:\WINDOWS\System32\msvcp_win.dll
0x00007ff843990000 - 0x00007ff8439ae000 	c:\Users\kumar\.vscode\extensions\redhat.java-1.55.0-win32-x64\jre\21.0.11-win32-x86_64\bin\VCRUNTIME140.dll
0x00007ff834430000 - 0x00007ff8346c2000 	C:\WINDOWS\WinSxS\amd64_microsoft.windows.common-controls_6595b64144ccf1df_6.0.26100.8521_none_3e08b75ce33403b3\COMCTL32.dll
0x00007ff859310000 - 0x00007ff8593b9000 	C:\WINDOWS\System32\msvcrt.dll
0x00007ff858cb0000 - 0x00007ff858ce2000 	C:\WINDOWS\System32\IMM32.DLL
0x00007ff843980000 - 0x00007ff84398c000 	c:\Users\kumar\.vscode\extensions\redhat.java-1.55.0-win32-x64\jre\21.0.11-win32-x86_64\bin\vcruntime140_1.dll
0x00007ff8227f0000 - 0x00007ff82287d000 	c:\Users\kumar\.vscode\extensions\redhat.java-1.55.0-win32-x64\jre\21.0.11-win32-x86_64\bin\msvcp140.dll
0x00007fffbcea0000 - 0x00007fffbdc42000 	c:\Users\kumar\.vscode\extensions\redhat.java-1.55.0-win32-x64\jre\21.0.11-win32-x86_64\bin\server\jvm.dll
0x00007ff858bf0000 - 0x00007ff858ca6000 	C:\WINDOWS\System32\ADVAPI32.dll
0x00007ff85a670000 - 0x00007ff85a71a000 	C:\WINDOWS\System32\sechost.dll
0x00007ff85a7a0000 - 0x00007ff85a8b8000 	C:\WINDOWS\System32\RPCRT4.dll
0x00007ff858ef0000 - 0x00007ff858f70000 	C:\WINDOWS\System32\WS2_32.dll
0x00007ff857e10000 - 0x00007ff857e6e000 	C:\WINDOWS\SYSTEM32\POWRPROF.dll
0x00007ff84d650000 - 0x00007ff84d65b000 	C:\WINDOWS\SYSTEM32\VERSION.dll
0x00007ff84a8d0000 - 0x00007ff84a906000 	C:\WINDOWS\SYSTEM32\WINMM.dll
0x00007ff857df0000 - 0x00007ff857e04000 	C:\WINDOWS\SYSTEM32\UMPDC.dll
0x00007ff856d40000 - 0x00007ff856d5b000 	C:\WINDOWS\SYSTEM32\kernel.appcore.dll
0x00007ff8388d0000 - 0x00007ff8388da000 	c:\Users\kumar\.vscode\extensions\redhat.java-1.55.0-win32-x64\jre\21.0.11-win32-x86_64\bin\jimage.dll
0x00007ff855530000 - 0x00007ff855772000 	C:\WINDOWS\SYSTEM32\DBGHELP.DLL
0x00007ff858f80000 - 0x00007ff859303000 	C:\WINDOWS\System32\combase.dll
0x00007ff85a590000 - 0x00007ff85a669000 	C:\WINDOWS\System32\OLEAUT32.dll
0x00007ff830840000 - 0x00007ff83087b000 	C:\WINDOWS\SYSTEM32\dbgcore.DLL
0x00007ff8585e0000 - 0x00007ff858688000 	C:\WINDOWS\System32\bcryptPrimitives.dll
0x00007ff851cd0000 - 0x00007ff851cdf000 	c:\Users\kumar\.vscode\extensions\redhat.java-1.55.0-win32-x64\jre\21.0.11-win32-x86_64\bin\instrument.dll
0x00007ff8355f0000 - 0x00007ff835610000 	c:\Users\kumar\.vscode\extensions\redhat.java-1.55.0-win32-x64\jre\21.0.11-win32-x86_64\bin\java.dll
0x00007ff8598c0000 - 0x00007ff85a044000 	C:\WINDOWS\System32\SHELL32.dll
0x00007ff855b40000 - 0x00007ff8563c0000 	C:\WINDOWS\SYSTEM32\windows.storage.dll
0x00007ff859600000 - 0x00007ff8596f6000 	C:\WINDOWS\System32\SHCORE.dll
0x00007ff859590000 - 0x00007ff8595f7000 	C:\WINDOWS\System32\shlwapi.dll
0x00007ff857ed0000 - 0x00007ff857ef9000 	C:\WINDOWS\SYSTEM32\profapi.dll
0x00007ff8354a0000 - 0x00007ff8354b8000 	c:\Users\kumar\.vscode\extensions\redhat.java-1.55.0-win32-x64\jre\21.0.11-win32-x86_64\bin\zip.dll
0x00007ff838740000 - 0x00007ff838750000 	C:\Users\kumar\.vscode\extensions\redhat.java-1.55.0-win32-x64\jre\21.0.11-win32-x86_64\bin\net.dll
0x00007ff84e580000 - 0x00007ff84e6a9000 	C:\WINDOWS\SYSTEM32\WINHTTP.dll
0x00007ff8572b0000 - 0x00007ff85731c000 	C:\WINDOWS\system32\mswsock.dll
0x00007ff834b40000 - 0x00007ff834b56000 	C:\Users\kumar\.vscode\extensions\redhat.java-1.55.0-win32-x64\jre\21.0.11-win32-x86_64\bin\nio.dll
0x00007ff838710000 - 0x00007ff838720000 	c:\Users\kumar\.vscode\extensions\redhat.java-1.55.0-win32-x64\jre\21.0.11-win32-x86_64\bin\verify.dll
0x00007ff8338d0000 - 0x00007ff833915000 	C:\Users\kumar\AppData\Roaming\Code\User\globalStorage\redhat.java\1.55.0\config_win\org.eclipse.equinox.launcher\org.eclipse.equinox.launcher.win32.win32.x86_64_1.3.100.v20260613-0559\eclipse_11924.dll
0x00007ff85aaa0000 - 0x00007ff85ac38000 	C:\WINDOWS\System32\ole32.dll
0x00007ff857590000 - 0x00007ff8575ab000 	C:\WINDOWS\SYSTEM32\CRYPTSP.dll
0x00007ff856ca0000 - 0x00007ff856cd9000 	C:\WINDOWS\system32\rsaenh.dll
0x00007ff857360000 - 0x00007ff857393000 	C:\WINDOWS\SYSTEM32\USERENV.dll
0x00007ff857ea0000 - 0x00007ff857eca000 	C:\WINDOWS\SYSTEM32\bcrypt.dll
0x00007ff8575b0000 - 0x00007ff8575bc000 	C:\WINDOWS\SYSTEM32\CRYPTBASE.dll
0x00007ff8566f0000 - 0x00007ff856723000 	C:\WINDOWS\SYSTEM32\IPHLPAPI.DLL
0x00007ff858cf0000 - 0x00007ff858cfa000 	C:\WINDOWS\System32\NSI.dll
0x00007ff822600000 - 0x00007ff822649000 	C:\Users\kumar\AppData\Local\Temp\jna-102410164\jna12086418878704648428.dll
0x00007ff859700000 - 0x00007ff859708000 	C:\WINDOWS\System32\PSAPI.DLL

JVMTI agents:
c:\Users\kumar\.vscode\extensions\redhat.java-1.55.0-win32-x64\lombok\lombok-1.18.39-4050.jar path:c:\Users\kumar\.vscode\extensions\redhat.java-1.55.0-win32-x64\jre\21.0.11-win32-x86_64\bin\instrument.dll, loaded, initialized, instrumentlib options:none

dbghelp: loaded successfully - version: 4.0.5 - missing functions: none
symbol engine: initialized successfully - sym options: 0x614 - pdb path: .;c:\Users\kumar\.vscode\extensions\redhat.java-1.55.0-win32-x64\jre\21.0.11-win32-x86_64\bin;C:\WINDOWS\SYSTEM32;C:\WINDOWS\WinSxS\amd64_microsoft.windows.common-controls_6595b64144ccf1df_6.0.26100.8521_none_3e08b75ce33403b3;c:\Users\kumar\.vscode\extensions\redhat.java-1.55.0-win32-x64\jre\21.0.11-win32-x86_64\bin\server;C:\Users\kumar\AppData\Roaming\Code\User\globalStorage\redhat.java\1.55.0\config_win\org.eclipse.equinox.launcher\org.eclipse.equinox.launcher.win32.win32.x86_64_1.3.100.v20260613-0559;C:\Users\kumar\AppData\Local\Temp\jna-102410164

VM Arguments:
jvm_args: --add-modules=ALL-SYSTEM --add-opens=java.base/java.util=ALL-UNNAMED --add-opens=java.base/java.lang=ALL-UNNAMED --add-opens=java.base/sun.nio.fs=ALL-UNNAMED -Declipse.application=org.eclipse.jdt.ls.core.id1 -Dosgi.bundles.defaultStartLevel=4 -Declipse.product=org.eclipse.jdt.ls.core.product -Djava.import.generatesMetadataFilesAtProjectRoot=false -DDetectVMInstallationsJob.disabled=true -Dfile.encoding=utf8 -XX:+UseParallelGC -XX:GCTimeRatio=4 -XX:AdaptiveSizePolicyWeight=90 -Dsun.zip.disableMemoryMapping=true -Xmx2G -Xms100m -Xlog:disable -javaagent:c:\Users\kumar\.vscode\extensions\redhat.java-1.55.0-win32-x64\lombok\lombok-1.18.39-4050.jar -XX:+HeapDumpOnOutOfMemoryError -XX:HeapDumpPath=c:\Users\kumar\AppData\Roaming\Code\User\workspaceStorage\34eab81abe4cf9b9b14716ff9f35c11f\redhat.java -Daether.dependencyCollector.impl=bf 
java_command: c:\Users\kumar\.vscode\extensions\redhat.java-1.55.0-win32-x64\server\plugins\org.eclipse.equinox.launcher_1.7.200.v20260619-2039.jar -configuration c:\Users\kumar\AppData\Roaming\Code\User\globalStorage\redhat.java\1.55.0\config_win -data c:\Users\kumar\AppData\Roaming\Code\User\workspaceStorage\34eab81abe4cf9b9b14716ff9f35c11f\redhat.java\jdt_ws --pipe=\\.\pipe\lsp-e8baef9aa937e3b081f96e276089f372-sock
java_class_path (initial): c:\Users\kumar\.vscode\extensions\redhat.java-1.55.0-win32-x64\server\plugins\org.eclipse.equinox.launcher_1.7.200.v20260619-2039.jar
Launcher Type: SUN_STANDARD

[Global flags]
    uintx AdaptiveSizePolicyWeight                 = 90                                        {product} {command line}
     intx CICompilerCount                          = 12                                        {product} {ergonomic}
    uintx GCTimeRatio                              = 4                                         {product} {command line}
     bool HeapDumpOnOutOfMemoryError               = true                                   {manageable} {command line}
    ccstr HeapDumpPath                             = c:\Users\kumar\AppData\Roaming\Code\User\workspaceStorage\34eab81abe4cf9b9b14716ff9f35c11f\redhat.java         {manageable} {command line}
   size_t InitialHeapSize                          = 104857600                                 {product} {command line}
   size_t MaxHeapSize                              = 2147483648                                {product} {command line}
   size_t MaxNewSize                               = 715653120                                 {product} {ergonomic}
   size_t MinHeapDeltaBytes                        = 524288                                    {product} {ergonomic}
   size_t MinHeapSize                              = 104857600                                 {product} {command line}
   size_t NewSize                                  = 34603008                                  {product} {ergonomic}
    uintx NonNMethodCodeHeapSize                   = 7602480                                {pd product} {ergonomic}
    uintx NonProfiledCodeHeapSize                  = 122027880                              {pd product} {ergonomic}
   size_t OldSize                                  = 70254592                                  {product} {ergonomic}
    uintx ProfiledCodeHeapSize                     = 122027880                              {pd product} {ergonomic}
    uintx ReservedCodeCacheSize                    = 251658240                              {pd product} {ergonomic}
     bool SegmentedCodeCache                       = true                                      {product} {ergonomic}
   size_t SoftMaxHeapSize                          = 2147483648                             {manageable} {ergonomic}
     bool UseCompressedOops                        = true                           {product lp64_product} {ergonomic}
     bool UseLargePagesIndividualAllocation        = false                                  {pd product} {ergonomic}
     bool UseParallelGC                            = true                                      {product} {command line}

Logging:
Log output configuration:
 #0: stdout all=off uptime,level,tags foldmultilines=false
 #1: stderr all=off uptime,level,tags foldmultilines=false

Release file:
JAVA_VERSION="21.0.11" 
MODULES="java.base java.compiler java.datatransfer java.xml java.prefs java.desktop java.instrument java.logging java.management java.security.sasl java.naming java.rmi java.management.rmi java.net.http java.scripting java.security.jgss java.transaction.xa java.sql java.sql.rowset java.xml.crypto java.se java.smartcardio jdk.accessibility jdk.internal.jvmstat jdk.attach jdk.charsets jdk.internal.opt jdk.zipfs jdk.compiler jdk.crypto.ec jdk.crypto.cryptoki jdk.crypto.mscapi jdk.dynalink jdk.internal.ed jdk.editpad jdk.hotspot.agent jdk.httpserver jdk.internal.le jdk.internal.vm.ci jdk.internal.vm.compiler jdk.internal.vm.compiler.management jdk.jartool jdk.javadoc jdk.jcmd jdk.management jdk.management.agent jdk.jconsole jdk.jdeps jdk.jdwp.agent jdk.jdi jdk.jfr jdk.jshell jdk.jsobject jdk.jstatd jdk.localedata jdk.management.jfr jdk.naming.dns jdk.naming.rmi jdk.net jdk.nio.mapmode jdk.random jdk.sctp jdk.security.auth jdk.security.jgss jdk.unsupported jdk.unsupported.desktop jdk.xml.dom" 

Environment Variables:
PATH=C:\Program Files\Common Files\Oracle\Java\javapath;C:\windows\system32;C:\windows;C:\windows\System32\Wbem;C:\windows\System32\WindowsPowerShell\v1.0\;C:\windows\System32\OpenSSH\;C:\WINDOWS\system32;C:\WINDOWS;C:\WINDOWS\System32\Wbem;C:\WINDOWS\System32\WindowsPowerShell\v1.0\;C:\WINDOWS\System32\OpenSSH\;C:\Program Files\Git\cmd;C:\Program Files\nodejs\;C:\Program Files\Java\jdk-25.0.2\bin;C:\Program Files\Apache\Maven\apache-maven-3.9.16\bin;C:\Users\kumar\AppData\Local\Programs\Python\Python311\Scripts\;C:\Users\kumar\AppData\Local\Programs\Python\Python311\;C:\Users\kumar\AppData\Local\Microsoft\WindowsApps;C:\Users\kumar\AppData\Local\Programs\Microsoft VS Code\bin;C:\msys64\ucrt64\bin;C:\msys64;C:\Users\kumar\AppData\Roaming\npm
USERNAME=kumar
OS=Windows_NT
PROCESSOR_IDENTIFIER=Intel64 Family 6 Model 186 Stepping 2, GenuineIntel
TMP=C:\Users\kumar\AppData\Local\Temp
TEMP=C:\Users\kumar\AppData\Local\Temp




Periodic native trim disabled

---------------  S Y S T E M  ---------------

OS:
 Windows 11 , 64 bit Build 26100 (10.0.26100.8521)
OS uptime: 1 days 14:04 hours
Hyper-V role detected

CPU: total 16 (initial active 16) (8 cores per cpu, 2 threads per core) family 6 model 186 stepping 2 microcode 0x4121, cx8, cmov, fxsr, ht, mmx, 3dnowpref, sse, sse2, sse3, ssse3, sse4.1, sse4.2, popcnt, lzcnt, tsc, tscinvbit, avx, avx2, aes, erms, clmul, bmi1, bmi2, adx, sha, fma, vzeroupper, clflush, clflushopt, clwb, hv, serialize, rdtscp, rdpid, fsrm, f16c, cet_ibt, cet_ss
Processor Information for processor 0
  Max Mhz: 1900, Current Mhz: 1900, Mhz Limit: 1900
Processor Information for processor 1
  Max Mhz: 1900, Current Mhz: 1504, Mhz Limit: 1900
Processor Information for processor 2
  Max Mhz: 1900, Current Mhz: 1900, Mhz Limit: 1900
Processor Information for processor 3
  Max Mhz: 1900, Current Mhz: 1900, Mhz Limit: 1900
Processor Information for processor 4
  Max Mhz: 1900, Current Mhz: 1900, Mhz Limit: 1900
Processor Information for processor 5
  Max Mhz: 1900, Current Mhz: 1900, Mhz Limit: 1900
Processor Information for processor 6
  Max Mhz: 1900, Current Mhz: 1900, Mhz Limit: 1900
Processor Information for processor 7
  Max Mhz: 1900, Current Mhz: 1504, Mhz Limit: 1900
Processor Information for processor 8
  Max Mhz: 1900, Current Mhz: 1400, Mhz Limit: 1387
Processor Information for processor 9
  Max Mhz: 1900, Current Mhz: 1400, Mhz Limit: 1387
Processor Information for processor 10
  Max Mhz: 1900, Current Mhz: 1400, Mhz Limit: 1387
Processor Information for processor 11
  Max Mhz: 1900, Current Mhz: 1400, Mhz Limit: 1387
Processor Information for processor 12
  Max Mhz: 1900, Current Mhz: 1400, Mhz Limit: 1387
Processor Information for processor 13
  Max Mhz: 1900, Current Mhz: 1400, Mhz Limit: 1387
Processor Information for processor 14
  Max Mhz: 1900, Current Mhz: 1400, Mhz Limit: 1387
Processor Information for processor 15
  Max Mhz: 1900, Current Mhz: 1400, Mhz Limit: 1387

Memory: 4k page, system-wide physical 16095M (3609M free)
TotalPageFile size 16095M (AvailPageFile size 5M)
current process WorkingSet (physical memory assigned to process): 171M, peak: 171M
current process commit charge ("private bytes"): 316M, peak: 318M

vm_info: OpenJDK 64-Bit Server VM (21.0.11+10-LTS) for windows-amd64 JRE (21.0.11+10-LTS), built on 2026-04-21T00:00:00Z by "admin" with MS VC++ 17.12 (VS2022)

END.
