#
# There is insufficient memory for the Java Runtime Environment to continue.
# Native memory allocation (malloc) failed to allocate 1894576 bytes. Error detail: Chunk::new
# Possible reasons:
#   The system is out of physical RAM or swap space
#   This process is running with CompressedOops enabled, and the Java Heap may be blocking the growth of the native heap
# Possible solutions:
#   Reduce memory load on the system
#   Increase physical memory or swap space
#   Check if swap backing store is full
#   Decrease Java heap size (-Xmx/-Xms)
#   Decrease number of Java threads
#   Decrease Java thread stack sizes (-Xss)
#   Set larger code cache with -XX:ReservedCodeCacheSize=
#   JVM is running with Unscaled Compressed Oops mode in which the Java heap is
#     placed in the first 4GB address space. The Java Heap base address is the
#     maximum limit for the native heap growth. Please use -XX:HeapBaseMinAddress
#     to set the Java Heap base and to place the Java Heap above 4GB virtual address.
# This output file may be truncated or incomplete.
#
#  Out of Memory Error (arena.cpp:168), pid=28448, tid=6768
#
# JRE version: OpenJDK Runtime Environment Temurin-21.0.11+10 (21.0.11+10) (build 21.0.11+10-LTS)
# Java VM: OpenJDK 64-Bit Server VM Temurin-21.0.11+10 (21.0.11+10-LTS, mixed mode, sharing, tiered, compressed oops, compressed class ptrs, parallel gc, windows-amd64)
# No core dump will be written. Minidumps are not enabled by default on client versions of Windows
#

---------------  S U M M A R Y ------------

Command Line: --add-modules=ALL-SYSTEM --add-opens=java.base/java.util=ALL-UNNAMED --add-opens=java.base/java.lang=ALL-UNNAMED --add-opens=java.base/sun.nio.fs=ALL-UNNAMED -Declipse.application=org.eclipse.jdt.ls.core.id1 -Dosgi.bundles.defaultStartLevel=4 -Declipse.product=org.eclipse.jdt.ls.core.product -Djava.import.generatesMetadataFilesAtProjectRoot=false -DDetectVMInstallationsJob.disabled=true -Dfile.encoding=utf8 -XX:+UseParallelGC -XX:GCTimeRatio=4 -XX:AdaptiveSizePolicyWeight=90 -Dsun.zip.disableMemoryMapping=true -Xmx2G -Xms100m -Xlog:disable -javaagent:c:\Users\kumar\.vscode\extensions\redhat.java-1.55.0-win32-x64\lombok\lombok-1.18.39-4050.jar -XX:+HeapDumpOnOutOfMemoryError -XX:HeapDumpPath=c:\Users\kumar\AppData\Roaming\Code\User\workspaceStorage\34eab81abe4cf9b9b14716ff9f35c11f\redhat.java -Daether.dependencyCollector.impl=bf c:\Users\kumar\.vscode\extensions\redhat.java-1.55.0-win32-x64\server\plugins\org.eclipse.equinox.launcher_1.7.200.v20260619-2039.jar -configuration c:\Users\kumar\AppData\Roaming\Code\User\globalStorage\redhat.java\1.55.0\config_win -data c:\Users\kumar\AppData\Roaming\Code\User\workspaceStorage\34eab81abe4cf9b9b14716ff9f35c11f\redhat.java\jdt_ws --pipe=\\.\pipe\lsp-fce75524669b69d05a179f55a5b1d2ac-sock

Host: 13th Gen Intel(R) Core(TM) i5-1340P, 16 cores, 15G,  Windows 11 , 64 bit Build 26100 (10.0.26100.8521)
Time: Sat Jul  4 11:55:24 2026 India Standard Time elapsed time: 53.347206 seconds (0d 0h 0m 53s)

---------------  T H R E A D  ---------------

Current thread (0x000001e1f66264b0):  JavaThread "C2 CompilerThread2" daemon [_thread_in_native, id=6768, stack(0x0000006ccd400000,0x0000006ccd500000) (1024K)]


Current CompileTask:
C2:53347 9135       4       java.lang.invoke.MethodHandleImpl::makePairwiseConvertByEditor (617 bytes)

Stack: [0x0000006ccd400000,0x0000006ccd500000]
Native frames: (J=compiled Java code, j=interpreted, Vv=VM code, C=native code)
V  [jvm.dll+0x6d7e19]
V  [jvm.dll+0x8b5096]
V  [jvm.dll+0x8b764e]
V  [jvm.dll+0x8b7d33]
V  [jvm.dll+0x284596]
V  [jvm.dll+0xc685d]
V  [jvm.dll+0xc6da1]
V  [jvm.dll+0x3bed31]
V  [jvm.dll+0x1e3f42]
V  [jvm.dll+0x24c853]
V  [jvm.dll+0x24bce0]
V  [jvm.dll+0x1cb4ae]
V  [jvm.dll+0x25baad]
V  [jvm.dll+0x25a03a]
V  [jvm.dll+0x3f868e]
V  [jvm.dll+0x85fb0d]
V  [jvm.dll+0x6d664d]
C  [ucrtbase.dll+0x2cd30]
C  [KERNEL32.DLL+0x2e957]
C  [ntdll.dll+0x87c1c]


---------------  P R O C E S S  ---------------

Threads class SMR info:
_java_thread_list=0x000001e1fb303c60, length=61, elements={
0x000001e1d6ceab20, 0x000001e1ed79e4d0, 0x000001e1d6d92180, 0x000001e1d6d972f0,
0x000001e1d6d97d50, 0x000001e1d6d987b0, 0x000001e1d6d99210, 0x000001e1d6da7280,
0x000001e1d6da9590, 0x000001e1eed537a0, 0x000001e1eee2a7b0, 0x000001e1f094a100,
0x000001e1f523c800, 0x000001e1f523dbb0, 0x000001e1f523b450, 0x000001e1f523bae0,
0x000001e1f523ce90, 0x000001e1f523d520, 0x000001e1f523e8d0, 0x000001e1f523e240,
0x000001e1f523c170, 0x000001e1f6a0b390, 0x000001e1f6a0ad00, 0x000001e1f6a07f10,
0x000001e1f6a0ba20, 0x000001e1f6a0a670, 0x000001e1f6a092c0, 0x000001e1f6a0c0b0,
0x000001e1f6a08c30, 0x000001e1f6a0c740, 0x000001e1f6a0cdd0, 0x000001e1f6a09950,
0x000001e1f6a0d460, 0x000001e1f6a0daf0, 0x000001e1f6a0e180, 0x000001e1f6a0e810,
0x000001e1f6a0eea0, 0x000001e1f6a0f530, 0x000001e1f7ab67c0, 0x000001e1f7ab5aa0,
0x000001e1f7ab39d0, 0x000001e1f7ab6130, 0x000001e1f7ab4060, 0x000001e1f7ab3340,
0x000001e1f7ab7b70, 0x000001e1f7ab46f0, 0x000001e1f7ab95b0, 0x000001e1f7aba960,
0x000001e1f7aba2d0, 0x000001e1f6624970, 0x000001e1f66264b0, 0x000001e1f77b3b70,
0x000001e1f77b0d80, 0x000001e1f77b1410, 0x000001e1f77b06f0, 0x000001e1f7ab8890,
0x000001e1fad52520, 0x000001e1fad51800, 0x000001e1f6625de0, 0x000001e1f66242a0,
0x000001e1fad52bb0
}

Java Threads: ( => current thread )
  0x000001e1d6ceab20 JavaThread "main"                              [_thread_blocked, id=25852, stack(0x0000006cc7e00000,0x0000006cc7f00000) (1024K)]
  0x000001e1ed79e4d0 JavaThread "Reference Handler"          daemon [_thread_blocked, id=28460, stack(0x0000006cc8200000,0x0000006cc8300000) (1024K)]
  0x000001e1d6d92180 JavaThread "Finalizer"                  daemon [_thread_blocked, id=26264, stack(0x0000006cc8300000,0x0000006cc8400000) (1024K)]
  0x000001e1d6d972f0 JavaThread "Signal Dispatcher"          daemon [_thread_blocked, id=24868, stack(0x0000006cc8400000,0x0000006cc8500000) (1024K)]
  0x000001e1d6d97d50 JavaThread "Attach Listener"            daemon [_thread_blocked, id=2132, stack(0x0000006cc8500000,0x0000006cc8600000) (1024K)]
  0x000001e1d6d987b0 JavaThread "Service Thread"             daemon [_thread_blocked, id=19716, stack(0x0000006cc8600000,0x0000006cc8700000) (1024K)]
  0x000001e1d6d99210 JavaThread "Monitor Deflation Thread"   daemon [_thread_blocked, id=9044, stack(0x0000006cc8700000,0x0000006cc8800000) (1024K)]
  0x000001e1d6da7280 JavaThread "C2 CompilerThread0"         daemon [_thread_in_native, id=11480, stack(0x0000006cc8800000,0x0000006cc8900000) (1024K)]
  0x000001e1d6da9590 JavaThread "C1 CompilerThread0"         daemon [_thread_in_native, id=19284, stack(0x0000006cc8900000,0x0000006cc8a00000) (1024K)]
  0x000001e1eed537a0 JavaThread "Common-Cleaner"             daemon [_thread_blocked, id=18336, stack(0x0000006cc8c00000,0x0000006cc8d00000) (1024K)]
  0x000001e1eee2a7b0 JavaThread "Notification Thread"        daemon [_thread_blocked, id=15252, stack(0x0000006cc8e00000,0x0000006cc8f00000) (1024K)]
  0x000001e1f094a100 JavaThread "Active Thread: Equinox Container: de19c826-eca8-41af-8f49-c27e569eae74"        [_thread_blocked, id=11964, stack(0x0000006cc9600000,0x0000006cc9700000) (1024K)]
  0x000001e1f523c800 JavaThread "Framework Event Dispatcher: Equinox Container: de19c826-eca8-41af-8f49-c27e569eae74" daemon [_thread_blocked, id=8672, stack(0x0000006cc8d00000,0x0000006cc8e00000) (1024K)]
  0x000001e1f523dbb0 JavaThread "Start Level: Equinox Container: de19c826-eca8-41af-8f49-c27e569eae74" daemon [_thread_blocked, id=24460, stack(0x0000006cc8f00000,0x0000006cc9000000) (1024K)]
  0x000001e1f523b450 JavaThread "Bundle File Closer"         daemon [_thread_blocked, id=18532, stack(0x0000006cc9800000,0x0000006cc9900000) (1024K)]
  0x000001e1f523bae0 JavaThread "Refresh Thread: Equinox Container: de19c826-eca8-41af-8f49-c27e569eae74" daemon [_thread_blocked, id=27420, stack(0x0000006cc9900000,0x0000006cc9a00000) (1024K)]
  0x000001e1f523ce90 JavaThread "SCR Component Actor"        daemon [_thread_blocked, id=17804, stack(0x0000006cc9a00000,0x0000006cc9b00000) (1024K)]
  0x000001e1f523d520 JavaThread "Worker-JM"                         [_thread_blocked, id=19448, stack(0x0000006cca000000,0x0000006cca100000) (1024K)]
  0x000001e1f523e8d0 JavaThread "JNA Cleaner"                daemon [_thread_blocked, id=10948, stack(0x0000006cc9d00000,0x0000006cc9e00000) (1024K)]
  0x000001e1f523e240 JavaThread "Worker-0"                          [_thread_blocked, id=16124, stack(0x0000006cca200000,0x0000006cca300000) (1024K)]
  0x000001e1f523c170 JavaThread "Worker-1"                          [_thread_blocked, id=25272, stack(0x0000006cca300000,0x0000006cca400000) (1024K)]
  0x000001e1f6a0b390 JavaThread "Worker-2"                          [_thread_blocked, id=26160, stack(0x0000006cca500000,0x0000006cca600000) (1024K)]
  0x000001e1f6a0ad00 JavaThread "Java indexing"              daemon [_thread_blocked, id=21120, stack(0x0000006cca600000,0x0000006cca700000) (1024K)]
  0x000001e1f6a07f10 JavaThread "Worker-3: Publish Diagnostics"        [_thread_in_vm, id=11824, stack(0x0000006cca700000,0x0000006cca800000) (1024K)]
  0x000001e1f6a0ba20 JavaThread "Worker-4"                          [_thread_blocked, id=16136, stack(0x0000006ccac00000,0x0000006ccad00000) (1024K)]
  0x000001e1f6a0a670 JavaThread "Worker-5"                          [_thread_blocked, id=12636, stack(0x0000006ccb200000,0x0000006ccb300000) (1024K)]
  0x000001e1f6a092c0 JavaThread "Thread-1"                   daemon [_thread_in_native, id=1008, stack(0x0000006ccb300000,0x0000006ccb400000) (1024K)]
  0x000001e1f6a0c0b0 JavaThread "Thread-2"                   daemon [_thread_in_native, id=29220, stack(0x0000006ccb400000,0x0000006ccb500000) (1024K)]
  0x000001e1f6a08c30 JavaThread "Thread-3"                   daemon [_thread_in_native, id=29424, stack(0x0000006ccb500000,0x0000006ccb600000) (1024K)]
  0x000001e1f6a0c740 JavaThread "Thread-4"                   daemon [_thread_in_native, id=28836, stack(0x0000006ccb600000,0x0000006ccb700000) (1024K)]
  0x000001e1f6a0cdd0 JavaThread "Thread-5"                   daemon [_thread_in_native, id=15776, stack(0x0000006ccb700000,0x0000006ccb800000) (1024K)]
  0x000001e1f6a09950 JavaThread "Thread-6"                   daemon [_thread_in_native, id=2752, stack(0x0000006ccb800000,0x0000006ccb900000) (1024K)]
  0x000001e1f6a0d460 JavaThread "Thread-7"                   daemon [_thread_in_native, id=14348, stack(0x0000006ccb900000,0x0000006ccba00000) (1024K)]
  0x000001e1f6a0daf0 JavaThread "Thread-8"                   daemon [_thread_in_native, id=17284, stack(0x0000006ccba00000,0x0000006ccbb00000) (1024K)]
  0x000001e1f6a0e180 JavaThread "Thread-9"                   daemon [_thread_in_native, id=25496, stack(0x0000006ccbb00000,0x0000006ccbc00000) (1024K)]
  0x000001e1f6a0e810 JavaThread "Thread-10"                  daemon [_thread_in_native, id=24816, stack(0x0000006ccbc00000,0x0000006ccbd00000) (1024K)]
  0x000001e1f6a0eea0 JavaThread "Thread-11"                  daemon [_thread_in_native, id=12708, stack(0x0000006ccbd00000,0x0000006ccbe00000) (1024K)]
  0x000001e1f6a0f530 JavaThread "Thread-12"                  daemon [_thread_in_native, id=9740, stack(0x0000006ccbe00000,0x0000006ccbf00000) (1024K)]
  0x000001e1f7ab67c0 JavaThread "Thread-13"                  daemon [_thread_in_native, id=17188, stack(0x0000006ccbf00000,0x0000006ccc000000) (1024K)]
  0x000001e1f7ab5aa0 JavaThread "Thread-14"                  daemon [_thread_in_native, id=24364, stack(0x0000006ccc000000,0x0000006ccc100000) (1024K)]
  0x000001e1f7ab39d0 JavaThread "Thread-15"                  daemon [_thread_in_native, id=26364, stack(0x0000006ccc100000,0x0000006ccc200000) (1024K)]
  0x000001e1f7ab6130 JavaThread "Thread-16"                  daemon [_thread_in_native, id=468, stack(0x0000006ccc200000,0x0000006ccc300000) (1024K)]
  0x000001e1f7ab4060 JavaThread "Thread-17"                  daemon [_thread_in_native, id=23516, stack(0x0000006ccc300000,0x0000006ccc400000) (1024K)]
  0x000001e1f7ab3340 JavaThread "pool-2-thread-1"                   [_thread_blocked, id=16364, stack(0x0000006ccc400000,0x0000006ccc500000) (1024K)]
  0x000001e1f7ab7b70 JavaThread "WorkspaceEventsHandler"            [_thread_blocked, id=3352, stack(0x0000006ccc700000,0x0000006ccc800000) (1024K)]
  0x000001e1f7ab46f0 JavaThread "pool-1-thread-1"                   [_thread_blocked, id=3164, stack(0x0000006ccc800000,0x0000006ccc900000) (1024K)]
  0x000001e1f7ab95b0 JavaThread "PatternSearchJob-worker-1"  daemon [_thread_blocked, id=21416, stack(0x0000006ccad00000,0x0000006ccae00000) (1024K)]
  0x000001e1f7aba960 JavaThread "PatternSearchJob-worker-2"  daemon [_thread_blocked, id=6156, stack(0x0000006ccae00000,0x0000006ccaf00000) (1024K)]
  0x000001e1f7aba2d0 JavaThread "PatternSearchJob-worker-3"  daemon [_thread_blocked, id=24680, stack(0x0000006ccc900000,0x0000006ccca00000) (1024K)]
  0x000001e1f6624970 JavaThread "C2 CompilerThread1"         daemon [_thread_in_native, id=1376, stack(0x0000006ccd300000,0x0000006ccd400000) (1024K)]
=>0x000001e1f66264b0 JavaThread "C2 CompilerThread2"         daemon [_thread_in_native, id=6768, stack(0x0000006ccd400000,0x0000006ccd500000) (1024K)]
  0x000001e1f77b3b70 JavaThread "ForkJoinPool.commonPool-worker-1" daemon [_thread_blocked, id=25708, stack(0x0000006ccaf00000,0x0000006ccb000000) (1024K)]
  0x000001e1f77b0d80 JavaThread "ForkJoinPool.commonPool-worker-2" daemon [_thread_blocked, id=26836, stack(0x0000006ccd500000,0x0000006ccd600000) (1024K)]
  0x000001e1f77b1410 JavaThread "ForkJoinPool.commonPool-worker-3" daemon [_thread_in_native, id=11276, stack(0x0000006ccd700000,0x0000006ccd800000) (1024K)]
  0x000001e1f77b06f0 JavaThread "ForkJoinPool.commonPool-worker-4" daemon [_thread_blocked, id=18404, stack(0x0000006ccd800000,0x0000006ccd900000) (1024K)]
  0x000001e1f7ab8890 JavaThread "ForkJoinPool.commonPool-worker-5" daemon [_thread_blocked, id=12716, stack(0x0000006ccd900000,0x0000006ccda00000) (1024K)]
  0x000001e1fad52520 JavaThread "ForkJoinPool.commonPool-worker-6" daemon [_thread_in_native, id=9584, stack(0x0000006ccdb00000,0x0000006ccdc00000) (1024K)]
  0x000001e1fad51800 JavaThread "ForkJoinPool.commonPool-worker-7" daemon [_thread_in_vm, id=6464, stack(0x0000006ccdd00000,0x0000006ccde00000) (1024K)]
  0x000001e1f6625de0 JavaThread "C2 CompilerThread3"         daemon [_thread_in_native, id=17088, stack(0x0000006ccde00000,0x0000006ccdf00000) (1024K)]
  0x000001e1f66242a0 JavaThread "C2 CompilerThread4"         daemon [_thread_in_native, id=22660, stack(0x0000006ccdf00000,0x0000006cce000000) (1024K)]
  0x000001e1fad52bb0 JavaThread "Cleaner-0"                  daemon [_thread_blocked, id=29188, stack(0x0000006cce000000,0x0000006cce100000) (1024K)]
Total: 61

Other Threads:
  0x000001e1ed784930 VMThread "VM Thread"                           [id=20028, stack(0x0000006cc8100000,0x0000006cc8200000) (1024K)]
  0x000001e1ed67ca00 WatcherThread "VM Periodic Task Thread"        [id=16328, stack(0x0000006cc8000000,0x0000006cc8100000) (1024K)]
  0x000001e1d6d08ea0 WorkerThread "GC Thread#0"                     [id=15740, stack(0x0000006cc7f00000,0x0000006cc8000000) (1024K)]
  0x000001e1f527ae80 WorkerThread "GC Thread#1"                     [id=9716, stack(0x0000006cc9000000,0x0000006cc9100000) (1024K)]
  0x000001e1f0a69260 WorkerThread "GC Thread#2"                     [id=27828, stack(0x0000006cc9100000,0x0000006cc9200000) (1024K)]
  0x000001e1f527e840 WorkerThread "GC Thread#3"                     [id=29632, stack(0x0000006cc9200000,0x0000006cc9300000) (1024K)]
  0x000001e1f527ebf0 WorkerThread "GC Thread#4"                     [id=22204, stack(0x0000006cc9300000,0x0000006cc9400000) (1024K)]
  0x000001e1f0b98e60 WorkerThread "GC Thread#5"                     [id=12220, stack(0x0000006cc9400000,0x0000006cc9500000) (1024K)]
  0x000001e1f0526770 WorkerThread "GC Thread#6"                     [id=8396, stack(0x0000006cc9500000,0x0000006cc9600000) (1024K)]
  0x000001e1f0526010 WorkerThread "GC Thread#7"                     [id=11624, stack(0x0000006cc8b00000,0x0000006cc8c00000) (1024K)]
  0x000001e1f05258b0 WorkerThread "GC Thread#8"                     [id=16980, stack(0x0000006ccb000000,0x0000006ccb100000) (1024K)]
  0x000001e1f0526ed0 WorkerThread "GC Thread#9"                     [id=20176, stack(0x0000006ccb100000,0x0000006ccb200000) (1024K)]
  0x000001e1f0525c60 WorkerThread "GC Thread#10"                    [id=5548, stack(0x0000006cc9700000,0x0000006cc9800000) (1024K)]
  0x000001e1f6202600 WorkerThread "GC Thread#11"                    [id=8276, stack(0x0000006cc9e00000,0x0000006cc9f00000) (1024K)]
  0x000001e1f6203fd0 WorkerThread "GC Thread#12"                    [id=2408, stack(0x0000006cc9f00000,0x0000006cca000000) (1024K)]
Total: 15

Threads with active compile tasks:
C2 CompilerThread0  54420 9526 %     4       org.lombokweb.asm.ClassReader::readCode @ 2187 (5117 bytes)
C1 CompilerThread0  54424 9607  s    3       org.eclipse.core.internal.registry.RegistryObjectManager::getContributor (39 bytes)
C2 CompilerThread1  54429 9509 %     4       java.util.Properties::load0 @ 29 (249 bytes)
C2 CompilerThread2  54430 9135       4       java.lang.invoke.MethodHandleImpl::makePairwiseConvertByEditor (617 bytes)
C2 CompilerThread3  54431 9555       4       java.lang.invoke.MethodType::methodType (44 bytes)
C2 CompilerThread4  54439 9544       4       java.lang.invoke.MethodType::makeImpl (109 bytes)
Total: 6

VM state: not at safepoint (normal execution)

VM Mutex/Monitor currently owned by a thread: None

Heap address: 0x0000000080000000, size: 2048 MB, Compressed Oops mode: 32-bit

CDS archive(s) mapped at: [0x000001e180000000-0x000001e180ba0000-0x000001e180ba0000), size 12189696, SharedBaseAddress: 0x000001e180000000, ArchiveRelocationMode: 1.
Compressed class space mapped at: 0x000001e181000000-0x000001e1c1000000, reserved size: 1073741824
Narrow klass base: 0x000001e180000000, Narrow klass shift: 0, Narrow klass range: 0x100000000

GC Precious Log:
 CardTable entry size: 512
 CPUs: 16 total, 16 available
 Memory: 16095M
 Large Page Support: Disabled
 NUMA Support: Disabled
 Compressed Oops: Enabled (32-bit)
 Alignments: Space 512K, Generation 512K, Heap 2M
 Heap Min Capacity: 100M
 Heap Initial Capacity: 100M
 Heap Max Capacity: 2G
 Pre-touch: Disabled
 Parallel Workers: 13

Heap:
 PSYoungGen      total 13312K, used 11399K [0x00000000d5580000, 0x00000000d6480000, 0x0000000100000000)
  eden space 12288K, 84% used [0x00000000d5580000,0x00000000d5fa9bd0,0x00000000d6180000)
  from space 1024K, 96% used [0x00000000d6380000,0x00000000d6478080,0x00000000d6480000)
  to   space 1536K, 0% used [0x00000000d6180000,0x00000000d6180000,0x00000000d6300000)
 ParOldGen       total 68608K, used 43030K [0x0000000080000000, 0x0000000084300000, 0x00000000d5580000)
  object space 68608K, 62% used [0x0000000080000000,0x0000000082a05988,0x0000000084300000)
 Metaspace       used 64817K, committed 66112K, reserved 1114112K
  class space    used 6940K, committed 7488K, reserved 1048576K

Card table byte_map: [0x000001e1d6690000,0x000001e1d6aa0000] _byte_map_base: 0x000001e1d6290000

Marking Bits: (ParMarkBitMap*) 0x00007fffbdb64460
 Begin Bits: [0x000001e1e91a0000, 0x000001e1eb1a0000)
 End Bits:   [0x000001e1eb1a0000, 0x000001e1ed1a0000)

Polling page: 0x000001e1d4eb0000

Metaspace:

Usage:
  Non-class:     56.52 MB used.
      Class:      6.78 MB used.
       Both:     63.30 MB used.

Virtual space:
  Non-class space:       64.00 MB reserved,      57.25 MB ( 89%) committed,  1 nodes.
      Class space:        1.00 GB reserved,       7.31 MB ( <1%) committed,  1 nodes.
             Both:        1.06 GB reserved,      64.56 MB (  6%) committed. 

Chunk freelists:
   Non-Class:  6.17 MB
       Class:  8.53 MB
        Both:  14.70 MB

MaxMetaspaceSize: unlimited
CompressedClassSpaceSize: 1.00 GB
Initial GC threshold: 21.00 MB
Current GC threshold: 97.31 MB
CDS: on
 - commit_granule_bytes: 65536.
 - commit_granule_words: 8192.
 - virtual_space_node_default_size: 8388608.
 - enlarge_chunks_in_place: 1.
 - use_allocation_guard: 0.


Internal statistics:

num_allocs_failed_limit: 9.
num_arena_births: 972.
num_arena_deaths: 42.
num_vsnodes_births: 2.
num_vsnodes_deaths: 0.
num_space_committed: 1033.
num_space_uncommitted: 0.
num_chunks_returned_to_freelist: 60.
num_chunks_taken_from_freelist: 3794.
num_chunk_merges: 17.
num_chunk_splits: 2319.
num_chunks_enlarged: 1304.
num_inconsistent_stats: 0.

CodeHeap 'non-profiled nmethods': size=119168Kb used=6601Kb max_used=6601Kb free=112566Kb
 bounds [0x000001e1e1a90000, 0x000001e1e2110000, 0x000001e1e8ef0000]
CodeHeap 'profiled nmethods': size=119104Kb used=19052Kb max_used=19052Kb free=100051Kb
 bounds [0x000001e1d9ef0000, 0x000001e1db190000, 0x000001e1e1340000]
CodeHeap 'non-nmethods': size=7488Kb used=1456Kb max_used=3199Kb free=6031Kb
 bounds [0x000001e1e1340000, 0x000001e1e1670000, 0x000001e1e1a90000]
CodeCache: size=245760Kb, used=27109Kb, max_used=28852Kb, free=218648Kb
 total_blobs=9461, nmethods=8689, adapters=678, full_count=0
Compilation: enabled, stopped_count=0, restarted_count=0

Compilation events (20 events):
Event: 50.216 Thread 0x000001e1f6627250 9592   !   3       org.eclipse.jdt.internal.core.JrtPackageFragmentRoot::getModule (27 bytes)
Event: 50.216 Thread 0x000001e1f6622e30 nmethod 9590 0x000001e1db177310 code [0x000001e1db1774c0, 0x000001e1db1775f8]
Event: 50.217 Thread 0x000001e1f6627250 nmethod 9592 0x000001e1db177690 code [0x000001e1db1778a0, 0x000001e1db177f90]
Event: 50.221 Thread 0x000001e1d6da9590 nmethod 9591 0x000001e1db178190 code [0x000001e1db1786c0, 0x000001e1db17ab00]
Event: 50.224 Thread 0x000001e1f6622e30 9593       3       java.util.Arrays::hashCode (59 bytes)
Event: 50.224 Thread 0x000001e1f6622e30 nmethod 9593 0x000001e1db17b910 code [0x000001e1db17bae0, 0x000001e1db17bd68]
Event: 50.245 Thread 0x000001e1d6da9590 9594       3       org.eclipse.osgi.storage.bundlefile.BundleEntry::getBytes (20 bytes)
Event: 50.246 Thread 0x000001e1d6da9590 nmethod 9594 0x000001e1db17be90 code [0x000001e1db17c060, 0x000001e1db17c340]
Event: 50.278 Thread 0x000001e1d6da9590 9595   !   3       org.eclipse.osgi.storage.bundlefile.MRUBundleFileList::remove (61 bytes)
Event: 50.279 Thread 0x000001e1d6da9590 nmethod 9595 0x000001e1db17c410 code [0x000001e1db17c5e0, 0x000001e1db17ca40]
Event: 50.284 Thread 0x000001e1f6627250 9596   !   3       org.eclipse.core.internal.resources.ProjectPreferences::initialize (117 bytes)
Event: 50.285 Thread 0x000001e1f6627920 9597   !   3       org.eclipse.osgi.internal.framework.BundleContextImpl::setContextFinder (84 bytes)
Event: 50.285 Thread 0x000001e1f6622e30 9598   !   3       org.eclipse.osgi.internal.framework.BundleContextImpl::dispatchEvent (577 bytes)
Event: 50.286 Thread 0x000001e1f6627250 nmethod 9596 0x000001e1db17cc10 code [0x000001e1db17cec0, 0x000001e1db17df20]
Event: 50.286 Thread 0x000001e1f6627920 nmethod 9597 0x000001e1db17e510 code [0x000001e1db17e740, 0x000001e1db17eea8]
Event: 50.295 Thread 0x000001e1f6622e30 nmethod 9598 0x000001e1db17f210 code [0x000001e1db17fc80, 0x000001e1db185700]
Event: 50.311 Thread 0x000001e1f6627920 9599       1       org.eclipse.core.internal.preferences.EclipsePreferences::name (5 bytes)
Event: 50.316 Thread 0x000001e1d6da9590 9600       3       org.eclipse.core.runtime.Path::isUNC (22 bytes)
Event: 50.317 Thread 0x000001e1f6627250 9601       3       lombok.core.AST::setAndGetAsHandled (18 bytes)
Event: 50.317 Thread 0x000001e1f6622e30 9603       3       lombok.core.LombokNode::<init> (100 bytes)

GC Heap History (20 events):
Event: 45.645 GC heap before
{Heap before GC invocations=48 (full 2):
 PSYoungGen      total 14336K, used 12751K [0x00000000d5580000, 0x00000000d6600000, 0x0000000100000000)
  eden space 12288K, 99% used [0x00000000d5580000,0x00000000d617bd78,0x00000000d6180000)
  from space 2048K, 23% used [0x00000000d6280000,0x00000000d62f8000,0x00000000d6480000)
  to   space 1024K, 0% used [0x00000000d6500000,0x00000000d6500000,0x00000000d6600000)
 ParOldGen       total 68608K, used 52573K [0x0000000080000000, 0x0000000084300000, 0x00000000d5580000)
  object space 68608K, 76% used [0x0000000080000000,0x0000000083357540,0x0000000084300000)
 Metaspace       used 57426K, committed 58624K, reserved 1114112K
  class space    used 6215K, committed 6720K, reserved 1048576K
}
Event: 45.650 GC heap after
{Heap after GC invocations=48 (full 2):
 PSYoungGen      total 13312K, used 1002K [0x00000000d5580000, 0x00000000d6680000, 0x0000000100000000)
  eden space 12288K, 0% used [0x00000000d5580000,0x00000000d5580000,0x00000000d6180000)
  from space 1024K, 97% used [0x00000000d6500000,0x00000000d65fa9f8,0x00000000d6600000)
  to   space 2560K, 0% used [0x00000000d6180000,0x00000000d6180000,0x00000000d6400000)
 ParOldGen       total 68608K, used 53541K [0x0000000080000000, 0x0000000084300000, 0x00000000d5580000)
  object space 68608K, 78% used [0x0000000080000000,0x0000000083449720,0x0000000084300000)
 Metaspace       used 57426K, committed 58624K, reserved 1114112K
  class space    used 6215K, committed 6720K, reserved 1048576K
}
Event: 45.755 GC heap before
{Heap before GC invocations=49 (full 2):
 PSYoungGen      total 13312K, used 13290K [0x00000000d5580000, 0x00000000d6680000, 0x0000000100000000)
  eden space 12288K, 100% used [0x00000000d5580000,0x00000000d6180000,0x00000000d6180000)
  from space 1024K, 97% used [0x00000000d6500000,0x00000000d65fa9f8,0x00000000d6600000)
  to   space 2560K, 0% used [0x00000000d6180000,0x00000000d6180000,0x00000000d6400000)
 ParOldGen       total 68608K, used 53541K [0x0000000080000000, 0x0000000084300000, 0x00000000d5580000)
  object space 68608K, 78% used [0x0000000080000000,0x0000000083449720,0x0000000084300000)
 Metaspace       used 57446K, committed 58624K, reserved 1114112K
  class space    used 6215K, committed 6720K, reserved 1048576K
}
Event: 45.758 GC heap after
{Heap after GC invocations=49 (full 2):
 PSYoungGen      total 14848K, used 936K [0x00000000d5580000, 0x00000000d6580000, 0x0000000100000000)
  eden space 12288K, 0% used [0x00000000d5580000,0x00000000d5580000,0x00000000d6180000)
  from space 2560K, 36% used [0x00000000d6180000,0x00000000d626a3c0,0x00000000d6400000)
  to   space 1536K, 0% used [0x00000000d6400000,0x00000000d6400000,0x00000000d6580000)
 ParOldGen       total 68608K, used 54139K [0x0000000080000000, 0x0000000084300000, 0x00000000d5580000)
  object space 68608K, 78% used [0x0000000080000000,0x00000000834ded70,0x0000000084300000)
 Metaspace       used 57446K, committed 58624K, reserved 1114112K
  class space    used 6215K, committed 6720K, reserved 1048576K
}
Event: 45.864 GC heap before
{Heap before GC invocations=50 (full 2):
 PSYoungGen      total 14848K, used 13224K [0x00000000d5580000, 0x00000000d6580000, 0x0000000100000000)
  eden space 12288K, 100% used [0x00000000d5580000,0x00000000d6180000,0x00000000d6180000)
  from space 2560K, 36% used [0x00000000d6180000,0x00000000d626a3c0,0x00000000d6400000)
  to   space 1536K, 0% used [0x00000000d6400000,0x00000000d6400000,0x00000000d6580000)
 ParOldGen       total 68608K, used 54139K [0x0000000080000000, 0x0000000084300000, 0x00000000d5580000)
  object space 68608K, 78% used [0x0000000080000000,0x00000000834ded70,0x0000000084300000)
 Metaspace       used 57455K, committed 58624K, reserved 1114112K
  class space    used 6215K, committed 6720K, reserved 1048576K
}
Event: 45.865 GC heap after
{Heap after GC invocations=50 (full 2):
 PSYoungGen      total 13312K, used 598K [0x00000000d5580000, 0x00000000d6500000, 0x0000000100000000)
  eden space 12288K, 0% used [0x00000000d5580000,0x00000000d5580000,0x00000000d6180000)
  from space 1024K, 58% used [0x00000000d6400000,0x00000000d6495a08,0x00000000d6500000)
  to   space 1024K, 0% used [0x00000000d6300000,0x00000000d6300000,0x00000000d6400000)
 ParOldGen       total 68608K, used 54195K [0x0000000080000000, 0x0000000084300000, 0x00000000d5580000)
  object space 68608K, 78% used [0x0000000080000000,0x00000000834ecd70,0x0000000084300000)
 Metaspace       used 57455K, committed 58624K, reserved 1114112K
  class space    used 6215K, committed 6720K, reserved 1048576K
}
Event: 46.038 GC heap before
{Heap before GC invocations=51 (full 2):
 PSYoungGen      total 13312K, used 12886K [0x00000000d5580000, 0x00000000d6500000, 0x0000000100000000)
  eden space 12288K, 100% used [0x00000000d5580000,0x00000000d6180000,0x00000000d6180000)
  from space 1024K, 58% used [0x00000000d6400000,0x00000000d6495a08,0x00000000d6500000)
  to   space 1024K, 0% used [0x00000000d6300000,0x00000000d6300000,0x00000000d6400000)
 ParOldGen       total 68608K, used 54195K [0x0000000080000000, 0x0000000084300000, 0x00000000d5580000)
  object space 68608K, 78% used [0x0000000080000000,0x00000000834ecd70,0x0000000084300000)
 Metaspace       used 58309K, committed 59520K, reserved 1114112K
  class space    used 6296K, committed 6848K, reserved 1048576K
}
Event: 46.039 GC heap after
{Heap after GC invocations=51 (full 2):
 PSYoungGen      total 13312K, used 256K [0x00000000d5580000, 0x00000000d6480000, 0x0000000100000000)
  eden space 12288K, 0% used [0x00000000d5580000,0x00000000d5580000,0x00000000d6180000)
  from space 1024K, 25% used [0x00000000d6300000,0x00000000d6340000,0x00000000d6400000)
  to   space 512K, 0% used [0x00000000d6400000,0x00000000d6400000,0x00000000d6480000)
 ParOldGen       total 68608K, used 54251K [0x0000000080000000, 0x0000000084300000, 0x00000000d5580000)
  object space 68608K, 79% used [0x0000000080000000,0x00000000834fad70,0x0000000084300000)
 Metaspace       used 58309K, committed 59520K, reserved 1114112K
  class space    used 6296K, committed 6848K, reserved 1048576K
}
Event: 46.084 GC heap before
{Heap before GC invocations=52 (full 2):
 PSYoungGen      total 13312K, used 1947K [0x00000000d5580000, 0x00000000d6480000, 0x0000000100000000)
  eden space 12288K, 13% used [0x00000000d5580000,0x00000000d5726d00,0x00000000d6180000)
  from space 1024K, 25% used [0x00000000d6300000,0x00000000d6340000,0x00000000d6400000)
  to   space 512K, 0% used [0x00000000d6400000,0x00000000d6400000,0x00000000d6480000)
 ParOldGen       total 68608K, used 54251K [0x0000000080000000, 0x0000000084300000, 0x00000000d5580000)
  object space 68608K, 79% used [0x0000000080000000,0x00000000834fad70,0x0000000084300000)
 Metaspace       used 58640K, committed 59776K, reserved 1114112K
  class space    used 6321K, committed 6848K, reserved 1048576K
}
Event: 46.086 GC heap after
{Heap after GC invocations=52 (full 2):
 PSYoungGen      total 12800K, used 320K [0x00000000d5580000, 0x00000000d6480000, 0x0000000100000000)
  eden space 12288K, 0% used [0x00000000d5580000,0x00000000d5580000,0x00000000d6180000)
  from space 512K, 62% used [0x00000000d6400000,0x00000000d6450000,0x00000000d6480000)
  to   space 512K, 0% used [0x00000000d6380000,0x00000000d6380000,0x00000000d6400000)
 ParOldGen       total 68608K, used 54299K [0x0000000080000000, 0x0000000084300000, 0x00000000d5580000)
  object space 68608K, 79% used [0x0000000080000000,0x0000000083506d70,0x0000000084300000)
 Metaspace       used 58640K, committed 59776K, reserved 1114112K
  class space    used 6321K, committed 6848K, reserved 1048576K
}
Event: 46.086 GC heap before
{Heap before GC invocations=53 (full 3):
 PSYoungGen      total 12800K, used 320K [0x00000000d5580000, 0x00000000d6480000, 0x0000000100000000)
  eden space 12288K, 0% used [0x00000000d5580000,0x00000000d5580000,0x00000000d6180000)
  from space 512K, 62% used [0x00000000d6400000,0x00000000d6450000,0x00000000d6480000)
  to   space 512K, 0% used [0x00000000d6380000,0x00000000d6380000,0x00000000d6400000)
 ParOldGen       total 68608K, used 54299K [0x0000000080000000, 0x0000000084300000, 0x00000000d5580000)
  object space 68608K, 79% used [0x0000000080000000,0x0000000083506d70,0x0000000084300000)
 Metaspace       used 58640K, committed 59776K, reserved 1114112K
  class space    used 6321K, committed 6848K, reserved 1048576K
}
Event: 46.231 GC heap after
{Heap after GC invocations=53 (full 3):
 PSYoungGen      total 12800K, used 0K [0x00000000d5580000, 0x00000000d6480000, 0x0000000100000000)
  eden space 12288K, 0% used [0x00000000d5580000,0x00000000d5580000,0x00000000d6180000)
  from space 512K, 0% used [0x00000000d6400000,0x00000000d6400000,0x00000000d6480000)
  to   space 512K, 0% used [0x00000000d6380000,0x00000000d6380000,0x00000000d6400000)
 ParOldGen       total 68608K, used 41882K [0x0000000080000000, 0x0000000084300000, 0x00000000d5580000)
  object space 68608K, 61% used [0x0000000080000000,0x00000000828e6a90,0x0000000084300000)
 Metaspace       used 58640K, committed 59776K, reserved 1114112K
  class space    used 6321K, committed 6848K, reserved 1048576K
}
Event: 46.671 GC heap before
{Heap before GC invocations=54 (full 3):
 PSYoungGen      total 12800K, used 12286K [0x00000000d5580000, 0x00000000d6480000, 0x0000000100000000)
  eden space 12288K, 99% used [0x00000000d5580000,0x00000000d617fa78,0x00000000d6180000)
  from space 512K, 0% used [0x00000000d6400000,0x00000000d6400000,0x00000000d6480000)
  to   space 512K, 0% used [0x00000000d6380000,0x00000000d6380000,0x00000000d6400000)
 ParOldGen       total 68608K, used 41882K [0x0000000080000000, 0x0000000084300000, 0x00000000d5580000)
  object space 68608K, 61% used [0x0000000080000000,0x00000000828e6a90,0x0000000084300000)
 Metaspace       used 59614K, committed 60800K, reserved 1114112K
  class space    used 6466K, committed 6976K, reserved 1048576K
}
Event: 46.673 GC heap after
{Heap after GC invocations=54 (full 3):
 PSYoungGen      total 12800K, used 504K [0x00000000d5580000, 0x00000000d6480000, 0x0000000100000000)
  eden space 12288K, 0% used [0x00000000d5580000,0x00000000d5580000,0x00000000d6180000)
  from space 512K, 98% used [0x00000000d6380000,0x00000000d63fe1c8,0x00000000d6400000)
  to   space 512K, 0% used [0x00000000d6400000,0x00000000d6400000,0x00000000d6480000)
 ParOldGen       total 68608K, used 41914K [0x0000000080000000, 0x0000000084300000, 0x00000000d5580000)
  object space 68608K, 61% used [0x0000000080000000,0x00000000828eea90,0x0000000084300000)
 Metaspace       used 59614K, committed 60800K, reserved 1114112K
  class space    used 6466K, committed 6976K, reserved 1048576K
}
Event: 47.178 GC heap before
{Heap before GC invocations=55 (full 3):
 PSYoungGen      total 12800K, used 12792K [0x00000000d5580000, 0x00000000d6480000, 0x0000000100000000)
  eden space 12288K, 100% used [0x00000000d5580000,0x00000000d6180000,0x00000000d6180000)
  from space 512K, 98% used [0x00000000d6380000,0x00000000d63fe1c8,0x00000000d6400000)
  to   space 512K, 0% used [0x00000000d6400000,0x00000000d6400000,0x00000000d6480000)
 ParOldGen       total 68608K, used 41914K [0x0000000080000000, 0x0000000084300000, 0x00000000d5580000)
  object space 68608K, 61% used [0x0000000080000000,0x00000000828eea90,0x0000000084300000)
 Metaspace       used 61334K, committed 62592K, reserved 1114112K
  class space    used 6634K, committed 7168K, reserved 1048576K
}
Event: 47.180 GC heap after
{Heap after GC invocations=55 (full 3):
 PSYoungGen      total 12800K, used 512K [0x00000000d5580000, 0x00000000d6480000, 0x0000000100000000)
  eden space 12288K, 0% used [0x00000000d5580000,0x00000000d5580000,0x00000000d6180000)
  from space 512K, 100% used [0x00000000d6400000,0x00000000d6480000,0x00000000d6480000)
  to   space 1024K, 0% used [0x00000000d6280000,0x00000000d6280000,0x00000000d6380000)
 ParOldGen       total 68608K, used 42297K [0x0000000080000000, 0x0000000084300000, 0x00000000d5580000)
  object space 68608K, 61% used [0x0000000080000000,0x000000008294e560,0x0000000084300000)
 Metaspace       used 61334K, committed 62592K, reserved 1114112K
  class space    used 6634K, committed 7168K, reserved 1048576K
}
Event: 47.333 GC heap before
{Heap before GC invocations=56 (full 3):
 PSYoungGen      total 12800K, used 12800K [0x00000000d5580000, 0x00000000d6480000, 0x0000000100000000)
  eden space 12288K, 100% used [0x00000000d5580000,0x00000000d6180000,0x00000000d6180000)
  from space 512K, 100% used [0x00000000d6400000,0x00000000d6480000,0x00000000d6480000)
  to   space 1024K, 0% used [0x00000000d6280000,0x00000000d6280000,0x00000000d6380000)
 ParOldGen       total 68608K, used 42297K [0x0000000080000000, 0x0000000084300000, 0x00000000d5580000)
  object space 68608K, 61% used [0x0000000080000000,0x000000008294e560,0x0000000084300000)
 Metaspace       used 62428K, committed 63616K, reserved 1114112K
  class space    used 6748K, committed 7296K, reserved 1048576K
}
Event: 47.335 GC heap after
{Heap after GC invocations=56 (full 3):
 PSYoungGen      total 13312K, used 667K [0x00000000d5580000, 0x00000000d6480000, 0x0000000100000000)
  eden space 12288K, 0% used [0x00000000d5580000,0x00000000d5580000,0x00000000d6180000)
  from space 1024K, 65% used [0x00000000d6280000,0x00000000d6326e28,0x00000000d6380000)
  to   space 1024K, 0% used [0x00000000d6380000,0x00000000d6380000,0x00000000d6480000)
 ParOldGen       total 68608K, used 42682K [0x0000000080000000, 0x0000000084300000, 0x00000000d5580000)
  object space 68608K, 62% used [0x0000000080000000,0x00000000829aeb50,0x0000000084300000)
 Metaspace       used 62428K, committed 63616K, reserved 1114112K
  class space    used 6748K, committed 7296K, reserved 1048576K
}
Event: 47.715 GC heap before
{Heap before GC invocations=57 (full 3):
 PSYoungGen      total 13312K, used 12942K [0x00000000d5580000, 0x00000000d6480000, 0x0000000100000000)
  eden space 12288K, 99% used [0x00000000d5580000,0x00000000d617cac0,0x00000000d6180000)
  from space 1024K, 65% used [0x00000000d6280000,0x00000000d6326e28,0x00000000d6380000)
  to   space 1024K, 0% used [0x00000000d6380000,0x00000000d6380000,0x00000000d6480000)
 ParOldGen       total 68608K, used 42682K [0x0000000080000000, 0x0000000084300000, 0x00000000d5580000)
  object space 68608K, 62% used [0x0000000080000000,0x00000000829aeb50,0x0000000084300000)
 Metaspace       used 63934K, committed 65152K, reserved 1114112K
  class space    used 6863K, committed 7360K, reserved 1048576K
}
Event: 47.718 GC heap after
{Heap after GC invocations=57 (full 3):
 PSYoungGen      total 13312K, used 992K [0x00000000d5580000, 0x00000000d6480000, 0x0000000100000000)
  eden space 12288K, 0% used [0x00000000d5580000,0x00000000d5580000,0x00000000d6180000)
  from space 1024K, 96% used [0x00000000d6380000,0x00000000d6478080,0x00000000d6480000)
  to   space 1536K, 0% used [0x00000000d6180000,0x00000000d6180000,0x00000000d6300000)
 ParOldGen       total 68608K, used 43030K [0x0000000080000000, 0x0000000084300000, 0x00000000d5580000)
  object space 68608K, 62% used [0x0000000080000000,0x0000000082a05988,0x0000000084300000)
 Metaspace       used 63934K, committed 65152K, reserved 1114112K
  class space    used 6863K, committed 7360K, reserved 1048576K
}

Dll operation events (12 events):
Event: 0.203 Loaded shared library c:\Users\kumar\.vscode\extensions\redhat.java-1.55.0-win32-x64\jre\21.0.11-win32-x86_64\bin\java.dll
Event: 1.443 Loaded shared library c:\Users\kumar\.vscode\extensions\redhat.java-1.55.0-win32-x64\jre\21.0.11-win32-x86_64\bin\zip.dll
Event: 1.498 Loaded shared library C:\Users\kumar\.vscode\extensions\redhat.java-1.55.0-win32-x64\jre\21.0.11-win32-x86_64\bin\instrument.dll
Event: 1.583 Loaded shared library C:\Users\kumar\.vscode\extensions\redhat.java-1.55.0-win32-x64\jre\21.0.11-win32-x86_64\bin\net.dll
Event: 1.648 Loaded shared library C:\Users\kumar\.vscode\extensions\redhat.java-1.55.0-win32-x64\jre\21.0.11-win32-x86_64\bin\nio.dll
Event: 1.653 Loaded shared library C:\Users\kumar\.vscode\extensions\redhat.java-1.55.0-win32-x64\jre\21.0.11-win32-x86_64\bin\zip.dll
Event: 1.683 Loaded shared library C:\Users\kumar\.vscode\extensions\redhat.java-1.55.0-win32-x64\jre\21.0.11-win32-x86_64\bin\jimage.dll
Event: 1.894 Loaded shared library c:\Users\kumar\.vscode\extensions\redhat.java-1.55.0-win32-x64\jre\21.0.11-win32-x86_64\bin\verify.dll
Event: 15.275 Loaded shared library C:\Users\kumar\AppData\Roaming\Code\User\globalStorage\redhat.java\1.55.0\config_win\org.eclipse.equinox.launcher\org.eclipse.equinox.launcher.win32.win32.x86_64_1.3.100.v20260613-0559\eclipse_11924.dll
Event: 27.716 Loaded shared library C:\Users\kumar\AppData\Local\Temp\jna-102410164\jna16915233644448453685.dll
Event: 31.571 Loaded shared library C:\Users\kumar\.vscode\extensions\redhat.java-1.55.0-win32-x64\jre\21.0.11-win32-x86_64\bin\sunmscapi.dll
Event: 31.934 Loaded shared library C:\Users\kumar\.vscode\extensions\redhat.java-1.55.0-win32-x64\jre\21.0.11-win32-x86_64\bin\extnet.dll

Deoptimization events (20 events):
Event: 47.629 Thread 0x000001e1f6a0ba20 Uncommon trap: trap_request=0xffffff45 fr.pc=0x000001e1e1e1445c relative=0x000000000000065c
Event: 47.629 Thread 0x000001e1f6a0ba20 Uncommon trap: reason=unstable_if action=reinterpret pc=0x000001e1e1e1445c method=java.util.WeakHashMap.matchesKey(Ljava/util/WeakHashMap$Entry;Ljava/lang/Object;)Z @ 5 c2
Event: 47.629 Thread 0x000001e1f6a0ba20 DEOPT PACKING pc=0x000001e1e1e1445c sp=0x0000006ccacfebd0
Event: 47.629 Thread 0x000001e1f6a0ba20 DEOPT UNPACKING pc=0x000001e1e1393aa2 sp=0x0000006ccacfeb28 mode 2
Event: 47.836 Thread 0x000001e1fad52520 Uncommon trap: trap_request=0xffffff45 fr.pc=0x000001e1e1fe926c relative=0x0000000000000a8c
Event: 47.836 Thread 0x000001e1fad52520 Uncommon trap: reason=unstable_if action=reinterpret pc=0x000001e1e1fe926c method=org.eclipse.jdt.internal.core.util.WeakHashSet.cleanupGarbageCollectedValues()V @ 140 c2
Event: 47.836 Thread 0x000001e1fad52520 DEOPT PACKING pc=0x000001e1e1fe926c sp=0x0000006ccdbfe2e0
Event: 47.836 Thread 0x000001e1fad52520 DEOPT UNPACKING pc=0x000001e1e1393aa2 sp=0x0000006ccdbfe1f8 mode 2
Event: 49.097 Thread 0x000001e1f77b1410 Uncommon trap: trap_request=0xffffff45 fr.pc=0x000001e1e1cb5c3c relative=0x000000000000055c
Event: 50.102 Thread 0x000001e1f77b1410 Uncommon trap: reason=unstable_if action=reinterpret pc=0x000001e1e1cb5c3c method=org.eclipse.osgi.storage.bundlefile.ZipBundleFile.findEntry(Ljava/lang/String;)Lorg/eclipse/osgi/storage/bundlefile/BundleEntry; @ 37 c2
Event: 50.104 Thread 0x000001e1f77b1410 DEOPT PACKING pc=0x000001e1e1cb5c3c sp=0x0000006ccd7fded0
Event: 50.104 Thread 0x000001e1f77b1410 DEOPT UNPACKING pc=0x000001e1e1393aa2 sp=0x0000006ccd7fde50 mode 2
Event: 50.209 Thread 0x000001e1fad52520 Uncommon trap: trap_request=0xffffff45 fr.pc=0x000001e1e2015bf4 relative=0x0000000000000234
Event: 50.209 Thread 0x000001e1fad52520 Uncommon trap: reason=unstable_if action=reinterpret pc=0x000001e1e2015bf4 method=java.util.Arrays.hashCode([C)I @ 8 c2
Event: 50.209 Thread 0x000001e1fad52520 DEOPT PACKING pc=0x000001e1e2015bf4 sp=0x0000006ccdbfe150
Event: 50.209 Thread 0x000001e1fad52520 DEOPT UNPACKING pc=0x000001e1e1393aa2 sp=0x0000006ccdbfe088 mode 2
Event: 50.209 Thread 0x000001e1fad52520 Uncommon trap: trap_request=0xffffff45 fr.pc=0x000001e1e1e6e9ec relative=0x000000000000022c
Event: 50.209 Thread 0x000001e1fad52520 Uncommon trap: reason=unstable_if action=reinterpret pc=0x000001e1e1e6e9ec method=java.util.Arrays.hashCode([C)I @ 8 c2
Event: 50.209 Thread 0x000001e1fad52520 DEOPT PACKING pc=0x000001e1e1e6e9ec sp=0x0000006ccdbfe050
Event: 50.209 Thread 0x000001e1fad52520 DEOPT UNPACKING pc=0x000001e1e1393aa2 sp=0x0000006ccdbfdff0 mode 2

Classes loaded (20 events):
Event: 47.313 Loading class java/util/Hashtable$KeySet
Event: 47.313 Loading class java/util/Hashtable$KeySet done
Event: 47.540 Loading class java/util/AbstractList$RandomAccessSubList
Event: 47.540 Loading class java/util/AbstractList$SubList
Event: 47.542 Loading class java/util/AbstractList$SubList done
Event: 47.542 Loading class java/util/AbstractList$RandomAccessSubList done
Event: 47.583 Loading class java/util/AbstractList$SubList$1
Event: 47.584 Loading class java/util/AbstractList$SubList$1 done
Event: 48.070 Loading class jdk/internal/ref/CleanerImpl$InnocuousThreadFactory
Event: 49.096 Loading class jdk/internal/ref/CleanerImpl$InnocuousThreadFactory done
Event: 50.134 Loading class java/util/stream/ReferencePipeline$4
Event: 50.136 Loading class java/util/stream/ReferencePipeline$4 done
Event: 50.139 Loading class java/util/stream/Nodes$IntFixedNodeBuilder
Event: 50.140 Loading class java/util/stream/Node$Builder$OfInt
Event: 50.141 Loading class java/util/stream/Node$Builder$OfInt done
Event: 50.142 Loading class java/util/stream/Nodes$IntArrayNode
Event: 50.142 Loading class java/util/stream/Nodes$IntArrayNode done
Event: 50.142 Loading class java/util/stream/Nodes$IntFixedNodeBuilder done
Event: 50.144 Loading class java/util/stream/ReferencePipeline$4$1
Event: 50.145 Loading class java/util/stream/ReferencePipeline$4$1 done

Classes unloaded (20 events):
Event: 28.673 Thread 0x000001e1ed784930 Unloading class 0x000001e1811b0400 'java/lang/invoke/LambdaForm$MH+0x000001e1811b0400'
Event: 28.673 Thread 0x000001e1ed784930 Unloading class 0x000001e1811b0000 'java/lang/invoke/LambdaForm$MH+0x000001e1811b0000'
Event: 28.673 Thread 0x000001e1ed784930 Unloading class 0x000001e1811afc00 'java/lang/invoke/LambdaForm$MH+0x000001e1811afc00'
Event: 28.673 Thread 0x000001e1ed784930 Unloading class 0x000001e1811af800 'java/lang/invoke/LambdaForm$BMH+0x000001e1811af800'
Event: 28.673 Thread 0x000001e1ed784930 Unloading class 0x000001e1811af400 'java/lang/invoke/LambdaForm$DMH+0x000001e1811af400'
Event: 28.673 Thread 0x000001e1ed784930 Unloading class 0x000001e1811ae000 'java/lang/invoke/LambdaForm$DMH+0x000001e1811ae000'
Event: 30.939 Thread 0x000001e1ed784930 Unloading class 0x000001e181321800 'java/lang/invoke/LambdaForm$MH+0x000001e181321800'
Event: 30.939 Thread 0x000001e1ed784930 Unloading class 0x000001e181320c00 'java/lang/invoke/LambdaForm$MH+0x000001e181320c00'
Event: 30.939 Thread 0x000001e1ed784930 Unloading class 0x000001e181320400 'java/lang/invoke/LambdaForm$MH+0x000001e181320400'
Event: 30.939 Thread 0x000001e1ed784930 Unloading class 0x000001e18131fc00 'java/lang/invoke/LambdaForm$MH+0x000001e18131fc00'
Event: 30.939 Thread 0x000001e1ed784930 Unloading class 0x000001e18131f800 'java/lang/invoke/LambdaForm$DMH+0x000001e18131f800'
Event: 30.939 Thread 0x000001e1ed784930 Unloading class 0x000001e18131ec00 'java/lang/invoke/LambdaForm$MH+0x000001e18131ec00'
Event: 30.939 Thread 0x000001e1ed784930 Unloading class 0x000001e18131a400 'java/lang/invoke/LambdaForm$MH+0x000001e18131a400'
Event: 30.939 Thread 0x000001e1ed784930 Unloading class 0x000001e181319c00 'java/lang/invoke/LambdaForm$MH+0x000001e181319c00'
Event: 30.939 Thread 0x000001e1ed784930 Unloading class 0x000001e181319400 'java/lang/invoke/LambdaForm$MH+0x000001e181319400'
Event: 30.939 Thread 0x000001e1ed784930 Unloading class 0x000001e181319000 'java/lang/invoke/LambdaForm$MH+0x000001e181319000'
Event: 30.939 Thread 0x000001e1ed784930 Unloading class 0x000001e181318800 'java/lang/invoke/LambdaForm$MH+0x000001e181318800'
Event: 30.939 Thread 0x000001e1ed784930 Unloading class 0x000001e181313c00 'java/lang/invoke/LambdaForm$MH+0x000001e181313c00'
Event: 30.939 Thread 0x000001e1ed784930 Unloading class 0x000001e181313400 'java/lang/invoke/LambdaForm$MH+0x000001e181313400'
Event: 30.939 Thread 0x000001e1ed784930 Unloading class 0x000001e181313000 'java/lang/invoke/LambdaForm$MH+0x000001e181313000'

Classes redefined (0 events):
No events

Internal exceptions (20 events):
Event: 47.346 Thread 0x000001e1f6a0ba20 Exception <a 'java/io/FileNotFoundException'{0x00000000d55c9e88}> (0x00000000d55c9e88) 
thrown [s\src\hotspot\share\prims\jni.cpp, line 520]
Event: 47.353 Thread 0x000001e1f6a0ba20 Exception <a 'sun/nio/fs/WindowsException'{0x00000000d55fdae8}> (0x00000000d55fdae8) 
thrown [s\src\hotspot\share\prims\jni.cpp, line 520]
Event: 47.353 Thread 0x000001e1f6a0ba20 Exception <a 'sun/nio/fs/WindowsException'{0x00000000d55fe128}> (0x00000000d55fe128) 
thrown [s\src\hotspot\share\prims\jni.cpp, line 520]
Event: 47.354 Thread 0x000001e1f6a0ba20 Exception <a 'sun/nio/fs/WindowsException'{0x00000000d55ff0a8}> (0x00000000d55ff0a8) 
thrown [s\src\hotspot\share\prims\jni.cpp, line 520]
Event: 47.354 Thread 0x000001e1f6a0ba20 Exception <a 'sun/nio/fs/WindowsException'{0x00000000d55ff6e8}> (0x00000000d55ff6e8) 
thrown [s\src\hotspot\share\prims\jni.cpp, line 520]
Event: 47.413 Thread 0x000001e1f77b3b70 Exception <a 'sun/nio/fs/WindowsException'{0x00000000d58202b8}> (0x00000000d58202b8) 
thrown [s\src\hotspot\share\prims\jni.cpp, line 520]
Event: 47.413 Thread 0x000001e1f77b3b70 Exception <a 'sun/nio/fs/WindowsException'{0x00000000d5820bc8}> (0x00000000d5820bc8) 
thrown [s\src\hotspot\share\prims\jni.cpp, line 520]
Event: 47.414 Thread 0x000001e1f77b3b70 Exception <a 'sun/nio/fs/WindowsException'{0x00000000d5827a40}> (0x00000000d5827a40) 
thrown [s\src\hotspot\share\prims\jni.cpp, line 520]
Event: 47.414 Thread 0x000001e1f77b3b70 Exception <a 'sun/nio/fs/WindowsException'{0x00000000d5828330}> (0x00000000d5828330) 
thrown [s\src\hotspot\share\prims\jni.cpp, line 520]
Event: 47.415 Thread 0x000001e1f77b3b70 Exception <a 'sun/nio/fs/WindowsException'{0x00000000d5829ad8}> (0x00000000d5829ad8) 
thrown [s\src\hotspot\share\prims\jni.cpp, line 520]
Event: 47.415 Thread 0x000001e1f77b3b70 Exception <a 'sun/nio/fs/WindowsException'{0x00000000d582a3c8}> (0x00000000d582a3c8) 
thrown [s\src\hotspot\share\prims\jni.cpp, line 520]
Event: 47.415 Thread 0x000001e1f77b3b70 Exception <a 'sun/nio/fs/WindowsException'{0x00000000d582b3a8}> (0x00000000d582b3a8) 
thrown [s\src\hotspot\share\prims\jni.cpp, line 520]
Event: 47.415 Thread 0x000001e1f77b3b70 Exception <a 'sun/nio/fs/WindowsException'{0x00000000d582b9e8}> (0x00000000d582b9e8) 
thrown [s\src\hotspot\share\prims\jni.cpp, line 520]
Event: 47.422 Thread 0x000001e1fad52520 Exception <a 'java/lang/NoSuchMethodError'{0x00000000d5844a38}: 'java.lang.Object java.lang.invoke.DirectMethodHandle$Holder.invokeStaticInit(java.lang.Object, java.lang.Object, java.lang.Object)'> (0x00000000d5844a38) 
thrown [s\src\hotspot\share\interpreter\linkResolver.cpp, line 773]
Event: 47.503 Thread 0x000001e1f6a07f10 Exception <a 'java/lang/NoSuchMethodError'{0x00000000d5951898}: 'java.lang.Object java.lang.invoke.DirectMethodHandle$Holder.invokeSpecial(java.lang.Object, java.lang.Object, int, long)'> (0x00000000d5951898) 
thrown [s\src\hotspot\share\interpreter\linkResolver.cpp, line 773]
Event: 47.802 Thread 0x000001e1f7ab46f0 Exception <a 'java/lang/IncompatibleClassChangeError'{0x00000000d5927b58}: Found class java.lang.Object, but interface was expected> (0x00000000d5927b58) 
thrown [s\src\hotspot\share\interpreter\linkResolver.cpp, line 840]
Event: 47.822 Thread 0x000001e1f77b1410 Exception <a 'java/lang/ArrayIndexOutOfBoundsException'{0x00000000d5983d00}: Index 48 out of bounds for length 47> (0x00000000d5983d00) 
thrown [s\src\hotspot\share\interpreter\interpreterRuntime.cpp, line 439]
Event: 50.311 Thread 0x000001e1f6a07f10 Exception <a 'java/io/FileNotFoundException'{0x00000000d5f3dea8}> (0x00000000d5f3dea8) 
thrown [s\src\hotspot\share\prims\jni.cpp, line 520]
Event: 50.312 Thread 0x000001e1f6a07f10 Exception <a 'java/io/FileNotFoundException'{0x00000000d5f3eec0}> (0x00000000d5f3eec0) 
thrown [s\src\hotspot\share\prims\jni.cpp, line 520]
Event: 50.312 Thread 0x000001e1f6a07f10 Exception <a 'java/io/FileNotFoundException'{0x00000000d5f3fc28}> (0x00000000d5f3fc28) 
thrown [s\src\hotspot\share\prims\jni.cpp, line 520]

ZGC Phase Switch (0 events):
No events

VM Operations (20 events):
Event: 47.178 Executing safepoint VM operation: ParallelGCFailedAllocation (Allocation Failure)
Event: 47.180 Executing safepoint VM operation: ParallelGCFailedAllocation (Allocation Failure) done
Event: 47.333 Executing safepoint VM operation: ParallelGCFailedAllocation (Allocation Failure)
Event: 47.335 Executing safepoint VM operation: ParallelGCFailedAllocation (Allocation Failure) done
Event: 47.366 Executing non-safepoint VM operation: HandshakeAllThreads (Deoptimize)
Event: 47.366 Executing non-safepoint VM operation: HandshakeAllThreads (Deoptimize) done
Event: 47.425 Executing non-safepoint VM operation: HandshakeAllThreads (Deoptimize)
Event: 47.434 Executing non-safepoint VM operation: HandshakeAllThreads (Deoptimize) done
Event: 47.715 Executing safepoint VM operation: ParallelGCFailedAllocation (Allocation Failure)
Event: 47.718 Executing safepoint VM operation: ParallelGCFailedAllocation (Allocation Failure) done
Event: 47.842 Executing non-safepoint VM operation: HandshakeAllThreads (Deoptimize)
Event: 47.842 Executing non-safepoint VM operation: HandshakeAllThreads (Deoptimize) done
Event: 48.854 Executing safepoint VM operation: Cleanup
Event: 49.095 Executing safepoint VM operation: Cleanup done
Event: 50.119 Executing non-safepoint VM operation: HandshakeAllThreads (Deoptimize)
Event: 50.163 Executing non-safepoint VM operation: HandshakeAllThreads (Deoptimize) done
Event: 50.163 Executing safepoint VM operation: Cleanup
Event: 50.179 Executing safepoint VM operation: Cleanup done
Event: 51.184 Executing safepoint VM operation: Cleanup
Event: 52.330 Executing safepoint VM operation: Cleanup done

Memory protections (0 events):
No events

Nmethod flushes (20 events):
Event: 46.139 Thread 0x000001e1ed784930 flushing  nmethod 0x000001e1da904110
Event: 46.139 Thread 0x000001e1ed784930 flushing  nmethod 0x000001e1da904c10
Event: 46.139 Thread 0x000001e1ed784930 flushing  nmethod 0x000001e1da905990
Event: 46.139 Thread 0x000001e1ed784930 flushing  nmethod 0x000001e1da90a290
Event: 46.139 Thread 0x000001e1ed784930 flushing  nmethod 0x000001e1da92a910
Event: 46.139 Thread 0x000001e1ed784930 flushing osr nmethod 0x000001e1da936390
Event: 46.139 Thread 0x000001e1ed784930 flushing osr nmethod 0x000001e1da93a790
Event: 46.139 Thread 0x000001e1ed784930 flushing osr nmethod 0x000001e1da968c90
Event: 46.139 Thread 0x000001e1ed784930 flushing  nmethod 0x000001e1da97e910
Event: 46.139 Thread 0x000001e1ed784930 flushing  nmethod 0x000001e1da986990
Event: 46.139 Thread 0x000001e1ed784930 flushing  nmethod 0x000001e1da9a1810
Event: 46.139 Thread 0x000001e1ed784930 flushing  nmethod 0x000001e1da9a9490
Event: 46.139 Thread 0x000001e1ed784930 flushing  nmethod 0x000001e1da9a9e10
Event: 46.139 Thread 0x000001e1ed784930 flushing  nmethod 0x000001e1da9d9a10
Event: 46.139 Thread 0x000001e1ed784930 flushing  nmethod 0x000001e1da9db090
Event: 46.139 Thread 0x000001e1ed784930 flushing  nmethod 0x000001e1da9db690
Event: 46.139 Thread 0x000001e1ed784930 flushing  nmethod 0x000001e1da9dbf10
Event: 46.139 Thread 0x000001e1ed784930 flushing  nmethod 0x000001e1da9dde90
Event: 46.139 Thread 0x000001e1ed784930 flushing  nmethod 0x000001e1da9ec990
Event: 46.139 Thread 0x000001e1ed784930 flushing  nmethod 0x000001e1da9f3690

Events (20 events):
Event: 47.202 Thread 0x000001e1f77b06f0 Thread added: 0x000001e1f7ab8890
Event: 47.203 Thread 0x000001e1f7ab8890 Thread added: 0x000001e1fad52520
Event: 47.204 Thread 0x000001e1fad52520 Thread added: 0x000001e1fad51800
Event: 47.779 Thread 0x000001e1f6627250 Thread added: 0x000001e1f6625de0
Event: 47.859 Thread 0x000001e1d6da9590 Thread added: 0x000001e1f66242a0
Event: 50.107 Thread 0x000001e1fad51800 Thread added: 0x000001e1fad52bb0
Event: 52.331 Thread 0x000001e1f77b2e50 Thread exited: 0x000001e1f77b2e50
Event: 52.331 Thread 0x000001e1f77af9d0 Thread exited: 0x000001e1f77af9d0
Event: 52.331 Thread 0x000001e1f7ab8f20 Thread exited: 0x000001e1f7ab8f20
Event: 52.331 Thread 0x000001e1f77b2130 Thread exited: 0x000001e1f77b2130
Event: 52.331 Thread 0x000001e1f77ad900 Thread exited: 0x000001e1f77ad900
Event: 52.331 Thread 0x000001e1f77ac550 Thread exited: 0x000001e1f77ac550
Event: 52.331 Thread 0x000001e1f77af340 Thread exited: 0x000001e1f77af340
Event: 52.331 Thread 0x000001e1f77adf90 Thread exited: 0x000001e1f77adf90
Event: 52.331 Thread 0x000001e1f7ab9c40 Thread exited: 0x000001e1f7ab9c40
Event: 52.331 Thread 0x000001e1f77b1aa0 Thread exited: 0x000001e1f77b1aa0
Event: 52.332 Thread 0x000001e1f77ae620 Thread exited: 0x000001e1f77ae620
Event: 52.332 Thread 0x000001e1f77b0060 Thread exited: 0x000001e1f77b0060
Event: 52.332 Thread 0x000001e1f77aecb0 Thread exited: 0x000001e1f77aecb0
Event: 52.332 Thread 0x000001e1f77b34e0 Thread exited: 0x000001e1f77b34e0


Dynamic libraries:
0x00007ff7376b0000 - 0x00007ff7376be000 	c:\Users\kumar\.vscode\extensions\redhat.java-1.55.0-win32-x64\jre\21.0.11-win32-x86_64\bin\java.exe
0x00007ff85ad20000 - 0x00007ff85af86000 	C:\WINDOWS\SYSTEM32\ntdll.dll
0x00007ff8597f0000 - 0x00007ff8598b9000 	C:\WINDOWS\System32\KERNEL32.DLL
0x00007ff858690000 - 0x00007ff858a8a000 	C:\WINDOWS\System32\KERNELBASE.dll
0x00007ff858040000 - 0x00007ff85818c000 	C:\WINDOWS\System32\ucrtbase.dll
0x00007ff834b40000 - 0x00007ff834b58000 	c:\Users\kumar\.vscode\extensions\redhat.java-1.55.0-win32-x64\jre\21.0.11-win32-x86_64\bin\jli.dll
0x00007ff8593c0000 - 0x00007ff859587000 	C:\WINDOWS\System32\USER32.dll
0x00007ff8583c0000 - 0x00007ff8583e7000 	C:\WINDOWS\System32\win32u.dll
0x00007ff858dc0000 - 0x00007ff858deb000 	C:\WINDOWS\System32\GDI32.dll
0x00007ff8584b0000 - 0x00007ff8585db000 	C:\WINDOWS\System32\gdi32full.dll
0x00007ff858190000 - 0x00007ff858233000 	C:\WINDOWS\System32\msvcp_win.dll
0x00007ff8355f0000 - 0x00007ff83560e000 	c:\Users\kumar\.vscode\extensions\redhat.java-1.55.0-win32-x64\jre\21.0.11-win32-x86_64\bin\VCRUNTIME140.dll
0x00007ff834430000 - 0x00007ff8346c2000 	C:\WINDOWS\WinSxS\amd64_microsoft.windows.common-controls_6595b64144ccf1df_6.0.26100.8521_none_3e08b75ce33403b3\COMCTL32.dll
0x00007ff859310000 - 0x00007ff8593b9000 	C:\WINDOWS\System32\msvcrt.dll
0x00007ff858cb0000 - 0x00007ff858ce2000 	C:\WINDOWS\System32\IMM32.DLL
0x00007ff8388d0000 - 0x00007ff8388dc000 	c:\Users\kumar\.vscode\extensions\redhat.java-1.55.0-win32-x64\jre\21.0.11-win32-x86_64\bin\vcruntime140_1.dll
0x00007ff822230000 - 0x00007ff8222bd000 	c:\Users\kumar\.vscode\extensions\redhat.java-1.55.0-win32-x64\jre\21.0.11-win32-x86_64\bin\msvcp140.dll
0x00007fffbcea0000 - 0x00007fffbdc42000 	c:\Users\kumar\.vscode\extensions\redhat.java-1.55.0-win32-x64\jre\21.0.11-win32-x86_64\bin\server\jvm.dll
0x00007ff858bf0000 - 0x00007ff858ca6000 	C:\WINDOWS\System32\ADVAPI32.dll
0x00007ff85a670000 - 0x00007ff85a71a000 	C:\WINDOWS\System32\sechost.dll
0x00007ff85a7a0000 - 0x00007ff85a8b8000 	C:\WINDOWS\System32\RPCRT4.dll
0x00007ff858ef0000 - 0x00007ff858f70000 	C:\WINDOWS\System32\WS2_32.dll
0x00007ff857e10000 - 0x00007ff857e6e000 	C:\WINDOWS\SYSTEM32\POWRPROF.dll
0x00007ff84a8d0000 - 0x00007ff84a906000 	C:\WINDOWS\SYSTEM32\WINMM.dll
0x00007ff84d650000 - 0x00007ff84d65b000 	C:\WINDOWS\SYSTEM32\VERSION.dll
0x00007ff857df0000 - 0x00007ff857e04000 	C:\WINDOWS\SYSTEM32\UMPDC.dll
0x00007ff856d40000 - 0x00007ff856d5b000 	C:\WINDOWS\SYSTEM32\kernel.appcore.dll
0x00007ff838710000 - 0x00007ff83871a000 	c:\Users\kumar\.vscode\extensions\redhat.java-1.55.0-win32-x64\jre\21.0.11-win32-x86_64\bin\jimage.dll
0x00007ff855530000 - 0x00007ff855772000 	C:\WINDOWS\SYSTEM32\DBGHELP.DLL
0x00007ff858f80000 - 0x00007ff859303000 	C:\WINDOWS\System32\combase.dll
0x00007ff85a590000 - 0x00007ff85a669000 	C:\WINDOWS\System32\OLEAUT32.dll
0x00007ff830840000 - 0x00007ff83087b000 	C:\WINDOWS\SYSTEM32\dbgcore.DLL
0x00007ff8585e0000 - 0x00007ff858688000 	C:\WINDOWS\System32\bcryptPrimitives.dll
0x00007ff8439c0000 - 0x00007ff8439cf000 	c:\Users\kumar\.vscode\extensions\redhat.java-1.55.0-win32-x64\jre\21.0.11-win32-x86_64\bin\instrument.dll
0x00007ff8439a0000 - 0x00007ff8439c0000 	c:\Users\kumar\.vscode\extensions\redhat.java-1.55.0-win32-x64\jre\21.0.11-win32-x86_64\bin\java.dll
0x00007ff8598c0000 - 0x00007ff85a044000 	C:\WINDOWS\System32\SHELL32.dll
0x00007ff855b40000 - 0x00007ff8563c0000 	C:\WINDOWS\SYSTEM32\windows.storage.dll
0x00007ff859600000 - 0x00007ff8596f6000 	C:\WINDOWS\System32\SHCORE.dll
0x00007ff859590000 - 0x00007ff8595f7000 	C:\WINDOWS\System32\shlwapi.dll
0x00007ff857ed0000 - 0x00007ff857ef9000 	C:\WINDOWS\SYSTEM32\profapi.dll
0x00007ff833900000 - 0x00007ff833918000 	c:\Users\kumar\.vscode\extensions\redhat.java-1.55.0-win32-x64\jre\21.0.11-win32-x86_64\bin\zip.dll
0x00007ff8355e0000 - 0x00007ff8355f0000 	C:\Users\kumar\.vscode\extensions\redhat.java-1.55.0-win32-x64\jre\21.0.11-win32-x86_64\bin\net.dll
0x00007ff84e580000 - 0x00007ff84e6a9000 	C:\WINDOWS\SYSTEM32\WINHTTP.dll
0x00007ff8572b0000 - 0x00007ff85731c000 	C:\WINDOWS\system32\mswsock.dll
0x00007ff8338e0000 - 0x00007ff8338f6000 	C:\Users\kumar\.vscode\extensions\redhat.java-1.55.0-win32-x64\jre\21.0.11-win32-x86_64\bin\nio.dll
0x00007ff835540000 - 0x00007ff835550000 	c:\Users\kumar\.vscode\extensions\redhat.java-1.55.0-win32-x64\jre\21.0.11-win32-x86_64\bin\verify.dll
0x00007ff82dcd0000 - 0x00007ff82dd15000 	C:\Users\kumar\AppData\Roaming\Code\User\globalStorage\redhat.java\1.55.0\config_win\org.eclipse.equinox.launcher\org.eclipse.equinox.launcher.win32.win32.x86_64_1.3.100.v20260613-0559\eclipse_11924.dll
0x00007ff85aaa0000 - 0x00007ff85ac38000 	C:\WINDOWS\System32\ole32.dll
0x00007ff857590000 - 0x00007ff8575ab000 	C:\WINDOWS\SYSTEM32\CRYPTSP.dll
0x00007ff856ca0000 - 0x00007ff856cd9000 	C:\WINDOWS\system32\rsaenh.dll
0x00007ff857360000 - 0x00007ff857393000 	C:\WINDOWS\SYSTEM32\USERENV.dll
0x00007ff857ea0000 - 0x00007ff857eca000 	C:\WINDOWS\SYSTEM32\bcrypt.dll
0x00007ff8575b0000 - 0x00007ff8575bc000 	C:\WINDOWS\SYSTEM32\CRYPTBASE.dll
0x00007ff8566f0000 - 0x00007ff856723000 	C:\WINDOWS\SYSTEM32\IPHLPAPI.DLL
0x00007ff858cf0000 - 0x00007ff858cfa000 	C:\WINDOWS\System32\NSI.dll
0x00007ff8252c0000 - 0x00007ff825309000 	C:\Users\kumar\AppData\Local\Temp\jna-102410164\jna16915233644448453685.dll
0x00007ff859700000 - 0x00007ff859708000 	C:\WINDOWS\System32\PSAPI.DLL
0x00007ff851480000 - 0x00007ff85149d000 	C:\WINDOWS\SYSTEM32\dhcpcsvc6.DLL
0x00007ff851450000 - 0x00007ff851475000 	C:\WINDOWS\SYSTEM32\dhcpcsvc.DLL
0x00007ff843990000 - 0x00007ff84399e000 	C:\Users\kumar\.vscode\extensions\redhat.java-1.55.0-win32-x64\jre\21.0.11-win32-x86_64\bin\sunmscapi.dll
0x00007ff858240000 - 0x00007ff8583b8000 	C:\WINDOWS\System32\CRYPT32.dll
0x00007ff8577b0000 - 0x00007ff8577e0000 	C:\WINDOWS\SYSTEM32\ncrypt.dll
0x00007ff857760000 - 0x00007ff85779f000 	C:\WINDOWS\SYSTEM32\NTASN1.dll
0x00007ff856780000 - 0x00007ff8568ca000 	C:\WINDOWS\SYSTEM32\DNSAPI.dll
0x00007ff8570d0000 - 0x00007ff8570dd000 	C:\WINDOWS\SYSTEM32\DSPARSE.dll
0x00007ff84ebf0000 - 0x00007ff84ebfb000 	C:\Windows\System32\rasadhlp.dll
0x00007ff8516b0000 - 0x00007ff851736000 	C:\WINDOWS\System32\fwpuclnt.dll
0x00007ff843980000 - 0x00007ff843989000 	C:\Users\kumar\.vscode\extensions\redhat.java-1.55.0-win32-x64\jre\21.0.11-win32-x86_64\bin\extnet.dll

JVMTI agents:
c:\Users\kumar\.vscode\extensions\redhat.java-1.55.0-win32-x64\lombok\lombok-1.18.39-4050.jar path:c:\Users\kumar\.vscode\extensions\redhat.java-1.55.0-win32-x64\jre\21.0.11-win32-x86_64\bin\instrument.dll, loaded, initialized, instrumentlib options:none

dbghelp: loaded successfully - version: 4.0.5 - missing functions: none
symbol engine: initialized successfully - sym options: 0x614 - pdb path: .;c:\Users\kumar\.vscode\extensions\redhat.java-1.55.0-win32-x64\jre\21.0.11-win32-x86_64\bin;C:\WINDOWS\SYSTEM32;C:\WINDOWS\WinSxS\amd64_microsoft.windows.common-controls_6595b64144ccf1df_6.0.26100.8521_none_3e08b75ce33403b3;c:\Users\kumar\.vscode\extensions\redhat.java-1.55.0-win32-x64\jre\21.0.11-win32-x86_64\bin\server;C:\Users\kumar\AppData\Roaming\Code\User\globalStorage\redhat.java\1.55.0\config_win\org.eclipse.equinox.launcher\org.eclipse.equinox.launcher.win32.win32.x86_64_1.3.100.v20260613-0559;C:\Users\kumar\AppData\Local\Temp\jna-102410164

VM Arguments:
jvm_args: --add-modules=ALL-SYSTEM --add-opens=java.base/java.util=ALL-UNNAMED --add-opens=java.base/java.lang=ALL-UNNAMED --add-opens=java.base/sun.nio.fs=ALL-UNNAMED -Declipse.application=org.eclipse.jdt.ls.core.id1 -Dosgi.bundles.defaultStartLevel=4 -Declipse.product=org.eclipse.jdt.ls.core.product -Djava.import.generatesMetadataFilesAtProjectRoot=false -DDetectVMInstallationsJob.disabled=true -Dfile.encoding=utf8 -XX:+UseParallelGC -XX:GCTimeRatio=4 -XX:AdaptiveSizePolicyWeight=90 -Dsun.zip.disableMemoryMapping=true -Xmx2G -Xms100m -Xlog:disable -javaagent:c:\Users\kumar\.vscode\extensions\redhat.java-1.55.0-win32-x64\lombok\lombok-1.18.39-4050.jar -XX:+HeapDumpOnOutOfMemoryError -XX:HeapDumpPath=c:\Users\kumar\AppData\Roaming\Code\User\workspaceStorage\34eab81abe4cf9b9b14716ff9f35c11f\redhat.java -Daether.dependencyCollector.impl=bf 
java_command: c:\Users\kumar\.vscode\extensions\redhat.java-1.55.0-win32-x64\server\plugins\org.eclipse.equinox.launcher_1.7.200.v20260619-2039.jar -configuration c:\Users\kumar\AppData\Roaming\Code\User\globalStorage\redhat.java\1.55.0\config_win -data c:\Users\kumar\AppData\Roaming\Code\User\workspaceStorage\34eab81abe4cf9b9b14716ff9f35c11f\redhat.java\jdt_ws --pipe=\\.\pipe\lsp-fce75524669b69d05a179f55a5b1d2ac-sock
java_class_path (initial): c:\Users\kumar\.vscode\extensions\redhat.java-1.55.0-win32-x64\server\plugins\org.eclipse.equinox.launcher_1.7.200.v20260619-2039.jar
Launcher Type: SUN_STANDARD

[Global flags]
    uintx AdaptiveSizePolicyWeight                 = 90                                        {product} {command line}
     intx CICompilerCount                          = 12                                        {product} {ergonomic}
    uintx GCTimeRatio                              = 4                                         {product} {command line}
     bool HeapDumpOnOutOfMemoryError               = true                                   {manageable} {command line}
    ccstr HeapDumpPath                             = c:\Users\kumar\AppData\Roaming\Code\User\workspaceStorage\34eab81abe4cf9b9b14716ff9f35c11f\redhat.java         {manageable} {command line}
   size_t InitialHeapSize                          = 104857600                                 {product} {command line}
   size_t MaxHeapSize                              = 2147483648                                {product} {command line}
   size_t MaxNewSize                               = 715653120                                 {product} {ergonomic}
   size_t MinHeapDeltaBytes                        = 524288                                    {product} {ergonomic}
   size_t MinHeapSize                              = 104857600                                 {product} {command line}
   size_t NewSize                                  = 34603008                                  {product} {ergonomic}
    uintx NonNMethodCodeHeapSize                   = 7602480                                {pd product} {ergonomic}
    uintx NonProfiledCodeHeapSize                  = 122027880                              {pd product} {ergonomic}
   size_t OldSize                                  = 70254592                                  {product} {ergonomic}
    uintx ProfiledCodeHeapSize                     = 122027880                              {pd product} {ergonomic}
    uintx ReservedCodeCacheSize                    = 251658240                              {pd product} {ergonomic}
     bool SegmentedCodeCache                       = true                                      {product} {ergonomic}
   size_t SoftMaxHeapSize                          = 2147483648                             {manageable} {ergonomic}
     bool UseCompressedOops                        = true                           {product lp64_product} {ergonomic}
     bool UseLargePagesIndividualAllocation        = false                                  {pd product} {ergonomic}
     bool UseParallelGC                            = true                                      {product} {command line}

Logging:
Log output configuration:
 #0: stdout all=off uptime,level,tags foldmultilines=false
 #1: stderr all=off uptime,level,tags foldmultilines=false

Release file:
JAVA_VERSION="21.0.11" 
MODULES="java.base java.compiler java.datatransfer java.xml java.prefs java.desktop java.instrument java.logging java.management java.security.sasl java.naming java.rmi java.management.rmi java.net.http java.scripting java.security.jgss java.transaction.xa java.sql java.sql.rowset java.xml.crypto java.se java.smartcardio jdk.accessibility jdk.internal.jvmstat jdk.attach jdk.charsets jdk.internal.opt jdk.zipfs jdk.compiler jdk.crypto.ec jdk.crypto.cryptoki jdk.crypto.mscapi jdk.dynalink jdk.internal.ed jdk.editpad jdk.hotspot.agent jdk.httpserver jdk.internal.le jdk.internal.vm.ci jdk.internal.vm.compiler jdk.internal.vm.compiler.management jdk.jartool jdk.javadoc jdk.jcmd jdk.management jdk.management.agent jdk.jconsole jdk.jdeps jdk.jdwp.agent jdk.jdi jdk.jfr jdk.jshell jdk.jsobject jdk.jstatd jdk.localedata jdk.management.jfr jdk.naming.dns jdk.naming.rmi jdk.net jdk.nio.mapmode jdk.random jdk.sctp jdk.security.auth jdk.security.jgss jdk.unsupported jdk.unsupported.desktop jdk.xml.dom" 

Environment Variables:
PATH=C:\Program Files\Common Files\Oracle\Java\javapath;C:\windows\system32;C:\windows;C:\windows\System32\Wbem;C:\windows\System32\WindowsPowerShell\v1.0\;C:\windows\System32\OpenSSH\;C:\WINDOWS\system32;C:\WINDOWS;C:\WINDOWS\System32\Wbem;C:\WINDOWS\System32\WindowsPowerShell\v1.0\;C:\WINDOWS\System32\OpenSSH\;C:\Program Files\Git\cmd;C:\Program Files\nodejs\;C:\Program Files\Java\jdk-25.0.2\bin;C:\Program Files\Apache\Maven\apache-maven-3.9.16\bin;C:\Users\kumar\AppData\Local\Programs\Python\Python311\Scripts\;C:\Users\kumar\AppData\Local\Programs\Python\Python311\;C:\Users\kumar\AppData\Local\Microsoft\WindowsApps;C:\Users\kumar\AppData\Local\Programs\Microsoft VS Code\bin;C:\msys64\ucrt64\bin;C:\msys64;C:\Users\kumar\AppData\Roaming\npm
USERNAME=kumar
OS=Windows_NT
PROCESSOR_IDENTIFIER=Intel64 Family 6 Model 186 Stepping 2, GenuineIntel
TMP=C:\Users\kumar\AppData\Local\Temp
TEMP=C:\Users\kumar\AppData\Local\Temp




Periodic native trim disabled

---------------  S Y S T E M  ---------------

OS:
 Windows 11 , 64 bit Build 26100 (10.0.26100.8521)
OS uptime: 1 days 13:39 hours
Hyper-V role detected

CPU: total 16 (initial active 16) (8 cores per cpu, 2 threads per core) family 6 model 186 stepping 2 microcode 0x4121, cx8, cmov, fxsr, ht, mmx, 3dnowpref, sse, sse2, sse3, ssse3, sse4.1, sse4.2, popcnt, lzcnt, tsc, tscinvbit, avx, avx2, aes, erms, clmul, bmi1, bmi2, adx, sha, fma, vzeroupper, clflush, clflushopt, clwb, hv, serialize, rdtscp, rdpid, fsrm, f16c, cet_ibt, cet_ss
Processor Information for processor 0
  Max Mhz: 1900, Current Mhz: 1900, Mhz Limit: 1900
Processor Information for processor 1
  Max Mhz: 1900, Current Mhz: 1900, Mhz Limit: 1900
Processor Information for processor 2
  Max Mhz: 1900, Current Mhz: 1900, Mhz Limit: 1900
Processor Information for processor 3
  Max Mhz: 1900, Current Mhz: 1900, Mhz Limit: 1900
Processor Information for processor 4
  Max Mhz: 1900, Current Mhz: 1504, Mhz Limit: 1900
Processor Information for processor 5
  Max Mhz: 1900, Current Mhz: 1504, Mhz Limit: 1900
Processor Information for processor 6
  Max Mhz: 1900, Current Mhz: 1900, Mhz Limit: 1900
Processor Information for processor 7
  Max Mhz: 1900, Current Mhz: 1504, Mhz Limit: 1900
Processor Information for processor 8
  Max Mhz: 1900, Current Mhz: 1400, Mhz Limit: 1387
Processor Information for processor 9
  Max Mhz: 1900, Current Mhz: 1400, Mhz Limit: 1387
Processor Information for processor 10
  Max Mhz: 1900, Current Mhz: 1400, Mhz Limit: 1387
Processor Information for processor 11
  Max Mhz: 1900, Current Mhz: 1400, Mhz Limit: 1387
Processor Information for processor 12
  Max Mhz: 1900, Current Mhz: 1400, Mhz Limit: 1387
Processor Information for processor 13
  Max Mhz: 1900, Current Mhz: 1400, Mhz Limit: 1387
Processor Information for processor 14
  Max Mhz: 1900, Current Mhz: 1400, Mhz Limit: 1387
Processor Information for processor 15
  Max Mhz: 1900, Current Mhz: 1400, Mhz Limit: 1387

Memory: 4k page, system-wide physical 16095M (2832M free)
TotalPageFile size 16095M (AvailPageFile size 29M)
current process WorkingSet (physical memory assigned to process): 331M, peak: 338M
current process commit charge ("private bytes"): 432M, peak: 439M

vm_info: OpenJDK 64-Bit Server VM (21.0.11+10-LTS) for windows-amd64 JRE (21.0.11+10-LTS), built on 2026-04-21T00:00:00Z by "admin" with MS VC++ 17.12 (VS2022)

END.
