#
# There is insufficient memory for the Java Runtime Environment to continue.
# Native memory allocation (malloc) failed to allocate 1629776 bytes. Error detail: Chunk::new
# Possible reasons:
#   The system is out of physical RAM or swap space
#   This process is running with CompressedOops enabled, and the Java Heap may be blocking the growth of the native heap
# Possible solutions:
#   Reduce memory load on the system
#   Increase physical memory or swap space
#   Check if swap backing store is full
#   Decrease Java heap size (-Xmx/-Xms)
#   Decrease number of Java threads
#   Decrease Java thread stack sizes (-Xss)
#   Set larger code cache with -XX:ReservedCodeCacheSize=
#   JVM is running with Unscaled Compressed Oops mode in which the Java heap is
#     placed in the first 4GB address space. The Java Heap base address is the
#     maximum limit for the native heap growth. Please use -XX:HeapBaseMinAddress
#     to set the Java Heap base and to place the Java Heap above 4GB virtual address.
# This output file may be truncated or incomplete.
#
#  Out of Memory Error (arena.cpp:168), pid=27164, tid=2396
#
# JRE version: OpenJDK Runtime Environment Temurin-21.0.11+10 (21.0.11+10) (build 21.0.11+10-LTS)
# Java VM: OpenJDK 64-Bit Server VM Temurin-21.0.11+10 (21.0.11+10-LTS, mixed mode, sharing, tiered, compressed oops, compressed class ptrs, parallel gc, windows-amd64)
# No core dump will be written. Minidumps are not enabled by default on client versions of Windows
#

---------------  S U M M A R Y ------------

Command Line: --add-modules=ALL-SYSTEM --add-opens=java.base/java.util=ALL-UNNAMED --add-opens=java.base/java.lang=ALL-UNNAMED --add-opens=java.base/sun.nio.fs=ALL-UNNAMED -Declipse.application=org.eclipse.jdt.ls.core.id1 -Dosgi.bundles.defaultStartLevel=4 -Declipse.product=org.eclipse.jdt.ls.core.product -Djava.import.generatesMetadataFilesAtProjectRoot=false -DDetectVMInstallationsJob.disabled=true -Dfile.encoding=utf8 -XX:+UseParallelGC -XX:GCTimeRatio=4 -XX:AdaptiveSizePolicyWeight=90 -Dsun.zip.disableMemoryMapping=true -Xmx2G -Xms100m -Xlog:disable -javaagent:c:\Users\kumar\.vscode\extensions\redhat.java-1.55.0-win32-x64\lombok\lombok-1.18.39-4050.jar -XX:+HeapDumpOnOutOfMemoryError -XX:HeapDumpPath=c:\Users\kumar\AppData\Roaming\Code\User\workspaceStorage\34eab81abe4cf9b9b14716ff9f35c11f\redhat.java -Daether.dependencyCollector.impl=bf c:\Users\kumar\.vscode\extensions\redhat.java-1.55.0-win32-x64\server\plugins\org.eclipse.equinox.launcher_1.7.200.v20260619-2039.jar -configuration c:\Users\kumar\AppData\Roaming\Code\User\globalStorage\redhat.java\1.55.0\config_win -data c:\Users\kumar\AppData\Roaming\Code\User\workspaceStorage\34eab81abe4cf9b9b14716ff9f35c11f\redhat.java\jdt_ws --pipe=\\.\pipe\lsp-e0e0f1ab7eaa8be8e13a7e01e885d662-sock

Host: 13th Gen Intel(R) Core(TM) i5-1340P, 16 cores, 15G,  Windows 11 , 64 bit Build 26100 (10.0.26100.8521)
Time: Sat Jul  4 12:20:10 2026 India Standard Time elapsed time: 14.141336 seconds (0d 0h 0m 14s)

---------------  T H R E A D  ---------------

Current thread (0x000002b2ed8c6660):  JavaThread "C2 CompilerThread5" daemon [_thread_in_native, id=2396, stack(0x000000d44d700000,0x000000d44d800000) (1024K)]


Current CompileTask:
C2:14141 4614   !   4       org.eclipse.osgi.internal.loader.classpath.ClasspathManager::findClassImpl (328 bytes)

Stack: [0x000000d44d700000,0x000000d44d800000]
Native frames: (J=compiled Java code, j=interpreted, Vv=VM code, C=native code)
V  [jvm.dll+0x6d7e19]
V  [jvm.dll+0x8b5096]
V  [jvm.dll+0x8b764e]
V  [jvm.dll+0x8b7d33]
V  [jvm.dll+0x284596]
V  [jvm.dll+0xc685d]
V  [jvm.dll+0xc6da1]
V  [jvm.dll+0x3bed6b]
V  [jvm.dll+0x1e3f42]
V  [jvm.dll+0x24c853]
V  [jvm.dll+0x24bce0]
V  [jvm.dll+0x1cb4ae]
V  [jvm.dll+0x25baad]
V  [jvm.dll+0x25a03a]
V  [jvm.dll+0x3f868e]
V  [jvm.dll+0x85fb0d]
V  [jvm.dll+0x6d664d]
C  [ucrtbase.dll+0x2cd30]
C  [KERNEL32.DLL+0x2e957]
C  [ntdll.dll+0x87c1c]


---------------  P R O C E S S  ---------------

Threads class SMR info:
_java_thread_list=0x000002b2edf7d050, length=56, elements={
0x000002b28aa7b210, 0x000002b28aa2dbd0, 0x000002b28ab24f80, 0x000002b28ab276a0,
0x000002b28ab28560, 0x000002b28ab2d390, 0x000002b28ab36430, 0x000002b28ab3a530,
0x000002b2e381df90, 0x000002b2e38de930, 0x000002b28ab36ac0, 0x000002b28ab34360,
0x000002b28ab37150, 0x000002b28ab377e0, 0x000002b28ab349f0, 0x000002b28ab35080,
0x000002b28ab35710, 0x000002b28ab35da0, 0x000002b2e38df6d0, 0x000002b2eab0c760,
0x000002b2e38e0b40, 0x000002b2eab0e1a0, 0x000002b2eab0b3b0, 0x000002b2eab0ad20,
0x000002b2e38e1210, 0x000002b2e38e18e0, 0x000002b2eab0d480, 0x000002b2eab0cdf0,
0x000002b2eab0db10, 0x000002b2e38df000, 0x000002b2e38e0470, 0x000002b2ed8c6660,
0x000002b2ed8c7400, 0x000002b2ed8c58c0, 0x000002b2eab0e830, 0x000002b2eab0eec0,
0x000002b2eab0ba40, 0x000002b2eab0f550, 0x000002b2eab10900, 0x000002b2eab0fbe0,
0x000002b2eab11cb0, 0x000002b2eab12340, 0x000002b2eab10270, 0x000002b2eab10f90,
0x000002b2eab11620, 0x000002b2ed540320, 0x000002b2ed5409b0, 0x000002b2ed53fc90,
0x000002b2ed5416d0, 0x000002b2ed541040, 0x000002b2ed5444c0, 0x000002b2ed541d60,
0x000002b2ed544b50, 0x000002b2ed5451e0, 0x000002b2ed5423f0, 0x000002b2ed542a80
}

Java Threads: ( => current thread )
  0x000002b28aa7b210 JavaThread "main"                              [_thread_blocked, id=11832, stack(0x000000d44a900000,0x000000d44aa00000) (1024K)]
  0x000002b28aa2dbd0 JavaThread "Reference Handler"          daemon [_thread_blocked, id=19760, stack(0x000000d44ad00000,0x000000d44ae00000) (1024K)]
  0x000002b28ab24f80 JavaThread "Finalizer"                  daemon [_thread_blocked, id=11736, stack(0x000000d44ae00000,0x000000d44af00000) (1024K)]
  0x000002b28ab276a0 JavaThread "Signal Dispatcher"          daemon [_thread_blocked, id=9484, stack(0x000000d44af00000,0x000000d44b000000) (1024K)]
  0x000002b28ab28560 JavaThread "Attach Listener"            daemon [_thread_blocked, id=3104, stack(0x000000d44b000000,0x000000d44b100000) (1024K)]
  0x000002b28ab2d390 JavaThread "Service Thread"             daemon [_thread_blocked, id=26280, stack(0x000000d44b100000,0x000000d44b200000) (1024K)]
  0x000002b28ab36430 JavaThread "Monitor Deflation Thread"   daemon [_thread_blocked, id=22136, stack(0x000000d44b200000,0x000000d44b300000) (1024K)]
  0x000002b28ab3a530 JavaThread "C2 CompilerThread0"         daemon [_thread_in_native, id=21488, stack(0x000000d44b300000,0x000000d44b400000) (1024K)]
  0x000002b2e381df90 JavaThread "C1 CompilerThread0"         daemon [_thread_blocked, id=19408, stack(0x000000d44b400000,0x000000d44b500000) (1024K)]
  0x000002b2e38de930 JavaThread "C1 CompilerThread1"         daemon [_thread_blocked, id=16320, stack(0x000000d44b500000,0x000000d44b600000) (1024K)]
  0x000002b28ab36ac0 JavaThread "Common-Cleaner"             daemon [_thread_blocked, id=19596, stack(0x000000d44b800000,0x000000d44b900000) (1024K)]
  0x000002b28ab34360 JavaThread "Notification Thread"        daemon [_thread_blocked, id=19032, stack(0x000000d44b900000,0x000000d44ba00000) (1024K)]
  0x000002b28ab37150 JavaThread "Active Thread: Equinox Container: 1d1e4dc7-7760-4471-a096-7d9d0bcd2126"        [_thread_blocked, id=14052, stack(0x000000d44c100000,0x000000d44c200000) (1024K)]
  0x000002b28ab377e0 JavaThread "Refresh Thread: Equinox Container: 1d1e4dc7-7760-4471-a096-7d9d0bcd2126" daemon [_thread_blocked, id=24896, stack(0x000000d44c300000,0x000000d44c400000) (1024K)]
  0x000002b28ab349f0 JavaThread "Framework Event Dispatcher: Equinox Container: 1d1e4dc7-7760-4471-a096-7d9d0bcd2126" daemon [_thread_blocked, id=15892, stack(0x000000d44c400000,0x000000d44c500000) (1024K)]
  0x000002b28ab35080 JavaThread "Start Level: Equinox Container: 1d1e4dc7-7760-4471-a096-7d9d0bcd2126" daemon [_thread_blocked, id=12464, stack(0x000000d44c500000,0x000000d44c600000) (1024K)]
  0x000002b28ab35710 JavaThread "Bundle File Closer"         daemon [_thread_blocked, id=24376, stack(0x000000d44c900000,0x000000d44ca00000) (1024K)]
  0x000002b28ab35da0 JavaThread "SCR Component Actor"        daemon [_thread_blocked, id=13676, stack(0x000000d44b600000,0x000000d44b700000) (1024K)]
  0x000002b2e38df6d0 JavaThread "C1 CompilerThread2"         daemon [_thread_blocked, id=12436, stack(0x000000d44b700000,0x000000d44b800000) (1024K)]
  0x000002b2eab0c760 JavaThread "Worker-JM"                         [_thread_blocked, id=15536, stack(0x000000d44ba00000,0x000000d44bb00000) (1024K)]
  0x000002b2e38e0b40 JavaThread "C1 CompilerThread3"         daemon [_thread_blocked, id=27420, stack(0x000000d44cc00000,0x000000d44cd00000) (1024K)]
  0x000002b2eab0e1a0 JavaThread "JNA Cleaner"                daemon [_thread_blocked, id=6228, stack(0x000000d44cd00000,0x000000d44ce00000) (1024K)]
  0x000002b2eab0b3b0 JavaThread "Worker-0: Repository registry initialization"        [_thread_blocked, id=25548, stack(0x000000d44ce00000,0x000000d44cf00000) (1024K)]
  0x000002b2eab0ad20 JavaThread "Worker-1: Updating Maven Dependencies"        [_thread_in_native, id=25792, stack(0x000000d44cf00000,0x000000d44d000000) (1024K)]
  0x000002b2e38e1210 JavaThread "C2 CompilerThread1"         daemon [_thread_blocked, id=24292, stack(0x000000d44d000000,0x000000d44d100000) (1024K)]
  0x000002b2e38e18e0 JavaThread "C2 CompilerThread2"         daemon [_thread_blocked, id=24880, stack(0x000000d44d100000,0x000000d44d200000) (1024K)]
  0x000002b2eab0d480 JavaThread "Worker-2"                          [_thread_blocked, id=26304, stack(0x000000d44d200000,0x000000d44d300000) (1024K)]
  0x000002b2eab0cdf0 JavaThread "Java indexing"              daemon [_thread_blocked, id=27848, stack(0x000000d44d300000,0x000000d44d400000) (1024K)]
  0x000002b2eab0db10 JavaThread "Worker-3: Initialize After Load"        [_thread_blocked, id=28224, stack(0x000000d44d400000,0x000000d44d500000) (1024K)]
  0x000002b2e38df000 JavaThread "C2 CompilerThread3"         daemon [_thread_in_native, id=8972, stack(0x000000d44d500000,0x000000d44d600000) (1024K)]
  0x000002b2e38e0470 JavaThread "C2 CompilerThread4"         daemon [_thread_in_native, id=17168, stack(0x000000d44d600000,0x000000d44d700000) (1024K)]
=>0x000002b2ed8c6660 JavaThread "C2 CompilerThread5"         daemon [_thread_in_native, id=2396, stack(0x000000d44d700000,0x000000d44d800000) (1024K)]
  0x000002b2ed8c7400 JavaThread "C2 CompilerThread6"         daemon [_thread_in_native, id=26472, stack(0x000000d44d800000,0x000000d44d900000) (1024K)]
  0x000002b2ed8c58c0 JavaThread "C2 CompilerThread7"         daemon [_thread_in_native, id=27132, stack(0x000000d44d900000,0x000000d44da00000) (1024K)]
  0x000002b2eab0e830 JavaThread "Worker-4"                          [_thread_blocked, id=25672, stack(0x000000d44dc00000,0x000000d44dd00000) (1024K)]
  0x000002b2eab0eec0 JavaThread "Worker-5"                          [_thread_blocked, id=7012, stack(0x000000d44dd00000,0x000000d44de00000) (1024K)]
  0x000002b2eab0ba40 JavaThread "Thread-1"                   daemon [_thread_in_native, id=27028, stack(0x000000d44de00000,0x000000d44df00000) (1024K)]
  0x000002b2eab0f550 JavaThread "Thread-2"                   daemon [_thread_in_native, id=15964, stack(0x000000d44df00000,0x000000d44e000000) (1024K)]
  0x000002b2eab10900 JavaThread "Thread-3"                   daemon [_thread_in_native, id=448, stack(0x000000d44e000000,0x000000d44e100000) (1024K)]
  0x000002b2eab0fbe0 JavaThread "Thread-4"                   daemon [_thread_in_native, id=27632, stack(0x000000d44e100000,0x000000d44e200000) (1024K)]
  0x000002b2eab11cb0 JavaThread "Thread-5"                   daemon [_thread_in_native, id=24572, stack(0x000000d44e200000,0x000000d44e300000) (1024K)]
  0x000002b2eab12340 JavaThread "Thread-6"                   daemon [_thread_in_native, id=17308, stack(0x000000d44e300000,0x000000d44e400000) (1024K)]
  0x000002b2eab10270 JavaThread "Thread-7"                   daemon [_thread_in_native, id=29084, stack(0x000000d44e400000,0x000000d44e500000) (1024K)]
  0x000002b2eab10f90 JavaThread "Thread-8"                   daemon [_thread_in_native, id=27588, stack(0x000000d44e500000,0x000000d44e600000) (1024K)]
  0x000002b2eab11620 JavaThread "Thread-9"                   daemon [_thread_in_native, id=26436, stack(0x000000d44e600000,0x000000d44e700000) (1024K)]
  0x000002b2ed540320 JavaThread "Thread-10"                  daemon [_thread_in_native, id=29668, stack(0x000000d44e700000,0x000000d44e800000) (1024K)]
  0x000002b2ed5409b0 JavaThread "Thread-11"                  daemon [_thread_in_native, id=10428, stack(0x000000d44e800000,0x000000d44e900000) (1024K)]
  0x000002b2ed53fc90 JavaThread "Thread-12"                  daemon [_thread_in_native, id=9444, stack(0x000000d44e900000,0x000000d44ea00000) (1024K)]
  0x000002b2ed5416d0 JavaThread "Thread-13"                  daemon [_thread_in_native, id=20472, stack(0x000000d44ea00000,0x000000d44eb00000) (1024K)]
  0x000002b2ed541040 JavaThread "Thread-14"                  daemon [_thread_in_native, id=11700, stack(0x000000d44eb00000,0x000000d44ec00000) (1024K)]
  0x000002b2ed5444c0 JavaThread "Thread-15"                  daemon [_thread_in_native, id=13668, stack(0x000000d44ec00000,0x000000d44ed00000) (1024K)]
  0x000002b2ed541d60 JavaThread "Thread-16"                  daemon [_thread_in_native, id=15484, stack(0x000000d44ed00000,0x000000d44ee00000) (1024K)]
  0x000002b2ed544b50 JavaThread "Thread-17"                  daemon [_thread_in_native, id=28300, stack(0x000000d44ee00000,0x000000d44ef00000) (1024K)]
  0x000002b2ed5451e0 JavaThread "pool-2-thread-1"                   [_thread_blocked, id=17580, stack(0x000000d44ef00000,0x000000d44f000000) (1024K)]
  0x000002b2ed5423f0 JavaThread "WorkspaceEventsHandler"            [_thread_blocked, id=8772, stack(0x000000d44f000000,0x000000d44f100000) (1024K)]
  0x000002b2ed542a80 JavaThread "pool-1-thread-1"                   [_thread_blocked, id=26668, stack(0x000000d44f100000,0x000000d44f200000) (1024K)]
Total: 56

Other Threads:
  0x000002b28aa124b0 VMThread "VM Thread"                           [id=25656, stack(0x000000d44ac00000,0x000000d44ad00000) (1024K)]
  0x000002b28a90ca00 WatcherThread "VM Periodic Task Thread"        [id=29616, stack(0x000000d44ab00000,0x000000d44ac00000) (1024K)]
  0x000002b28aa99590 WorkerThread "GC Thread#0"                     [id=16420, stack(0x000000d44aa00000,0x000000d44ab00000) (1024K)]
  0x000002b2e567b6c0 WorkerThread "GC Thread#1"                     [id=8896, stack(0x000000d44bb00000,0x000000d44bc00000) (1024K)]
  0x000002b2e5644f20 WorkerThread "GC Thread#2"                     [id=26392, stack(0x000000d44bc00000,0x000000d44bd00000) (1024K)]
  0x000002b2e56452d0 WorkerThread "GC Thread#3"                     [id=28392, stack(0x000000d44bd00000,0x000000d44be00000) (1024K)]
  0x000002b2e5645680 WorkerThread "GC Thread#4"                     [id=29344, stack(0x000000d44be00000,0x000000d44bf00000) (1024K)]
  0x000002b2e5645a30 WorkerThread "GC Thread#5"                     [id=27624, stack(0x000000d44bf00000,0x000000d44c000000) (1024K)]
  0x000002b2e5645de0 WorkerThread "GC Thread#6"                     [id=15776, stack(0x000000d44c000000,0x000000d44c100000) (1024K)]
  0x000002b2ea36bdc0 WorkerThread "GC Thread#7"                     [id=28612, stack(0x000000d44c200000,0x000000d44c300000) (1024K)]
  0x000002b2ea1c9120 WorkerThread "GC Thread#8"                     [id=5140, stack(0x000000d44c600000,0x000000d44c700000) (1024K)]
  0x000002b2ea1c94d0 WorkerThread "GC Thread#9"                     [id=19404, stack(0x000000d44c700000,0x000000d44c800000) (1024K)]
  0x000002b2ea97f320 WorkerThread "GC Thread#10"                    [id=6412, stack(0x000000d44c800000,0x000000d44c900000) (1024K)]
  0x000002b2e5416df0 WorkerThread "GC Thread#11"                    [id=26516, stack(0x000000d44ca00000,0x000000d44cb00000) (1024K)]
  0x000002b2e3a18ad0 WorkerThread "GC Thread#12"                    [id=28420, stack(0x000000d44cb00000,0x000000d44cc00000) (1024K)]
Total: 15

Threads with active compile tasks:
C2 CompilerThread0  14210 5665       4       java.util.regex.Pattern::atom (422 bytes)
C2 CompilerThread3  14210 5222   !   4       org.eclipse.osgi.internal.loader.classpath.ClasspathManager::defineClass (636 bytes)
C2 CompilerThread4  14210 5645 %     4       java.io.WinNTFileSystem::normalize @ 22 (143 bytes)
C2 CompilerThread5  14211 4614   !   4       org.eclipse.osgi.internal.loader.classpath.ClasspathManager::findClassImpl (328 bytes)
C2 CompilerThread6  14211 4845   !   4       org.eclipse.osgi.internal.loader.BundleLoader::findClass0 (490 bytes)
C2 CompilerThread7  14211 4827   !   4       org.eclipse.osgi.internal.loader.classpath.ClasspathManager::findLocalClass (210 bytes)
Total: 6

VM state: not at safepoint (normal execution)

VM Mutex/Monitor currently owned by a thread: None

Heap address: 0x0000000080000000, size: 2048 MB, Compressed Oops mode: 32-bit

CDS archive(s) mapped at: [0x000002b2a2000000-0x000002b2a2ba0000-0x000002b2a2ba0000), size 12189696, SharedBaseAddress: 0x000002b2a2000000, ArchiveRelocationMode: 1.
Compressed class space mapped at: 0x000002b2a3000000-0x000002b2e3000000, reserved size: 1073741824
Narrow klass base: 0x000002b2a2000000, Narrow klass shift: 0, Narrow klass range: 0x100000000

GC Precious Log:
 CardTable entry size: 512
 CPUs: 16 total, 16 available
 Memory: 16095M
 Large Page Support: Disabled
 NUMA Support: Disabled
 Compressed Oops: Enabled (32-bit)
 Alignments: Space 512K, Generation 512K, Heap 2M
 Heap Min Capacity: 100M
 Heap Initial Capacity: 100M
 Heap Max Capacity: 2G
 Pre-touch: Disabled
 Parallel Workers: 13

Heap:
 PSYoungGen      total 23040K, used 9630K [0x00000000d5580000, 0x00000000d6f80000, 0x0000000100000000)
  eden space 22016K, 39% used [0x00000000d5580000,0x00000000d5dffb18,0x00000000d6b00000)
  from space 1024K, 90% used [0x00000000d6e80000,0x00000000d6f68000,0x00000000d6f80000)
  to   space 1536K, 0% used [0x00000000d6c80000,0x00000000d6c80000,0x00000000d6e00000)
 ParOldGen       total 68608K, used 20119K [0x0000000080000000, 0x0000000084300000, 0x00000000d5580000)
  object space 68608K, 29% used [0x0000000080000000,0x00000000813a5f28,0x0000000084300000)
 Metaspace       used 38972K, committed 40128K, reserved 1114112K
  class space    used 4097K, committed 4608K, reserved 1048576K

Card table byte_map: [0x000002b28a420000,0x000002b28a830000] _byte_map_base: 0x000002b28a020000

Marking Bits: (ParMarkBitMap*) 0x00007fffbdb64460
 Begin Bits: [0x000002b29cf30000, 0x000002b29ef30000)
 End Bits:   [0x000002b29ef30000, 0x000002b2a0f30000)

Polling page: 0x000002b288830000

Metaspace:

Usage:
  Non-class:     34.06 MB used.
      Class:      4.00 MB used.
       Both:     38.06 MB used.

Virtual space:
  Non-class space:       64.00 MB reserved,      34.69 MB ( 54%) committed,  1 nodes.
      Class space:        1.00 GB reserved,       4.50 MB ( <1%) committed,  1 nodes.
             Both:        1.06 GB reserved,      39.19 MB (  4%) committed. 

Chunk freelists:
   Non-Class:  12.94 MB
       Class:  11.44 MB
        Both:  24.38 MB

MaxMetaspaceSize: unlimited
CompressedClassSpaceSize: 1.00 GB
Initial GC threshold: 21.00 MB
Current GC threshold: 58.38 MB
CDS: on
 - commit_granule_bytes: 65536.
 - commit_granule_words: 8192.
 - virtual_space_node_default_size: 8388608.
 - enlarge_chunks_in_place: 1.
 - use_allocation_guard: 0.


Internal statistics:

num_allocs_failed_limit: 6.
num_arena_births: 776.
num_arena_deaths: 30.
num_vsnodes_births: 2.
num_vsnodes_deaths: 0.
num_space_committed: 627.
num_space_uncommitted: 0.
num_chunks_returned_to_freelist: 40.
num_chunks_taken_from_freelist: 2509.
num_chunk_merges: 4.
num_chunk_splits: 1530.
num_chunks_enlarged: 889.
num_inconsistent_stats: 0.

CodeHeap 'non-profiled nmethods': size=119168Kb used=2536Kb max_used=2536Kb free=116631Kb
 bounds [0x000002b295820000, 0x000002b295ab0000, 0x000002b29cc80000]
CodeHeap 'profiled nmethods': size=119104Kb used=11029Kb max_used=11029Kb free=108074Kb
 bounds [0x000002b28dc80000, 0x000002b28e750000, 0x000002b2950d0000]
CodeHeap 'non-nmethods': size=7488Kb used=3048Kb max_used=3116Kb free=4439Kb
 bounds [0x000002b2950d0000, 0x000002b2953e0000, 0x000002b295820000]
CodeCache: size=245760Kb, used=16613Kb, max_used=16681Kb, free=229144Kb
 total_blobs=5737, nmethods=5079, adapters=561, full_count=0
Compilation: enabled, stopped_count=0, restarted_count=0

Compilation events (20 events):
Event: 13.072 Thread 0x000002b2e38e18e0 nmethod 5634 0x000002b29589e390 code [0x000002b29589e600, 0x000002b29589f058]
Event: 13.073 Thread 0x000002b2e38df6d0 5651       3       jdk.internal.reflect.Reflection::filter (165 bytes)
Event: 13.076 Thread 0x000002b2e38df6d0 nmethod 5651 0x000002b28e73f410 code [0x000002b28e73f6a0, 0x000002b28e740448]
Event: 13.077 Thread 0x000002b2e38e18e0 5652       4       java.lang.invoke.LambdaForm$MH/0x000002b2a3000800::invoke (8 bytes)
Event: 13.081 Thread 0x000002b2e38e18e0 nmethod 5652 0x000002b29589e010 code [0x000002b29589e1a0, 0x000002b29589e248]
Event: 13.081 Thread 0x000002b2e381df90 5653       3       java.util.Comparator::lambda$comparing$ea9a8b3a$1 (21 bytes)
Event: 13.083 Thread 0x000002b2e381df90 nmethod 5653 0x000002b28e740890 code [0x000002b28e740a60, 0x000002b28e740dd0]
Event: 13.088 Thread 0x000002b2e381df90 5654       3       java.lang.WeakPairMap$Pair$Weak::first (5 bytes)
Event: 13.088 Thread 0x000002b2e38de930 5655       3       java.util.Properties::loadConvert (540 bytes)
Event: 13.089 Thread 0x000002b2e381df90 nmethod 5654 0x000002b28e740f10 code [0x000002b28e7410a0, 0x000002b28e741248]
Event: 13.092 Thread 0x000002b2e38de930 nmethod 5655 0x000002b28e741310 code [0x000002b28e741600, 0x000002b28e7428a8]
Event: 13.102 Thread 0x000002b2e38de930 5656       3       com.google.inject.internal.DeclaredMembers$$Lambda/0x000002b2a3381110::apply (8 bytes)
Event: 13.103 Thread 0x000002b2e38de930 nmethod 5656 0x000002b28e742f10 code [0x000002b28e7430e0, 0x000002b28e7433c8]
Event: 13.253 Thread 0x000002b2e38de930 5657   !   3       java.util.regex.Pattern::<init> (144 bytes)
Event: 13.269 Thread 0x000002b2e38e0b40 5658       3       java.util.regex.Pattern::compile (10 bytes)
Event: 13.313 Thread 0x000002b2e381df90 5659       1       jdk.internal.event.ThreadSleepEvent::isEnabled (2 bytes)
Event: 13.359 Thread 0x000002b2e38df6d0 5661       3       java.lang.String::matches (6 bytes)
Event: 13.549 Thread 0x000002b28ab3a530 5665       4       java.util.regex.Pattern::atom (422 bytes)
Event: 13.566 Thread 0x000002b2e38e18e0 5666       4       java.util.regex.Pattern::newSlice (181 bytes)
Event: 14.042 Thread 0x000002b2e38e1210 5667       4       java.util.regex.Matcher::match (154 bytes)

GC Heap History (20 events):
Event: 8.506 GC heap before
{Heap before GC invocations=9 (full 1):
 PSYoungGen      total 28160K, used 4037K [0x00000000d5580000, 0x00000000d7680000, 0x0000000100000000)
  eden space 24064K, 0% used [0x00000000d5580000,0x00000000d5580000,0x00000000d6d00000)
  from space 4096K, 98% used [0x00000000d7280000,0x00000000d7671780,0x00000000d7680000)
  to   space 4608K, 0% used [0x00000000d6d80000,0x00000000d6d80000,0x00000000d7200000)
 ParOldGen       total 68608K, used 9314K [0x0000000080000000, 0x0000000084300000, 0x00000000d5580000)
  object space 68608K, 13% used [0x0000000080000000,0x0000000080918978,0x0000000084300000)
 Metaspace       used 20681K, committed 21504K, reserved 1114112K
  class space    used 2155K, committed 2560K, reserved 1048576K
}
Event: 8.576 GC heap after
{Heap after GC invocations=9 (full 1):
 PSYoungGen      total 28160K, used 0K [0x00000000d5580000, 0x00000000d7680000, 0x0000000100000000)
  eden space 24064K, 0% used [0x00000000d5580000,0x00000000d5580000,0x00000000d6d00000)
  from space 4096K, 0% used [0x00000000d7280000,0x00000000d7280000,0x00000000d7680000)
  to   space 4608K, 0% used [0x00000000d6d80000,0x00000000d6d80000,0x00000000d7200000)
 ParOldGen       total 68608K, used 12746K [0x0000000080000000, 0x0000000084300000, 0x00000000d5580000)
  object space 68608K, 18% used [0x0000000080000000,0x0000000080c728f0,0x0000000084300000)
 Metaspace       used 20668K, committed 21504K, reserved 1114112K
  class space    used 2152K, committed 2560K, reserved 1048576K
}
Event: 8.917 GC heap before
{Heap before GC invocations=10 (full 1):
 PSYoungGen      total 28160K, used 24064K [0x00000000d5580000, 0x00000000d7680000, 0x0000000100000000)
  eden space 24064K, 100% used [0x00000000d5580000,0x00000000d6d00000,0x00000000d6d00000)
  from space 4096K, 0% used [0x00000000d7280000,0x00000000d7280000,0x00000000d7680000)
  to   space 4608K, 0% used [0x00000000d6d80000,0x00000000d6d80000,0x00000000d7200000)
 ParOldGen       total 68608K, used 12746K [0x0000000080000000, 0x0000000084300000, 0x00000000d5580000)
  object space 68608K, 18% used [0x0000000080000000,0x0000000080c728f0,0x0000000084300000)
 Metaspace       used 22630K, committed 23552K, reserved 1114112K
  class space    used 2318K, committed 2688K, reserved 1048576K
}
Event: 8.919 GC heap after
{Heap after GC invocations=10 (full 1):
 PSYoungGen      total 25088K, used 1418K [0x00000000d5580000, 0x00000000d7300000, 0x0000000100000000)
  eden space 23552K, 0% used [0x00000000d5580000,0x00000000d5580000,0x00000000d6c80000)
  from space 1536K, 92% used [0x00000000d6d80000,0x00000000d6ee2b20,0x00000000d6f00000)
  to   space 2560K, 0% used [0x00000000d7080000,0x00000000d7080000,0x00000000d7300000)
 ParOldGen       total 68608K, used 12754K [0x0000000080000000, 0x0000000084300000, 0x00000000d5580000)
  object space 68608K, 18% used [0x0000000080000000,0x0000000080c748f0,0x0000000084300000)
 Metaspace       used 22630K, committed 23552K, reserved 1114112K
  class space    used 2318K, committed 2688K, reserved 1048576K
}
Event: 9.304 GC heap before
{Heap before GC invocations=11 (full 1):
 PSYoungGen      total 25088K, used 24970K [0x00000000d5580000, 0x00000000d7300000, 0x0000000100000000)
  eden space 23552K, 100% used [0x00000000d5580000,0x00000000d6c80000,0x00000000d6c80000)
  from space 1536K, 92% used [0x00000000d6d80000,0x00000000d6ee2b20,0x00000000d6f00000)
  to   space 2560K, 0% used [0x00000000d7080000,0x00000000d7080000,0x00000000d7300000)
 ParOldGen       total 68608K, used 12754K [0x0000000080000000, 0x0000000084300000, 0x00000000d5580000)
  object space 68608K, 18% used [0x0000000080000000,0x0000000080c748f0,0x0000000084300000)
 Metaspace       used 26445K, committed 27328K, reserved 1114112K
  class space    used 2600K, committed 2944K, reserved 1048576K
}
Event: 9.306 GC heap after
{Heap after GC invocations=11 (full 1):
 PSYoungGen      total 24576K, used 1233K [0x00000000d5580000, 0x00000000d7200000, 0x0000000100000000)
  eden space 23040K, 0% used [0x00000000d5580000,0x00000000d5580000,0x00000000d6c00000)
  from space 1536K, 80% used [0x00000000d7080000,0x00000000d71b46e0,0x00000000d7200000)
  to   space 1536K, 0% used [0x00000000d6f00000,0x00000000d6f00000,0x00000000d7080000)
 ParOldGen       total 68608K, used 12762K [0x0000000080000000, 0x0000000084300000, 0x00000000d5580000)
  object space 68608K, 18% used [0x0000000080000000,0x0000000080c768f0,0x0000000084300000)
 Metaspace       used 26445K, committed 27328K, reserved 1114112K
  class space    used 2600K, committed 2944K, reserved 1048576K
}
Event: 9.652 GC heap before
{Heap before GC invocations=12 (full 1):
 PSYoungGen      total 24576K, used 24273K [0x00000000d5580000, 0x00000000d7200000, 0x0000000100000000)
  eden space 23040K, 100% used [0x00000000d5580000,0x00000000d6c00000,0x00000000d6c00000)
  from space 1536K, 80% used [0x00000000d7080000,0x00000000d71b46e0,0x00000000d7200000)
  to   space 1536K, 0% used [0x00000000d6f00000,0x00000000d6f00000,0x00000000d7080000)
 ParOldGen       total 68608K, used 12762K [0x0000000080000000, 0x0000000084300000, 0x00000000d5580000)
  object space 68608K, 18% used [0x0000000080000000,0x0000000080c768f0,0x0000000084300000)
 Metaspace       used 28011K, committed 28928K, reserved 1114112K
  class space    used 2713K, committed 3136K, reserved 1048576K
}
Event: 9.657 GC heap after
{Heap after GC invocations=12 (full 1):
 PSYoungGen      total 24064K, used 1524K [0x00000000d5580000, 0x00000000d7280000, 0x0000000100000000)
  eden space 22528K, 0% used [0x00000000d5580000,0x00000000d5580000,0x00000000d6b80000)
  from space 1536K, 99% used [0x00000000d6f00000,0x00000000d707d250,0x00000000d7080000)
  to   space 2048K, 0% used [0x00000000d7080000,0x00000000d7080000,0x00000000d7280000)
 ParOldGen       total 68608K, used 14443K [0x0000000080000000, 0x0000000084300000, 0x00000000d5580000)
  object space 68608K, 21% used [0x0000000080000000,0x0000000080e1afb8,0x0000000084300000)
 Metaspace       used 28011K, committed 28928K, reserved 1114112K
  class space    used 2713K, committed 3136K, reserved 1048576K
}
Event: 10.249 GC heap before
{Heap before GC invocations=13 (full 1):
 PSYoungGen      total 24064K, used 24052K [0x00000000d5580000, 0x00000000d7280000, 0x0000000100000000)
  eden space 22528K, 100% used [0x00000000d5580000,0x00000000d6b80000,0x00000000d6b80000)
  from space 1536K, 99% used [0x00000000d6f00000,0x00000000d707d250,0x00000000d7080000)
  to   space 2048K, 0% used [0x00000000d7080000,0x00000000d7080000,0x00000000d7280000)
 ParOldGen       total 68608K, used 14443K [0x0000000080000000, 0x0000000084300000, 0x00000000d5580000)
  object space 68608K, 21% used [0x0000000080000000,0x0000000080e1afb8,0x0000000084300000)
 Metaspace       used 31291K, committed 32256K, reserved 1114112K
  class space    used 3103K, committed 3520K, reserved 1048576K
}
Event: 10.252 GC heap after
{Heap after GC invocations=13 (full 1):
 PSYoungGen      total 23552K, used 1519K [0x00000000d5580000, 0x00000000d7200000, 0x0000000100000000)
  eden space 22016K, 0% used [0x00000000d5580000,0x00000000d5580000,0x00000000d6b00000)
  from space 1536K, 98% used [0x00000000d7080000,0x00000000d71fbd78,0x00000000d7200000)
  to   space 2560K, 0% used [0x00000000d6d00000,0x00000000d6d00000,0x00000000d6f80000)
 ParOldGen       total 68608K, used 15811K [0x0000000080000000, 0x0000000084300000, 0x00000000d5580000)
  object space 68608K, 23% used [0x0000000080000000,0x0000000080f70cf8,0x0000000084300000)
 Metaspace       used 31291K, committed 32256K, reserved 1114112K
  class space    used 3103K, committed 3520K, reserved 1048576K
}
Event: 10.909 GC heap before
{Heap before GC invocations=14 (full 1):
 PSYoungGen      total 23552K, used 23535K [0x00000000d5580000, 0x00000000d7200000, 0x0000000100000000)
  eden space 22016K, 100% used [0x00000000d5580000,0x00000000d6b00000,0x00000000d6b00000)
  from space 1536K, 98% used [0x00000000d7080000,0x00000000d71fbd78,0x00000000d7200000)
  to   space 2560K, 0% used [0x00000000d6d00000,0x00000000d6d00000,0x00000000d6f80000)
 ParOldGen       total 68608K, used 15811K [0x0000000080000000, 0x0000000084300000, 0x00000000d5580000)
  object space 68608K, 23% used [0x0000000080000000,0x0000000080f70cf8,0x0000000084300000)
 Metaspace       used 34077K, committed 35200K, reserved 1114112K
  class space    used 3476K, committed 3968K, reserved 1048576K
}
Event: 10.915 GC heap after
{Heap after GC invocations=14 (full 1):
 PSYoungGen      total 24064K, used 1694K [0x00000000d5580000, 0x00000000d7100000, 0x0000000100000000)
  eden space 22016K, 0% used [0x00000000d5580000,0x00000000d5580000,0x00000000d6b00000)
  from space 2048K, 82% used [0x00000000d6d00000,0x00000000d6ea7880,0x00000000d6f00000)
  to   space 2048K, 0% used [0x00000000d6f00000,0x00000000d6f00000,0x00000000d7100000)
 ParOldGen       total 68608K, used 17049K [0x0000000080000000, 0x0000000084300000, 0x00000000d5580000)
  object space 68608K, 24% used [0x0000000080000000,0x00000000810a67f0,0x0000000084300000)
 Metaspace       used 34077K, committed 35200K, reserved 1114112K
  class space    used 3476K, committed 3968K, reserved 1048576K
}
Event: 11.084 GC heap before
{Heap before GC invocations=15 (full 1):
 PSYoungGen      total 24064K, used 7315K [0x00000000d5580000, 0x00000000d7100000, 0x0000000100000000)
  eden space 22016K, 25% used [0x00000000d5580000,0x00000000d5afd440,0x00000000d6b00000)
  from space 2048K, 82% used [0x00000000d6d00000,0x00000000d6ea7880,0x00000000d6f00000)
  to   space 2048K, 0% used [0x00000000d6f00000,0x00000000d6f00000,0x00000000d7100000)
 ParOldGen       total 68608K, used 17049K [0x0000000080000000, 0x0000000084300000, 0x00000000d5580000)
  object space 68608K, 24% used [0x0000000080000000,0x00000000810a67f0,0x0000000084300000)
 Metaspace       used 34706K, committed 35840K, reserved 1114112K
  class space    used 3558K, committed 4096K, reserved 1048576K
}
Event: 11.086 GC heap after
{Heap after GC invocations=15 (full 1):
 PSYoungGen      total 22528K, used 480K [0x00000000d5580000, 0x00000000d6f80000, 0x0000000100000000)
  eden space 22016K, 0% used [0x00000000d5580000,0x00000000d5580000,0x00000000d6b00000)
  from space 512K, 93% used [0x00000000d6f00000,0x00000000d6f78000,0x00000000d6f80000)
  to   space 1024K, 0% used [0x00000000d6d80000,0x00000000d6d80000,0x00000000d6e80000)
 ParOldGen       total 68608K, used 18499K [0x0000000080000000, 0x0000000084300000, 0x00000000d5580000)
  object space 68608K, 26% used [0x0000000080000000,0x0000000081210f18,0x0000000084300000)
 Metaspace       used 34706K, committed 35840K, reserved 1114112K
  class space    used 3558K, committed 4096K, reserved 1048576K
}
Event: 11.086 GC heap before
{Heap before GC invocations=16 (full 2):
 PSYoungGen      total 22528K, used 480K [0x00000000d5580000, 0x00000000d6f80000, 0x0000000100000000)
  eden space 22016K, 0% used [0x00000000d5580000,0x00000000d5580000,0x00000000d6b00000)
  from space 512K, 93% used [0x00000000d6f00000,0x00000000d6f78000,0x00000000d6f80000)
  to   space 1024K, 0% used [0x00000000d6d80000,0x00000000d6d80000,0x00000000d6e80000)
 ParOldGen       total 68608K, used 18499K [0x0000000080000000, 0x0000000084300000, 0x00000000d5580000)
  object space 68608K, 26% used [0x0000000080000000,0x0000000081210f18,0x0000000084300000)
 Metaspace       used 34706K, committed 35840K, reserved 1114112K
  class space    used 3558K, committed 4096K, reserved 1048576K
}
Event: 11.197 GC heap after
{Heap after GC invocations=16 (full 2):
 PSYoungGen      total 22528K, used 0K [0x00000000d5580000, 0x00000000d6f80000, 0x0000000100000000)
  eden space 22016K, 0% used [0x00000000d5580000,0x00000000d5580000,0x00000000d6b00000)
  from space 512K, 0% used [0x00000000d6f00000,0x00000000d6f00000,0x00000000d6f80000)
  to   space 1024K, 0% used [0x00000000d6d80000,0x00000000d6d80000,0x00000000d6e80000)
 ParOldGen       total 68608K, used 17997K [0x0000000080000000, 0x0000000084300000, 0x00000000d5580000)
  object space 68608K, 26% used [0x0000000080000000,0x0000000081193428,0x0000000084300000)
 Metaspace       used 34692K, committed 35840K, reserved 1114112K
  class space    used 3554K, committed 4096K, reserved 1048576K
}
Event: 11.902 GC heap before
{Heap before GC invocations=17 (full 2):
 PSYoungGen      total 22528K, used 22016K [0x00000000d5580000, 0x00000000d6f80000, 0x0000000100000000)
  eden space 22016K, 100% used [0x00000000d5580000,0x00000000d6b00000,0x00000000d6b00000)
  from space 512K, 0% used [0x00000000d6f00000,0x00000000d6f00000,0x00000000d6f80000)
  to   space 1024K, 0% used [0x00000000d6d80000,0x00000000d6d80000,0x00000000d6e80000)
 ParOldGen       total 68608K, used 17997K [0x0000000080000000, 0x0000000084300000, 0x00000000d5580000)
  object space 68608K, 26% used [0x0000000080000000,0x0000000081193428,0x0000000084300000)
 Metaspace       used 36183K, committed 37376K, reserved 1114112K
  class space    used 3765K, committed 4288K, reserved 1048576K
}
Event: 11.907 GC heap after
{Heap after GC invocations=17 (full 2):
 PSYoungGen      total 23040K, used 1024K [0x00000000d5580000, 0x00000000d7000000, 0x0000000100000000)
  eden space 22016K, 0% used [0x00000000d5580000,0x00000000d5580000,0x00000000d6b00000)
  from space 1024K, 100% used [0x00000000d6d80000,0x00000000d6e80000,0x00000000d6e80000)
  to   space 1536K, 0% used [0x00000000d6e80000,0x00000000d6e80000,0x00000000d7000000)
 ParOldGen       total 68608K, used 19082K [0x0000000080000000, 0x0000000084300000, 0x00000000d5580000)
  object space 68608K, 27% used [0x0000000080000000,0x00000000812a29a8,0x0000000084300000)
 Metaspace       used 36183K, committed 37376K, reserved 1114112K
  class space    used 3765K, committed 4288K, reserved 1048576K
}
Event: 12.755 GC heap before
{Heap before GC invocations=18 (full 2):
 PSYoungGen      total 23040K, used 23040K [0x00000000d5580000, 0x00000000d7000000, 0x0000000100000000)
  eden space 22016K, 100% used [0x00000000d5580000,0x00000000d6b00000,0x00000000d6b00000)
  from space 1024K, 100% used [0x00000000d6d80000,0x00000000d6e80000,0x00000000d6e80000)
  to   space 1536K, 0% used [0x00000000d6e80000,0x00000000d6e80000,0x00000000d7000000)
 ParOldGen       total 68608K, used 19082K [0x0000000080000000, 0x0000000084300000, 0x00000000d5580000)
  object space 68608K, 27% used [0x0000000080000000,0x00000000812a29a8,0x0000000084300000)
 Metaspace       used 38132K, committed 39296K, reserved 1114112K
  class space    used 3992K, committed 4544K, reserved 1048576K
}
Event: 12.761 GC heap after
{Heap after GC invocations=18 (full 2):
 PSYoungGen      total 23040K, used 928K [0x00000000d5580000, 0x00000000d6f80000, 0x0000000100000000)
  eden space 22016K, 0% used [0x00000000d5580000,0x00000000d5580000,0x00000000d6b00000)
  from space 1024K, 90% used [0x00000000d6e80000,0x00000000d6f68000,0x00000000d6f80000)
  to   space 1536K, 0% used [0x00000000d6c80000,0x00000000d6c80000,0x00000000d6e00000)
 ParOldGen       total 68608K, used 20119K [0x0000000080000000, 0x0000000084300000, 0x00000000d5580000)
  object space 68608K, 29% used [0x0000000080000000,0x00000000813a5f28,0x0000000084300000)
 Metaspace       used 38132K, committed 39296K, reserved 1114112K
  class space    used 3992K, committed 4544K, reserved 1048576K
}

Dll operation events (10 events):
Event: 0.020 Loaded shared library c:\Users\kumar\.vscode\extensions\redhat.java-1.55.0-win32-x64\jre\21.0.11-win32-x86_64\bin\java.dll
Event: 0.119 Loaded shared library c:\Users\kumar\.vscode\extensions\redhat.java-1.55.0-win32-x64\jre\21.0.11-win32-x86_64\bin\zip.dll
Event: 0.150 Loaded shared library C:\Users\kumar\.vscode\extensions\redhat.java-1.55.0-win32-x64\jre\21.0.11-win32-x86_64\bin\instrument.dll
Event: 0.157 Loaded shared library C:\Users\kumar\.vscode\extensions\redhat.java-1.55.0-win32-x64\jre\21.0.11-win32-x86_64\bin\net.dll
Event: 0.160 Loaded shared library C:\Users\kumar\.vscode\extensions\redhat.java-1.55.0-win32-x64\jre\21.0.11-win32-x86_64\bin\nio.dll
Event: 0.165 Loaded shared library C:\Users\kumar\.vscode\extensions\redhat.java-1.55.0-win32-x64\jre\21.0.11-win32-x86_64\bin\zip.dll
Event: 0.193 Loaded shared library C:\Users\kumar\.vscode\extensions\redhat.java-1.55.0-win32-x64\jre\21.0.11-win32-x86_64\bin\jimage.dll
Event: 0.311 Loaded shared library c:\Users\kumar\.vscode\extensions\redhat.java-1.55.0-win32-x64\jre\21.0.11-win32-x86_64\bin\verify.dll
Event: 1.617 Loaded shared library C:\Users\kumar\AppData\Roaming\Code\User\globalStorage\redhat.java\1.55.0\config_win\org.eclipse.equinox.launcher\org.eclipse.equinox.launcher.win32.win32.x86_64_1.3.100.v20260613-0559\eclipse_11924.dll
Event: 7.466 Loaded shared library C:\Users\kumar\AppData\Local\Temp\jna-102410164\jna10266645757146138811.dll

Deoptimization events (20 events):
Event: 12.991 Thread 0x000002b2eab0ad20 Uncommon trap: trap_request=0xffffffde fr.pc=0x000002b2958e05b8 relative=0x0000000000000498
Event: 12.992 Thread 0x000002b2eab0ad20 Uncommon trap: reason=class_check action=maybe_recompile pc=0x000002b2958e05b8 method=java.lang.reflect.Executable.declaredAnnotations()Ljava/util/Map; @ 23 c2
Event: 12.992 Thread 0x000002b2eab0ad20 DEOPT PACKING pc=0x000002b2958e05b8 sp=0x000000d44cffdfb0
Event: 12.992 Thread 0x000002b2eab0ad20 DEOPT UNPACKING pc=0x000002b295123aa2 sp=0x000000d44cffdf78 mode 2
Event: 12.992 Thread 0x000002b2eab0ad20 Uncommon trap: trap_request=0xffffffde fr.pc=0x000002b2958e05b8 relative=0x0000000000000498
Event: 12.992 Thread 0x000002b2eab0ad20 Uncommon trap: reason=class_check action=maybe_recompile pc=0x000002b2958e05b8 method=java.lang.reflect.Executable.declaredAnnotations()Ljava/util/Map; @ 23 c2
Event: 12.993 Thread 0x000002b2eab0ad20 DEOPT PACKING pc=0x000002b2958e05b8 sp=0x000000d44cffdf10
Event: 12.993 Thread 0x000002b2eab0ad20 DEOPT UNPACKING pc=0x000002b295123aa2 sp=0x000000d44cffdee0 mode 2
Event: 12.993 Thread 0x000002b2eab0ad20 Uncommon trap: trap_request=0xffffffde fr.pc=0x000002b2958e05b8 relative=0x0000000000000498
Event: 12.993 Thread 0x000002b2eab0ad20 Uncommon trap: reason=class_check action=maybe_recompile pc=0x000002b2958e05b8 method=java.lang.reflect.Executable.declaredAnnotations()Ljava/util/Map; @ 23 c2
Event: 12.993 Thread 0x000002b2eab0ad20 DEOPT PACKING pc=0x000002b2958e05b8 sp=0x000000d44cffdfb0
Event: 12.993 Thread 0x000002b2eab0ad20 DEOPT UNPACKING pc=0x000002b295123aa2 sp=0x000000d44cffdf78 mode 2
Event: 12.994 Thread 0x000002b2eab0ad20 Uncommon trap: trap_request=0xffffffde fr.pc=0x000002b2958e05b8 relative=0x0000000000000498
Event: 12.994 Thread 0x000002b2eab0ad20 Uncommon trap: reason=class_check action=maybe_recompile pc=0x000002b2958e05b8 method=java.lang.reflect.Executable.declaredAnnotations()Ljava/util/Map; @ 23 c2
Event: 12.994 Thread 0x000002b2eab0ad20 DEOPT PACKING pc=0x000002b2958e05b8 sp=0x000000d44cffdf10
Event: 12.994 Thread 0x000002b2eab0ad20 DEOPT UNPACKING pc=0x000002b295123aa2 sp=0x000000d44cffdee0 mode 2
Event: 13.052 Thread 0x000002b2ed542a80 Uncommon trap: trap_request=0xffffff45 fr.pc=0x000002b295a33c44 relative=0x0000000000000b44
Event: 13.052 Thread 0x000002b2ed542a80 Uncommon trap: reason=unstable_if action=reinterpret pc=0x000002b295a33c44 method=org.eclipse.osgi.internal.loader.BundleLoader.getPackageName(Ljava/lang/String;)Ljava/lang/String; @ 12 c2
Event: 13.052 Thread 0x000002b2ed542a80 DEOPT PACKING pc=0x000002b295a33c44 sp=0x000000d44f1fdef0
Event: 13.052 Thread 0x000002b2ed542a80 DEOPT UNPACKING pc=0x000002b295123aa2 sp=0x000000d44f1fde60 mode 2

Classes loaded (20 events):
Event: 12.272 Loading class sun/util/locale/provider/CalendarNameProviderImpl done
Event: 12.272 Loading class sun/util/cldr/CLDRCalendarNameProviderImpl done
Event: 12.273 Loading class sun/util/locale/provider/BaseLocaleDataMetaInfo
Event: 12.274 Loading class sun/util/locale/provider/BaseLocaleDataMetaInfo done
Event: 12.279 Loading class sun/util/locale/provider/CalendarNameProviderImpl$LengthBasedComparator
Event: 12.280 Loading class sun/util/locale/provider/CalendarNameProviderImpl$LengthBasedComparator done
Event: 12.306 Loading class java/io/PrintWriter$1
Event: 12.306 Loading class jdk/internal/access/JavaIOPrintWriterAccess
Event: 12.306 Loading class jdk/internal/access/JavaIOPrintWriterAccess done
Event: 12.306 Loading class java/io/PrintWriter$1 done
Event: 12.314 Loading class java/time/format/DateTimeParseContext
Event: 12.315 Loading class java/time/format/DateTimeParseContext done
Event: 12.315 Loading class java/time/format/Parsed
Event: 12.316 Loading class java/time/format/Parsed done
Event: 12.606 Loading class sun/reflect/generics/repository/FieldRepository
Event: 12.607 Loading class sun/reflect/generics/repository/FieldRepository done
Event: 12.949 Loading class sun/reflect/annotation/AnnotatedTypeFactory$AnnotatedParameterizedTypeImpl
Event: 12.950 Loading class java/lang/reflect/AnnotatedParameterizedType
Event: 12.950 Loading class java/lang/reflect/AnnotatedParameterizedType done
Event: 12.950 Loading class sun/reflect/annotation/AnnotatedTypeFactory$AnnotatedParameterizedTypeImpl done

Classes unloaded (15 events):
Event: 8.518 Thread 0x000002b28aa124b0 Unloading class 0x000002b2a31a6800 'java/lang/invoke/LambdaForm$MH+0x000002b2a31a6800'
Event: 8.518 Thread 0x000002b28aa124b0 Unloading class 0x000002b2a31a6400 'java/lang/invoke/LambdaForm$MH+0x000002b2a31a6400'
Event: 8.518 Thread 0x000002b28aa124b0 Unloading class 0x000002b2a31a6000 'java/lang/invoke/LambdaForm$MH+0x000002b2a31a6000'
Event: 8.518 Thread 0x000002b28aa124b0 Unloading class 0x000002b2a31a5c00 'java/lang/invoke/LambdaForm$MH+0x000002b2a31a5c00'
Event: 8.518 Thread 0x000002b28aa124b0 Unloading class 0x000002b2a31a5800 'java/lang/invoke/LambdaForm$BMH+0x000002b2a31a5800'
Event: 8.518 Thread 0x000002b28aa124b0 Unloading class 0x000002b2a31a5400 'java/lang/invoke/LambdaForm$DMH+0x000002b2a31a5400'
Event: 8.518 Thread 0x000002b28aa124b0 Unloading class 0x000002b2a31a4000 'java/lang/invoke/LambdaForm$DMH+0x000002b2a31a4000'
Event: 11.100 Thread 0x000002b28aa124b0 Unloading class 0x000002b2a3320c00 'java/lang/invoke/LambdaForm$MH+0x000002b2a3320c00'
Event: 11.100 Thread 0x000002b28aa124b0 Unloading class 0x000002b2a3320000 'java/lang/invoke/LambdaForm$MH+0x000002b2a3320000'
Event: 11.100 Thread 0x000002b28aa124b0 Unloading class 0x000002b2a331ac00 'java/lang/invoke/LambdaForm$MH+0x000002b2a331ac00'
Event: 11.100 Thread 0x000002b28aa124b0 Unloading class 0x000002b2a331a400 'java/lang/invoke/LambdaForm$MH+0x000002b2a331a400'
Event: 11.100 Thread 0x000002b28aa124b0 Unloading class 0x000002b2a3319c00 'java/lang/invoke/LambdaForm$MH+0x000002b2a3319c00'
Event: 11.100 Thread 0x000002b28aa124b0 Unloading class 0x000002b2a3319400 'java/lang/invoke/LambdaForm$MH+0x000002b2a3319400'
Event: 11.100 Thread 0x000002b28aa124b0 Unloading class 0x000002b2a3318800 'java/lang/invoke/LambdaForm$MH+0x000002b2a3318800'
Event: 11.100 Thread 0x000002b28aa124b0 Unloading class 0x000002b2a3318000 'java/lang/invoke/LambdaForm$MH+0x000002b2a3318000'

Classes redefined (0 events):
No events

Internal exceptions (20 events):
Event: 9.728 Thread 0x000002b2eab0b3b0 Exception <a 'java/lang/NoSuchMethodError'{0x00000000d5900f08}: 'int java.lang.invoke.DirectMethodHandle$Holder.invokeSpecial(java.lang.Object, java.lang.Object, java.lang.Object, java.lang.Object)'> (0x00000000d5900f08) 
thrown [s\src\hotspot\share\interpreter\linkResolver.cpp, line 773]
Event: 9.731 Thread 0x000002b2eab0b3b0 Exception <a 'java/lang/NoSuchMethodError'{0x00000000d591e930}: 'java.lang.Object java.lang.invoke.DirectMethodHandle$Holder.invokeStatic(java.lang.Object, int, java.lang.Object, java.lang.Object)'> (0x00000000d591e930) 
thrown [s\src\hotspot\share\interpreter\linkResolver.cpp, line 773]
Event: 9.732 Thread 0x000002b2eab0b3b0 Exception <a 'java/lang/NoSuchMethodError'{0x00000000d5922130}: 'java.lang.Object java.lang.invoke.DelegatingMethodHandle$Holder.delegate(java.lang.Object, int, java.lang.Object, java.lang.Object)'> (0x00000000d5922130) 
thrown [s\src\hotspot\share\interpreter\linkResolver.cpp, line 773]
Event: 9.737 Thread 0x000002b2eab0b3b0 Implicit null exception at 0x000002b295a1e8f6 to 0x000002b295a1ec18
Event: 9.742 Thread 0x000002b2eab0b3b0 Exception <a 'java/lang/NoSuchMethodError'{0x00000000d59b1990}: 'int java.lang.invoke.Invokers$Holder.linkToTargetMethod(java.lang.Object, java.lang.Object, java.lang.Object)'> (0x00000000d59b1990) 
thrown [s\src\hotspot\share\interpreter\linkResolver.cpp, line 773]
Event: 9.831 Thread 0x000002b2eab0ad20 Exception <a 'java/lang/NoSuchMethodError'{0x00000000d5d3bda8}: 'java.lang.Object java.lang.invoke.DirectMethodHandle$Holder.invokeSpecialIFC(java.lang.Object, java.lang.Object, java.lang.Object, java.lang.Object)'> (0x00000000d5d3bda8) 
thrown [s\src\hotspot\share\interpreter\linkResolver.cpp, line 773]
Event: 9.939 Thread 0x000002b28ab35080 Exception <a 'java/lang/ClassNotFoundException'{0x00000000d62fbc10}: com/sun/org/apache/xml/internal/serializer/spi/XMLEntitiesProvider> (0x00000000d62fbc10) 
thrown [s\src\hotspot\share\classfile\systemDictionary.cpp, line 313]
Event: 10.197 Thread 0x000002b28ab35080 Exception <a 'java/io/FileNotFoundException'{0x00000000d6a87848}> (0x00000000d6a87848) 
thrown [s\src\hotspot\share\prims\jni.cpp, line 520]
Event: 10.307 Thread 0x000002b28ab35080 Exception <a 'java/lang/UnsatisfiedLinkError'{0x00000000d5696328}: The specified procedure could not be found.
> (0x00000000d5696328) 
thrown [s\src\hotspot\share\prims\jni.cpp, line 539]
Event: 10.321 Thread 0x000002b28ab35080 Exception <a 'java/io/FileNotFoundException'{0x00000000d56f5798}> (0x00000000d56f5798) 
thrown [s\src\hotspot\share\prims\jni.cpp, line 520]
Event: 10.375 Thread 0x000002b28ab35080 Exception <a 'java/io/FileNotFoundException'{0x00000000d57d0f58}> (0x00000000d57d0f58) 
thrown [s\src\hotspot\share\prims\jni.cpp, line 520]
Event: 10.395 Thread 0x000002b28ab35080 Exception <a 'java/lang/UnsatisfiedLinkError'{0x00000000d5846358}: The specified procedure could not be found.
> (0x00000000d5846358) 
thrown [s\src\hotspot\share\prims\jni.cpp, line 539]
Event: 10.690 Thread 0x000002b2eab0d480 Exception <a 'java/lang/NoSuchMethodError'{0x00000000d5f87180}: 'void java.lang.invoke.DirectMethodHandle$Holder.invokeStaticInit(java.lang.Object, java.lang.Object, java.lang.Object, java.lang.Object)'> (0x00000000d5f87180) 
thrown [s\src\hotspot\share\interpreter\linkResolver.cpp, line 773]
Event: 10.867 Thread 0x000002b28aa7b210 Exception <a 'java/lang/NoSuchMethodError'{0x00000000d6962de8}: 'java.lang.Object java.lang.invoke.DirectMethodHandle$Holder.invokeStatic(java.lang.Object, long, java.lang.Object)'> (0x00000000d6962de8) 
thrown [s\src\hotspot\share\interpreter\linkResolver.cpp, line 773]
Event: 10.870 Thread 0x000002b28aa7b210 Exception <a 'java/lang/NoSuchMethodError'{0x00000000d6966960}: 'java.lang.Object java.lang.invoke.DirectMethodHandle$Holder.invokeStaticInit(java.lang.Object, long, java.lang.Object)'> (0x00000000d6966960) 
thrown [s\src\hotspot\share\interpreter\linkResolver.cpp, line 773]
Event: 10.875 Thread 0x000002b28aa7b210 Exception <a 'java/lang/NoSuchMethodError'{0x00000000d69c62e8}: 'java.lang.Object java.lang.invoke.DirectMethodHandle$Holder.newInvokeSpecial(java.lang.Object, long)'> (0x00000000d69c62e8) 
thrown [s\src\hotspot\share\interpreter\linkResolver.cpp, line 773]
Event: 11.390 Thread 0x000002b2eab0ad20 Exception <a 'java/lang/NoClassDefFoundError'{0x00000000d5afe990}: javax/enterprise/inject/Typed> (0x00000000d5afe990) 
thrown [s\src\hotspot\share\classfile\systemDictionary.cpp, line 302]
Event: 12.117 Thread 0x000002b28aa7b210 Exception <a 'java/lang/NoSuchMethodError'{0x00000000d5ba7730}: 'void java.lang.invoke.DirectMethodHandle$Holder.invokeSpecial(java.lang.Object, java.lang.Object, java.lang.Object, java.lang.Object, java.lang.Object, java.lang.Object)'> (0x00000000d5ba7730) 
thrown [s\src\hotspot\share\interpreter\linkResolver.cpp, line 773]
Event: 12.123 Thread 0x000002b28aa7b210 Exception <a 'java/lang/IncompatibleClassChangeError'{0x00000000d5baf810}: Found class java.lang.Object, but interface was expected> (0x00000000d5baf810) 
thrown [s\src\hotspot\share\interpreter\linkResolver.cpp, line 840]
Event: 12.124 Thread 0x000002b28aa7b210 Exception <a 'java/lang/IncompatibleClassChangeError'{0x00000000d5bb0988}: Found class java.lang.Object, but interface was expected> (0x00000000d5bb0988) 
thrown [s\src\hotspot\share\interpreter\linkResolver.cpp, line 840]

ZGC Phase Switch (0 events):
No events

VM Operations (20 events):
Event: 9.943 Executing non-safepoint VM operation: HandshakeAllThreads (Deoptimize)
Event: 9.943 Executing non-safepoint VM operation: HandshakeAllThreads (Deoptimize) done
Event: 9.999 Executing non-safepoint VM operation: HandshakeAllThreads (Deoptimize)
Event: 9.999 Executing non-safepoint VM operation: HandshakeAllThreads (Deoptimize) done
Event: 10.233 Executing safepoint VM operation: ParallelGCFailedAllocation (Allocation Failure)
Event: 10.252 Executing safepoint VM operation: ParallelGCFailedAllocation (Allocation Failure) done
Event: 10.908 Executing safepoint VM operation: ParallelGCFailedAllocation (Allocation Failure)
Event: 10.915 Executing safepoint VM operation: ParallelGCFailedAllocation (Allocation Failure) done
Event: 11.071 Executing safepoint VM operation: CollectForMetadataAllocation (Metadata GC Threshold)
Event: 11.197 Executing safepoint VM operation: CollectForMetadataAllocation (Metadata GC Threshold) done
Event: 11.337 Executing non-safepoint VM operation: HandshakeAllThreads (Deoptimize)
Event: 11.340 Executing non-safepoint VM operation: HandshakeAllThreads (Deoptimize) done
Event: 11.902 Executing safepoint VM operation: ParallelGCFailedAllocation (Allocation Failure)
Event: 11.907 Executing safepoint VM operation: ParallelGCFailedAllocation (Allocation Failure) done
Event: 12.755 Executing safepoint VM operation: ParallelGCFailedAllocation (Allocation Failure)
Event: 12.761 Executing safepoint VM operation: ParallelGCFailedAllocation (Allocation Failure) done
Event: 13.131 Executing non-safepoint VM operation: HandshakeAllThreads (Deoptimize)
Event: 13.131 Executing non-safepoint VM operation: HandshakeAllThreads (Deoptimize) done
Event: 14.133 Executing safepoint VM operation: Cleanup
Event: 14.133 Executing safepoint VM operation: Cleanup done

Memory protections (0 events):
No events

Nmethod flushes (20 events):
Event: 11.136 Thread 0x000002b28aa124b0 flushing  nmethod 0x000002b28e2b8890
Event: 11.136 Thread 0x000002b28aa124b0 flushing  nmethod 0x000002b28e33e110
Event: 11.136 Thread 0x000002b28aa124b0 flushing  nmethod 0x000002b28e394110
Event: 11.136 Thread 0x000002b28aa124b0 flushing  nmethod 0x000002b28e3c7710
Event: 11.136 Thread 0x000002b28aa124b0 flushing  nmethod 0x000002b28e3f4810
Event: 11.136 Thread 0x000002b28aa124b0 flushing  nmethod 0x000002b28e3f4c10
Event: 11.136 Thread 0x000002b28aa124b0 flushing  nmethod 0x000002b28e3f5510
Event: 11.136 Thread 0x000002b28aa124b0 flushing  nmethod 0x000002b28e3f6710
Event: 11.136 Thread 0x000002b28aa124b0 flushing  nmethod 0x000002b28e3f6f10
Event: 11.136 Thread 0x000002b28aa124b0 flushing  nmethod 0x000002b28e3f8c10
Event: 11.136 Thread 0x000002b28aa124b0 flushing  nmethod 0x000002b28e3f9110
Event: 11.136 Thread 0x000002b28aa124b0 flushing  nmethod 0x000002b28e3f9610
Event: 11.136 Thread 0x000002b28aa124b0 flushing  nmethod 0x000002b28e3f9a10
Event: 11.136 Thread 0x000002b28aa124b0 flushing  nmethod 0x000002b28e3f9e90
Event: 11.136 Thread 0x000002b28aa124b0 flushing  nmethod 0x000002b28e3faa10
Event: 11.136 Thread 0x000002b28aa124b0 flushing  nmethod 0x000002b28e3fc490
Event: 11.136 Thread 0x000002b28aa124b0 flushing  nmethod 0x000002b28e3fdf10
Event: 11.136 Thread 0x000002b28aa124b0 flushing  nmethod 0x000002b28e468290
Event: 11.136 Thread 0x000002b28aa124b0 flushing  nmethod 0x000002b28e46ed10
Event: 11.136 Thread 0x000002b28aa124b0 flushing  nmethod 0x000002b28e4f2d10

Events (20 events):
Event: 10.905 Thread 0x000002b28aa7b210 Thread added: 0x000002b2eab0ba40
Event: 10.906 Thread 0x000002b28aa7b210 Thread added: 0x000002b2eab0f550
Event: 10.906 Thread 0x000002b28aa7b210 Thread added: 0x000002b2eab10900
Event: 10.907 Thread 0x000002b28aa7b210 Thread added: 0x000002b2eab0fbe0
Event: 10.908 Thread 0x000002b28aa7b210 Thread added: 0x000002b2eab11cb0
Event: 10.908 Thread 0x000002b28aa7b210 Thread added: 0x000002b2eab12340
Event: 10.916 Thread 0x000002b28aa7b210 Thread added: 0x000002b2eab10270
Event: 10.917 Thread 0x000002b28aa7b210 Thread added: 0x000002b2eab10f90
Event: 10.917 Thread 0x000002b28aa7b210 Thread added: 0x000002b2eab11620
Event: 10.918 Thread 0x000002b28aa7b210 Thread added: 0x000002b2ed540320
Event: 10.919 Thread 0x000002b28aa7b210 Thread added: 0x000002b2ed5409b0
Event: 10.919 Thread 0x000002b28aa7b210 Thread added: 0x000002b2ed53fc90
Event: 10.920 Thread 0x000002b28aa7b210 Thread added: 0x000002b2ed5416d0
Event: 10.921 Thread 0x000002b28aa7b210 Thread added: 0x000002b2ed541040
Event: 10.921 Thread 0x000002b28aa7b210 Thread added: 0x000002b2ed5444c0
Event: 10.922 Thread 0x000002b28aa7b210 Thread added: 0x000002b2ed541d60
Event: 10.922 Thread 0x000002b28aa7b210 Thread added: 0x000002b2ed544b50
Event: 10.973 Thread 0x000002b28aa7b210 Thread added: 0x000002b2ed5451e0
Event: 12.256 Thread 0x000002b28aa7b210 Thread added: 0x000002b2ed5423f0
Event: 12.257 Thread 0x000002b28aa7b210 Thread added: 0x000002b2ed542a80


Dynamic libraries:
0x00007ff7376b0000 - 0x00007ff7376be000 	c:\Users\kumar\.vscode\extensions\redhat.java-1.55.0-win32-x64\jre\21.0.11-win32-x86_64\bin\java.exe
0x00007ff85ad20000 - 0x00007ff85af86000 	C:\WINDOWS\SYSTEM32\ntdll.dll
0x00007ff8597f0000 - 0x00007ff8598b9000 	C:\WINDOWS\System32\KERNEL32.DLL
0x00007ff858690000 - 0x00007ff858a8a000 	C:\WINDOWS\System32\KERNELBASE.dll
0x00007ff858040000 - 0x00007ff85818c000 	C:\WINDOWS\System32\ucrtbase.dll
0x00007ff8439b0000 - 0x00007ff8439c8000 	c:\Users\kumar\.vscode\extensions\redhat.java-1.55.0-win32-x64\jre\21.0.11-win32-x86_64\bin\jli.dll
0x00007ff843990000 - 0x00007ff8439ae000 	c:\Users\kumar\.vscode\extensions\redhat.java-1.55.0-win32-x64\jre\21.0.11-win32-x86_64\bin\VCRUNTIME140.dll
0x00007ff8593c0000 - 0x00007ff859587000 	C:\WINDOWS\System32\USER32.dll
0x00007ff8583c0000 - 0x00007ff8583e7000 	C:\WINDOWS\System32\win32u.dll
0x00007ff834430000 - 0x00007ff8346c2000 	C:\WINDOWS\WinSxS\amd64_microsoft.windows.common-controls_6595b64144ccf1df_6.0.26100.8521_none_3e08b75ce33403b3\COMCTL32.dll
0x00007ff858dc0000 - 0x00007ff858deb000 	C:\WINDOWS\System32\GDI32.dll
0x00007ff859310000 - 0x00007ff8593b9000 	C:\WINDOWS\System32\msvcrt.dll
0x00007ff8584b0000 - 0x00007ff8585db000 	C:\WINDOWS\System32\gdi32full.dll
0x00007ff858190000 - 0x00007ff858233000 	C:\WINDOWS\System32\msvcp_win.dll
0x00007ff858cb0000 - 0x00007ff858ce2000 	C:\WINDOWS\System32\IMM32.DLL
0x00007ff843980000 - 0x00007ff84398c000 	c:\Users\kumar\.vscode\extensions\redhat.java-1.55.0-win32-x64\jre\21.0.11-win32-x86_64\bin\vcruntime140_1.dll
0x00007ff8227f0000 - 0x00007ff82287d000 	c:\Users\kumar\.vscode\extensions\redhat.java-1.55.0-win32-x64\jre\21.0.11-win32-x86_64\bin\msvcp140.dll
0x00007fffbcea0000 - 0x00007fffbdc42000 	c:\Users\kumar\.vscode\extensions\redhat.java-1.55.0-win32-x64\jre\21.0.11-win32-x86_64\bin\server\jvm.dll
0x00007ff858bf0000 - 0x00007ff858ca6000 	C:\WINDOWS\System32\ADVAPI32.dll
0x00007ff85a670000 - 0x00007ff85a71a000 	C:\WINDOWS\System32\sechost.dll
0x00007ff85a7a0000 - 0x00007ff85a8b8000 	C:\WINDOWS\System32\RPCRT4.dll
0x00007ff858ef0000 - 0x00007ff858f70000 	C:\WINDOWS\System32\WS2_32.dll
0x00007ff857e10000 - 0x00007ff857e6e000 	C:\WINDOWS\SYSTEM32\POWRPROF.dll
0x00007ff84d650000 - 0x00007ff84d65b000 	C:\WINDOWS\SYSTEM32\VERSION.dll
0x00007ff84a8d0000 - 0x00007ff84a906000 	C:\WINDOWS\SYSTEM32\WINMM.dll
0x00007ff857df0000 - 0x00007ff857e04000 	C:\WINDOWS\SYSTEM32\UMPDC.dll
0x00007ff856d40000 - 0x00007ff856d5b000 	C:\WINDOWS\SYSTEM32\kernel.appcore.dll
0x00007ff8388d0000 - 0x00007ff8388da000 	c:\Users\kumar\.vscode\extensions\redhat.java-1.55.0-win32-x64\jre\21.0.11-win32-x86_64\bin\jimage.dll
0x00007ff855530000 - 0x00007ff855772000 	C:\WINDOWS\SYSTEM32\DBGHELP.DLL
0x00007ff858f80000 - 0x00007ff859303000 	C:\WINDOWS\System32\combase.dll
0x00007ff85a590000 - 0x00007ff85a669000 	C:\WINDOWS\System32\OLEAUT32.dll
0x00007ff830840000 - 0x00007ff83087b000 	C:\WINDOWS\SYSTEM32\dbgcore.DLL
0x00007ff8585e0000 - 0x00007ff858688000 	C:\WINDOWS\System32\bcryptPrimitives.dll
0x00007ff838740000 - 0x00007ff83874f000 	c:\Users\kumar\.vscode\extensions\redhat.java-1.55.0-win32-x64\jre\21.0.11-win32-x86_64\bin\instrument.dll
0x00007ff8355f0000 - 0x00007ff835610000 	c:\Users\kumar\.vscode\extensions\redhat.java-1.55.0-win32-x64\jre\21.0.11-win32-x86_64\bin\java.dll
0x00007ff8598c0000 - 0x00007ff85a044000 	C:\WINDOWS\System32\SHELL32.dll
0x00007ff855b40000 - 0x00007ff8563c0000 	C:\WINDOWS\SYSTEM32\windows.storage.dll
0x00007ff859600000 - 0x00007ff8596f6000 	C:\WINDOWS\System32\SHCORE.dll
0x00007ff859590000 - 0x00007ff8595f7000 	C:\WINDOWS\System32\shlwapi.dll
0x00007ff857ed0000 - 0x00007ff857ef9000 	C:\WINDOWS\SYSTEM32\profapi.dll
0x00007ff8354a0000 - 0x00007ff8354b8000 	c:\Users\kumar\.vscode\extensions\redhat.java-1.55.0-win32-x64\jre\21.0.11-win32-x86_64\bin\zip.dll
0x00007ff838710000 - 0x00007ff838720000 	C:\Users\kumar\.vscode\extensions\redhat.java-1.55.0-win32-x64\jre\21.0.11-win32-x86_64\bin\net.dll
0x00007ff84e580000 - 0x00007ff84e6a9000 	C:\WINDOWS\SYSTEM32\WINHTTP.dll
0x00007ff8572b0000 - 0x00007ff85731c000 	C:\WINDOWS\system32\mswsock.dll
0x00007ff835550000 - 0x00007ff835566000 	C:\Users\kumar\.vscode\extensions\redhat.java-1.55.0-win32-x64\jre\21.0.11-win32-x86_64\bin\nio.dll
0x00007ff8372c0000 - 0x00007ff8372d0000 	c:\Users\kumar\.vscode\extensions\redhat.java-1.55.0-win32-x64\jre\21.0.11-win32-x86_64\bin\verify.dll
0x00007ff8338d0000 - 0x00007ff833915000 	C:\Users\kumar\AppData\Roaming\Code\User\globalStorage\redhat.java\1.55.0\config_win\org.eclipse.equinox.launcher\org.eclipse.equinox.launcher.win32.win32.x86_64_1.3.100.v20260613-0559\eclipse_11924.dll
0x00007ff85aaa0000 - 0x00007ff85ac38000 	C:\WINDOWS\System32\ole32.dll
0x00007ff857590000 - 0x00007ff8575ab000 	C:\WINDOWS\SYSTEM32\CRYPTSP.dll
0x00007ff856ca0000 - 0x00007ff856cd9000 	C:\WINDOWS\system32\rsaenh.dll
0x00007ff857360000 - 0x00007ff857393000 	C:\WINDOWS\SYSTEM32\USERENV.dll
0x00007ff857ea0000 - 0x00007ff857eca000 	C:\WINDOWS\SYSTEM32\bcrypt.dll
0x00007ff8575b0000 - 0x00007ff8575bc000 	C:\WINDOWS\SYSTEM32\CRYPTBASE.dll
0x00007ff8566f0000 - 0x00007ff856723000 	C:\WINDOWS\SYSTEM32\IPHLPAPI.DLL
0x00007ff858cf0000 - 0x00007ff858cfa000 	C:\WINDOWS\System32\NSI.dll
0x00007ff82dcd0000 - 0x00007ff82dd19000 	C:\Users\kumar\AppData\Local\Temp\jna-102410164\jna10266645757146138811.dll
0x00007ff859700000 - 0x00007ff859708000 	C:\WINDOWS\System32\PSAPI.DLL
0x00007ff851480000 - 0x00007ff85149d000 	C:\WINDOWS\SYSTEM32\dhcpcsvc6.DLL
0x00007ff851450000 - 0x00007ff851475000 	C:\WINDOWS\SYSTEM32\dhcpcsvc.DLL

JVMTI agents:
c:\Users\kumar\.vscode\extensions\redhat.java-1.55.0-win32-x64\lombok\lombok-1.18.39-4050.jar path:c:\Users\kumar\.vscode\extensions\redhat.java-1.55.0-win32-x64\jre\21.0.11-win32-x86_64\bin\instrument.dll, loaded, initialized, instrumentlib options:none

dbghelp: loaded successfully - version: 4.0.5 - missing functions: none
symbol engine: initialized successfully - sym options: 0x614 - pdb path: .;c:\Users\kumar\.vscode\extensions\redhat.java-1.55.0-win32-x64\jre\21.0.11-win32-x86_64\bin;C:\WINDOWS\SYSTEM32;C:\WINDOWS\WinSxS\amd64_microsoft.windows.common-controls_6595b64144ccf1df_6.0.26100.8521_none_3e08b75ce33403b3;c:\Users\kumar\.vscode\extensions\redhat.java-1.55.0-win32-x64\jre\21.0.11-win32-x86_64\bin\server;C:\Users\kumar\AppData\Roaming\Code\User\globalStorage\redhat.java\1.55.0\config_win\org.eclipse.equinox.launcher\org.eclipse.equinox.launcher.win32.win32.x86_64_1.3.100.v20260613-0559;C:\Users\kumar\AppData\Local\Temp\jna-102410164

VM Arguments:
jvm_args: --add-modules=ALL-SYSTEM --add-opens=java.base/java.util=ALL-UNNAMED --add-opens=java.base/java.lang=ALL-UNNAMED --add-opens=java.base/sun.nio.fs=ALL-UNNAMED -Declipse.application=org.eclipse.jdt.ls.core.id1 -Dosgi.bundles.defaultStartLevel=4 -Declipse.product=org.eclipse.jdt.ls.core.product -Djava.import.generatesMetadataFilesAtProjectRoot=false -DDetectVMInstallationsJob.disabled=true -Dfile.encoding=utf8 -XX:+UseParallelGC -XX:GCTimeRatio=4 -XX:AdaptiveSizePolicyWeight=90 -Dsun.zip.disableMemoryMapping=true -Xmx2G -Xms100m -Xlog:disable -javaagent:c:\Users\kumar\.vscode\extensions\redhat.java-1.55.0-win32-x64\lombok\lombok-1.18.39-4050.jar -XX:+HeapDumpOnOutOfMemoryError -XX:HeapDumpPath=c:\Users\kumar\AppData\Roaming\Code\User\workspaceStorage\34eab81abe4cf9b9b14716ff9f35c11f\redhat.java -Daether.dependencyCollector.impl=bf 
java_command: c:\Users\kumar\.vscode\extensions\redhat.java-1.55.0-win32-x64\server\plugins\org.eclipse.equinox.launcher_1.7.200.v20260619-2039.jar -configuration c:\Users\kumar\AppData\Roaming\Code\User\globalStorage\redhat.java\1.55.0\config_win -data c:\Users\kumar\AppData\Roaming\Code\User\workspaceStorage\34eab81abe4cf9b9b14716ff9f35c11f\redhat.java\jdt_ws --pipe=\\.\pipe\lsp-e0e0f1ab7eaa8be8e13a7e01e885d662-sock
java_class_path (initial): c:\Users\kumar\.vscode\extensions\redhat.java-1.55.0-win32-x64\server\plugins\org.eclipse.equinox.launcher_1.7.200.v20260619-2039.jar
Launcher Type: SUN_STANDARD

[Global flags]
    uintx AdaptiveSizePolicyWeight                 = 90                                        {product} {command line}
     intx CICompilerCount                          = 12                                        {product} {ergonomic}
    uintx GCTimeRatio                              = 4                                         {product} {command line}
     bool HeapDumpOnOutOfMemoryError               = true                                   {manageable} {command line}
    ccstr HeapDumpPath                             = c:\Users\kumar\AppData\Roaming\Code\User\workspaceStorage\34eab81abe4cf9b9b14716ff9f35c11f\redhat.java         {manageable} {command line}
   size_t InitialHeapSize                          = 104857600                                 {product} {command line}
   size_t MaxHeapSize                              = 2147483648                                {product} {command line}
   size_t MaxNewSize                               = 715653120                                 {product} {ergonomic}
   size_t MinHeapDeltaBytes                        = 524288                                    {product} {ergonomic}
   size_t MinHeapSize                              = 104857600                                 {product} {command line}
   size_t NewSize                                  = 34603008                                  {product} {ergonomic}
    uintx NonNMethodCodeHeapSize                   = 7602480                                {pd product} {ergonomic}
    uintx NonProfiledCodeHeapSize                  = 122027880                              {pd product} {ergonomic}
   size_t OldSize                                  = 70254592                                  {product} {ergonomic}
    uintx ProfiledCodeHeapSize                     = 122027880                              {pd product} {ergonomic}
    uintx ReservedCodeCacheSize                    = 251658240                              {pd product} {ergonomic}
     bool SegmentedCodeCache                       = true                                      {product} {ergonomic}
   size_t SoftMaxHeapSize                          = 2147483648                             {manageable} {ergonomic}
     bool UseCompressedOops                        = true                           {product lp64_product} {ergonomic}
     bool UseLargePagesIndividualAllocation        = false                                  {pd product} {ergonomic}
     bool UseParallelGC                            = true                                      {product} {command line}

Logging:
Log output configuration:
 #0: stdout all=off uptime,level,tags foldmultilines=false
 #1: stderr all=off uptime,level,tags foldmultilines=false

Release file:
JAVA_VERSION="21.0.11" 
MODULES="java.base java.compiler java.datatransfer java.xml java.prefs java.desktop java.instrument java.logging java.management java.security.sasl java.naming java.rmi java.management.rmi java.net.http java.scripting java.security.jgss java.transaction.xa java.sql java.sql.rowset java.xml.crypto java.se java.smartcardio jdk.accessibility jdk.internal.jvmstat jdk.attach jdk.charsets jdk.internal.opt jdk.zipfs jdk.compiler jdk.crypto.ec jdk.crypto.cryptoki jdk.crypto.mscapi jdk.dynalink jdk.internal.ed jdk.editpad jdk.hotspot.agent jdk.httpserver jdk.internal.le jdk.internal.vm.ci jdk.internal.vm.compiler jdk.internal.vm.compiler.management jdk.jartool jdk.javadoc jdk.jcmd jdk.management jdk.management.agent jdk.jconsole jdk.jdeps jdk.jdwp.agent jdk.jdi jdk.jfr jdk.jshell jdk.jsobject jdk.jstatd jdk.localedata jdk.management.jfr jdk.naming.dns jdk.naming.rmi jdk.net jdk.nio.mapmode jdk.random jdk.sctp jdk.security.auth jdk.security.jgss jdk.unsupported jdk.unsupported.desktop jdk.xml.dom" 

Environment Variables:
PATH=C:\Program Files\Common Files\Oracle\Java\javapath;C:\windows\system32;C:\windows;C:\windows\System32\Wbem;C:\windows\System32\WindowsPowerShell\v1.0\;C:\windows\System32\OpenSSH\;C:\WINDOWS\system32;C:\WINDOWS;C:\WINDOWS\System32\Wbem;C:\WINDOWS\System32\WindowsPowerShell\v1.0\;C:\WINDOWS\System32\OpenSSH\;C:\Program Files\Git\cmd;C:\Program Files\nodejs\;C:\Program Files\Java\jdk-25.0.2\bin;C:\Program Files\Apache\Maven\apache-maven-3.9.16\bin;C:\Users\kumar\AppData\Local\Programs\Python\Python311\Scripts\;C:\Users\kumar\AppData\Local\Programs\Python\Python311\;C:\Users\kumar\AppData\Local\Microsoft\WindowsApps;C:\Users\kumar\AppData\Local\Programs\Microsoft VS Code\bin;C:\msys64\ucrt64\bin;C:\msys64;C:\Users\kumar\AppData\Roaming\npm
USERNAME=kumar
OS=Windows_NT
PROCESSOR_IDENTIFIER=Intel64 Family 6 Model 186 Stepping 2, GenuineIntel
TMP=C:\Users\kumar\AppData\Local\Temp
TEMP=C:\Users\kumar\AppData\Local\Temp




Periodic native trim disabled

---------------  S Y S T E M  ---------------

OS:
 Windows 11 , 64 bit Build 26100 (10.0.26100.8521)
OS uptime: 1 days 14:03 hours
Hyper-V role detected

CPU: total 16 (initial active 16) (8 cores per cpu, 2 threads per core) family 6 model 186 stepping 2 microcode 0x4121, cx8, cmov, fxsr, ht, mmx, 3dnowpref, sse, sse2, sse3, ssse3, sse4.1, sse4.2, popcnt, lzcnt, tsc, tscinvbit, avx, avx2, aes, erms, clmul, bmi1, bmi2, adx, sha, fma, vzeroupper, clflush, clflushopt, clwb, hv, serialize, rdtscp, rdpid, fsrm, f16c, cet_ibt, cet_ss
Processor Information for processor 0
  Max Mhz: 1900, Current Mhz: 1504, Mhz Limit: 1900
Processor Information for processor 1
  Max Mhz: 1900, Current Mhz: 1504, Mhz Limit: 1900
Processor Information for processor 2
  Max Mhz: 1900, Current Mhz: 1504, Mhz Limit: 1900
Processor Information for processor 3
  Max Mhz: 1900, Current Mhz: 1900, Mhz Limit: 1900
Processor Information for processor 4
  Max Mhz: 1900, Current Mhz: 1900, Mhz Limit: 1900
Processor Information for processor 5
  Max Mhz: 1900, Current Mhz: 1900, Mhz Limit: 1900
Processor Information for processor 6
  Max Mhz: 1900, Current Mhz: 1504, Mhz Limit: 1900
Processor Information for processor 7
  Max Mhz: 1900, Current Mhz: 1504, Mhz Limit: 1900
Processor Information for processor 8
  Max Mhz: 1900, Current Mhz: 1400, Mhz Limit: 1387
Processor Information for processor 9
  Max Mhz: 1900, Current Mhz: 1400, Mhz Limit: 1387
Processor Information for processor 10
  Max Mhz: 1900, Current Mhz: 1400, Mhz Limit: 1387
Processor Information for processor 11
  Max Mhz: 1900, Current Mhz: 1400, Mhz Limit: 1387
Processor Information for processor 12
  Max Mhz: 1900, Current Mhz: 1400, Mhz Limit: 1387
Processor Information for processor 13
  Max Mhz: 1900, Current Mhz: 1400, Mhz Limit: 1387
Processor Information for processor 14
  Max Mhz: 1900, Current Mhz: 1400, Mhz Limit: 1387
Processor Information for processor 15
  Max Mhz: 1900, Current Mhz: 1400, Mhz Limit: 1387

Memory: 4k page, system-wide physical 16095M (3657M free)
TotalPageFile size 16095M (AvailPageFile size 8M)
current process WorkingSet (physical memory assigned to process): 263M, peak: 266M
current process commit charge ("private bytes"): 402M, peak: 405M

vm_info: OpenJDK 64-Bit Server VM (21.0.11+10-LTS) for windows-amd64 JRE (21.0.11+10-LTS), built on 2026-04-21T00:00:00Z by "admin" with MS VC++ 17.12 (VS2022)

END.
