#
# There is insufficient memory for the Java Runtime Environment to continue.
# Native memory allocation (mmap) failed to map 264241152 bytes. Error detail: G1 virtual space
# Possible reasons:
#   The system is out of physical RAM or swap space
#   This process is running with CompressedOops enabled, and the Java Heap may be blocking the growth of the native heap
# Possible solutions:
#   Reduce memory load on the system
#   Increase physical memory or swap space
#   Check if swap backing store is full
#   Decrease Java heap size (-Xmx/-Xms)
#   Decrease number of Java threads
#   Decrease Java thread stack sizes (-Xss)
#   Set larger code cache with -XX:ReservedCodeCacheSize=
#   JVM is running with Zero Based Compressed Oops mode in which the Java heap is
#     placed in the first 32GB address space. The Java Heap base address is the
#     maximum limit for the native heap growth. Please use -XX:HeapBaseMinAddress
#     to set the Java Heap base and to place the Java Heap above 32GB virtual address.
# This output file may be truncated or incomplete.
#
#  Out of Memory Error (os_windows.cpp:3554), pid=11252, tid=24800
#
# JRE version:  (25.0.2+10) (build )
# Java VM: Java HotSpot(TM) 64-Bit Server VM (25.0.2+10-LTS-69, mixed mode, sharing, tiered, compressed oops, compressed class ptrs, g1 gc, windows-amd64)
# No core dump will be written. Minidumps are not enabled by default on client versions of Windows
#

---------------  S U M M A R Y ------------

Command Line: -XX:+ShowCodeDetailsInExceptionMessages demo2

Host: 13th Gen Intel(R) Core(TM) i5-1340P, 16 cores, 15G,  Windows 11 , 64 bit Build 26100 (10.0.26100.8521)
Time: Tue Jul  7 18:20:25 2026 India Standard Time elapsed time: 1.228101 seconds (0d 0h 0m 1s)

---------------  T H R E A D  ---------------

Current thread (0x000001c4e9de6ab0):  JavaThread "Unknown thread" [_thread_in_vm, id=24800, stack(0x000000ac7c600000,0x000000ac7c700000) (1024K)]

Stack: [0x000000ac7c600000,0x000000ac7c700000]
Native frames: (J=compiled Java code, j=interpreted, Vv=VM code, C=native code)
V  [jvm.dll+0x7a70f9]  (no source info available)
V  [jvm.dll+0x772d6d]  (no source info available)
V  [jvm.dll+0x965d53]  (no source info available)
V  [jvm.dll+0x968351]  (no source info available)
V  [jvm.dll+0x968a63]  (no source info available)
V  [jvm.dll+0x2fc846]  (no source info available)
V  [jvm.dll+0x7a3325]  (no source info available)
V  [jvm.dll+0x796737]  (no source info available)
V  [jvm.dll+0x3f4988]  (no source info available)
V  [jvm.dll+0x3fc8d6]  (no source info available)
V  [jvm.dll+0x3e8f7e]  (no source info available)
V  [jvm.dll+0x3e9238]  (no source info available)
V  [jvm.dll+0x3c0145]  (no source info available)
V  [jvm.dll+0x3c0dce]  (no source info available)
V  [jvm.dll+0x92cdf7]  (no source info available)
V  [jvm.dll+0x458f02]  (no source info available)
V  [jvm.dll+0x9107a2]  (no source info available)
V  [jvm.dll+0x4f9331]  (no source info available)
V  [jvm.dll+0x4fabc1]  (no source info available)
C  [jli.dll+0x543e]  (no source info available)
C  [ucrtbase.dll+0x2cd30]  (no source info available)
C  [KERNEL32.DLL+0x2e957]  (no source info available)
C  [ntdll.dll+0x87c1c]  (no source info available)

Lock stack of current Java thread (top to bottom):


---------------  P R O C E S S  ---------------

Threads class SMR info:
_java_thread_list=0x00007ffa09b35388, length=0, elements={
}

Java Threads: ( => current thread )
Total: 0

Other Threads:
  0x000001c4ec328830 WorkerThread "GC Thread#0"                     [id=11288, stack(0x000000ac7c700000,0x000000ac7c800000) (1024K)]
  0x000001c4ec33d6d0 ConcurrentGCThread "G1 Main Marker"            [id=15084, stack(0x000000ac7c800000,0x000000ac7c900000) (1024K)]
  0x000001c4fa2b2ed0 WorkerThread "G1 Conc#0"                       [id=25124, stack(0x000000ac7c900000,0x000000ac7ca00000) (1024K)]

[error occurred during error reporting (printing all threads), id 0xc0000005, EXCEPTION_ACCESS_VIOLATION (0xc0000005) at pc=0x00007ffa09214f1a]
VM state: not at safepoint (not fully initialized)

VM Mutex/Monitor currently owned by a thread:  ([mutex/lock_event])
[0x00007ffa09bb9768] Heap_lock - owner thread: 0x000001c4e9de6ab0

Heap address: 0x0000000704800000, size: 4024 MB, Compressed Oops mode: Zero based, Oop shift amount: 3

CDS archive(s) mapped at: [0x0000000000000000-0x0000000000000000-0x0000000000000000), size 0, SharedBaseAddress: 0x0000000800000000, ArchiveRelocationMode: 1.
UseCompressedClassPointers 1, UseCompactObjectHeaders 0
Narrow klass pointer bits 32, Max shift 3
Narrow klass base: 0xffffffffffffffff, Narrow klass shift: -1
Encoding Range: [0xffffffffffffffff - 0x000000007fffffff), (2147483648 bytes)
Klass Range:    [0x0000000000000000 - 0x0000000000000000), (0 bytes)
Klass ID Range:  [4294967295 - 0) (1)
No protection zone.

GC Precious Log:
 CardTable entry size: 512
 Card Set container configuration: InlinePtr #cards 4 size 8 Array Of Cards #cards 16 size 48 Howl #buckets 8 coarsen threshold 3686 Howl Bitmap #cards 512 size 80 coarsen threshold 460 Card regions per heap region 1 cards per card region 4096

Heap:
 garbage-first heap   total reserved 4120576K, committed 0K, used 0K [0x0000000704800000, 0x0000000800000000)
  region size 2048K, 0 young (0K), 0 survivors (0K)

Heap Regions: E=young(eden), S=young(survivor), O=old, HS=humongous(starts), HC=humongous(continues), CS=collection set, F=free, TAMS=top-at-mark-start, PB=parsable bottom

Card table byte_map: [0x000001c4f5bb0000,0x000001c4f6390000] _byte_map_base: 0x000001c4f238c000

Marking Bits: (CMBitMap*) 0x000001c4ec328fc0
 Bits: [0x000001c4f6390000, 0x000001c4fa270000)

GC Heap Usage History (0 events):
No events

Metaspace Usage History (0 events):
No events

Dll operation events (1 events):
Event: 0.007 Loaded shared library C:\Program Files\Java\jdk-25.0.2\bin\java.dll

Deoptimization events (0 events):
No events

Classes loaded (0 events):
No events

Classes unloaded (0 events):
No events

Classes redefined (0 events):
No events

Internal exceptions (0 events):
No events

VM Operations (0 events):
No events

Memory protections (0 events):
No events

Nmethod flushes (0 events):
No events

Events (0 events):
No events


Dynamic libraries:
0x00007ff7a4510000 - 0x00007ff7a4520000 	C:\Program Files\Java\jdk-25.0.2\bin\java.exe
0x00007ffac49a0000 - 0x00007ffac4c06000 	C:\WINDOWS\SYSTEM32\ntdll.dll
0x00007ffac3690000 - 0x00007ffac3759000 	C:\WINDOWS\System32\KERNEL32.DLL
0x00007ffac1c30000 - 0x00007ffac202a000 	C:\WINDOWS\System32\KERNELBASE.dll
0x00007ffac23e0000 - 0x00007ffac252c000 	C:\WINDOWS\System32\ucrtbase.dll
0x00007ffa94360000 - 0x00007ffa94377000 	C:\Program Files\Java\jdk-25.0.2\bin\jli.dll
0x00007ffa93140000 - 0x00007ffa9315e000 	C:\Program Files\Java\jdk-25.0.2\bin\VCRUNTIME140.dll
0x00007ffac3900000 - 0x00007ffac3ac7000 	C:\WINDOWS\System32\USER32.dll
0x00007ffac20c0000 - 0x00007ffac20e7000 	C:\WINDOWS\System32\win32u.dll
0x00007ffac4000000 - 0x00007ffac402b000 	C:\WINDOWS\System32\GDI32.dll
0x00007ffa9ec00000 - 0x00007ffa9ee92000 	C:\WINDOWS\WinSxS\amd64_microsoft.windows.common-controls_6595b64144ccf1df_6.0.26100.8521_none_3e08b75ce33403b3\COMCTL32.dll
0x00007ffac25e0000 - 0x00007ffac270b000 	C:\WINDOWS\System32\gdi32full.dll
0x00007ffac3540000 - 0x00007ffac35e9000 	C:\WINDOWS\System32\msvcrt.dll
0x00007ffac2530000 - 0x00007ffac25d3000 	C:\WINDOWS\System32\msvcp_win.dll
0x00007ffac4860000 - 0x00007ffac4892000 	C:\WINDOWS\System32\IMM32.DLL
0x00007ffabb7c0000 - 0x00007ffabb7cc000 	C:\Program Files\Java\jdk-25.0.2\bin\vcruntime140_1.dll
0x00007ffa4b850000 - 0x00007ffa4b8dd000 	C:\Program Files\Java\jdk-25.0.2\bin\msvcp140.dll
0x00007ffa08e40000 - 0x00007ffa09c9f000 	C:\Program Files\Java\jdk-25.0.2\bin\server\jvm.dll
0x00007ffac40b0000 - 0x00007ffac4166000 	C:\WINDOWS\System32\ADVAPI32.dll
0x00007ffac32b0000 - 0x00007ffac335a000 	C:\WINDOWS\System32\sechost.dll
0x00007ffac3190000 - 0x00007ffac32a8000 	C:\WINDOWS\System32\RPCRT4.dll
0x00007ffac48d0000 - 0x00007ffac4950000 	C:\WINDOWS\System32\WS2_32.dll
0x00007ffac1a90000 - 0x00007ffac1aee000 	C:\WINDOWS\SYSTEM32\POWRPROF.dll
0x00007ffab8d50000 - 0x00007ffab8d86000 	C:\WINDOWS\SYSTEM32\WINMM.dll
0x00007ffaaf390000 - 0x00007ffaaf39b000 	C:\WINDOWS\SYSTEM32\VERSION.dll
0x00007ffac1a70000 - 0x00007ffac1a84000 	C:\WINDOWS\SYSTEM32\UMPDC.dll
0x00007ffac09c0000 - 0x00007ffac09db000 	C:\WINDOWS\SYSTEM32\kernel.appcore.dll
0x00007ffaba550000 - 0x00007ffaba55a000 	C:\Program Files\Java\jdk-25.0.2\bin\jimage.dll
0x00007ffabf190000 - 0x00007ffabf3d2000 	C:\WINDOWS\SYSTEM32\DBGHELP.DLL
0x00007ffac3bb0000 - 0x00007ffac3f33000 	C:\WINDOWS\System32\combase.dll
0x00007ffac3ad0000 - 0x00007ffac3ba9000 	C:\WINDOWS\System32\OLEAUT32.dll
0x00007ffa9dc90000 - 0x00007ffa9dccb000 	C:\WINDOWS\SYSTEM32\dbgcore.DLL
0x00007ffac20f0000 - 0x00007ffac2198000 	C:\WINDOWS\System32\bcryptPrimitives.dll
0x00007ffa8cc70000 - 0x00007ffa8cc8f000 	C:\Program Files\Java\jdk-25.0.2\bin\java.dll
0x00007ffac3760000 - 0x00007ffac38f8000 	C:\WINDOWS\System32\ole32.dll
0x00007ffac28a0000 - 0x00007ffac3024000 	C:\WINDOWS\System32\SHELL32.dll

JVMTI agents: none

dbghelp: loaded successfully - version: 4.0.5 - missing functions: none
symbol engine: initialized successfully - sym options: 0x614 - pdb path: .;C:\Program Files\Java\jdk-25.0.2\bin;C:\WINDOWS\SYSTEM32;C:\WINDOWS\WinSxS\amd64_microsoft.windows.common-controls_6595b64144ccf1df_6.0.26100.8521_none_3e08b75ce33403b3;C:\Program Files\Java\jdk-25.0.2\bin\server

VM Arguments:
jvm_args: -XX:+ShowCodeDetailsInExceptionMessages 
java_command: demo2
java_class_path (initial): C:\Users\kumar\AppData\Roaming\Code\User\workspaceStorage\34eab81abe4cf9b9b14716ff9f35c11f\redhat.java\jdt_ws\java_75dd88dc\bin
Launcher Type: SUN_STANDARD

[Global flags]
     intx CICompilerCount                          = 12                                        {product} {ergonomic}
     uint ConcGCThreads                            = 3                                         {product} {ergonomic}
     uint G1ConcRefinementThreads                  = 13                                        {product} {ergonomic}
   size_t G1HeapRegionSize                         = 2097152                                   {product} {ergonomic}
   size_t InitialHeapSize                          = 264241152                                 {product} {ergonomic}
   size_t MarkStackSize                            = 4194304                                   {product} {ergonomic}
   size_t MarkStackSizeMax                         = 536870912                                 {product} {ergonomic}
   size_t MaxHeapSize                              = 4219469824                                {product} {ergonomic}
   size_t MinHeapDeltaBytes                        = 2097152                                   {product} {ergonomic}
   size_t MinHeapSize                              = 8388608                                   {product} {ergonomic}
    uintx NonNMethodCodeHeapSize                   = 7602176                                {pd product} {ergonomic}
    uintx NonProfiledCodeHeapSize                  = 122093568                              {pd product} {ergonomic}
    uintx ProfiledCodeHeapSize                     = 121962496                              {pd product} {ergonomic}
    uintx ReservedCodeCacheSize                    = 251658240                              {pd product} {ergonomic}
     bool SegmentedCodeCache                       = true                                      {product} {ergonomic}
     bool ShowCodeDetailsInExceptionMessages       = true                                   {manageable} {command line}
   size_t SoftMaxHeapSize                          = 4219469824                             {manageable} {ergonomic}
     bool UseCompressedOops                        = true                           {product lp64_product} {ergonomic}
     bool UseG1GC                                  = true                                      {product} {ergonomic}
     bool UseLargePagesIndividualAllocation        = false                                  {pd product} {ergonomic}

Logging:
Log output configuration:
 #0: stdout all=warning uptime,level,tags foldmultilines=false
 #1: stderr all=off uptime,level,tags foldmultilines=false

Release file:
<release file has not been read>
Environment Variables:
PATH=C:\Program Files\Common Files\Oracle\Java\javapath;C:\windows\system32;C:\windows;C:\windows\System32\Wbem;C:\windows\System32\WindowsPowerShell\v1.0\;C:\windows\System32\OpenSSH\;C:\WINDOWS\system32;C:\WINDOWS;C:\WINDOWS\System32\Wbem;C:\WINDOWS\System32\WindowsPowerShell\v1.0\;C:\WINDOWS\System32\OpenSSH\;C:\Program Files\Git\cmd;C:\Program Files\nodejs\;C:\Program Files\Java\jdk-25.0.2\bin;C:\Program Files\Apache\Maven\apache-maven-3.9.16\bin;C:\Users\kumar\AppData\Local\Programs\Python\Python311\Scripts\;C:\Users\kumar\AppData\Local\Programs\Python\Python311\;C:\Users\kumar\AppData\Local\Microsoft\WindowsApps;C:\Users\kumar\AppData\Local\Programs\Microsoft VS Code\bin;C:\msys64\ucrt64\bin;C:\msys64;C:\Users\kumar\AppData\Roaming\npm;c:\Users\kumar\.vscode\extensions\vscjava.vscode-java-debug-0.59.0\bundled\scripts\noConfigScripts;c:\Users\kumar\.vscode\extensions\ms-python.debugpy-2025.18.0\bundled\scripts\noConfigScripts
USERNAME=kumar
LANG=en_US.UTF-8
OS=Windows_NT
PROCESSOR_IDENTIFIER=Intel64 Family 6 Model 186 Stepping 2, GenuineIntel
TMP=C:\Users\kumar\AppData\Local\Temp
TEMP=C:\Users\kumar\AppData\Local\Temp




Compilation memory statistics disabled.

Periodic native trim disabled

---------------  S Y S T E M  ---------------

OS:
 Windows 11 , 64 bit Build 26100 (10.0.26100.8521)
OS uptime: 0 days 20:46 hours
Hyper-V role detected

CPU: total 16 (initial active 16) (8 cores per cpu, 2 threads per core) family 6 model 186 stepping 2 microcode 0x4121, cx8, cmov, fxsr, ht, mmx, 3dnowpref, sse, sse2, sse3, ssse3, sse4.1, sse4.2, popcnt, lzcnt, tsc, tscinvbit, avx, avx2, aes, erms, clmul, bmi1, bmi2, adx, sha, fma, vzeroupper, clflush, clflushopt, clwb, hv, serialize, rdtscp, rdpid, fsrm, gfni, f16c, cet_ibt, cet_ss
Processor Information for processor 0
  Max Mhz: 1900, Current Mhz: 1900, Mhz Limit: 1900
Processor Information for processor 1
  Max Mhz: 1900, Current Mhz: 1900, Mhz Limit: 1900
Processor Information for processor 2
  Max Mhz: 1900, Current Mhz: 1900, Mhz Limit: 1900
Processor Information for processor 3
  Max Mhz: 1900, Current Mhz: 1900, Mhz Limit: 1900
Processor Information for processor 4
  Max Mhz: 1900, Current Mhz: 1900, Mhz Limit: 1900
Processor Information for processor 5
  Max Mhz: 1900, Current Mhz: 1900, Mhz Limit: 1900
Processor Information for processor 6
  Max Mhz: 1900, Current Mhz: 1900, Mhz Limit: 1900
Processor Information for processor 7
  Max Mhz: 1900, Current Mhz: 1900, Mhz Limit: 1900
Processor Information for processor 8
  Max Mhz: 1900, Current Mhz: 1400, Mhz Limit: 1387
Processor Information for processor 9
  Max Mhz: 1900, Current Mhz: 1400, Mhz Limit: 1387
Processor Information for processor 10
  Max Mhz: 1900, Current Mhz: 1400, Mhz Limit: 1387
Processor Information for processor 11
  Max Mhz: 1900, Current Mhz: 1400, Mhz Limit: 1387
Processor Information for processor 12
  Max Mhz: 1900, Current Mhz: 1400, Mhz Limit: 1387
Processor Information for processor 13
  Max Mhz: 1900, Current Mhz: 1400, Mhz Limit: 1387
Processor Information for processor 14
  Max Mhz: 1900, Current Mhz: 1400, Mhz Limit: 1387
Processor Information for processor 15
  Max Mhz: 1900, Current Mhz: 1400, Mhz Limit: 1387

Memory: 4k page, system-wide physical 16095M (3610M free)
TotalPageFile size 16095M (AvailPageFile size 148M)
current process WorkingSet (physical memory assigned to process): 14M, peak: 14M
current process commit charge ("private bytes"): 71M, peak: 323M

vm_info: Java HotSpot(TM) 64-Bit Server VM (25.0.2+10-LTS-69) for windows-amd64 JRE (25.0.2+10-LTS-69), built on 2025-12-18T11:36:35Z with MS VC++ 17.13 (VS2022)

END.
